============================= test session starts ==============================
platform darwin -- Python 3.9.6, pytest-7.4.4, pluggy-1.6.0
rootdir: /Users/thedatafirst/Desktop/Repositorios/sky-poc-backend
configfile: pyproject.toml
plugins: Faker-22.0.0, anyio-4.12.1, asyncio-0.23.3, xdist-3.8.0, timeout-2.4.0, cov-4.1.0
asyncio: mode=auto
collected 354 items

src/tests/test_ai_feedback.py ....                                       [  1%]
src/tests/test_ai_worker_unit.py ...                                     [  1%]
src/tests/test_all_endpoints.py ........................................ [ 13%]
........................................................................ [ 33%]
......................................F

=================================== FAILURES ===================================
_____________ TestSSOEndpoints.test_sso_login_azure_not_configured _____________

self = <src.tests.test_all_endpoints.TestSSOEndpoints object at 0x10a7cea00>
async_client = <httpx.AsyncClient object at 0x10ba64e50>

    @pytest.mark.asyncio
    async def test_sso_login_azure_not_configured(self, async_client: AsyncClient):
        """Test GET /api/v1/auth/sso/azure/login - Azure not configured."""
        response = await async_client.get("/api/v1/auth/sso/azure/login", follow_redirects=False)
        # Should return 400 if not configured, or 302 redirect if configured
>       assert response.status_code in [400, 302]
E       assert 429 in [400, 302]
E        +  where 429 = <Response [429 Too Many Requests]>.status_code

src/tests/test_all_endpoints.py:2487: AssertionError
----------------------------- Captured stderr call -----------------------------
[2m2026-02-26T17:08:43.795970Z[0m [[32m[1minfo     [0m] [1m🚀 AUTH MIDDLEWARE START - Path: /api/v1/auth/sso/azure/login, Method: GET[0m [[0m[1m[34msrc.api.middleware.auth[0m][0m
[2m2026-02-26T17:08:43.801397Z[0m [[33m[1mwarning  [0m] [1mRate limit exceeded (minute): ip:127.0.0.1[0m [[0m[1m[34msrc.api.middleware.rate_limit[0m][0m
[2m2026-02-26T17:08:43.802319Z[0m [[32m[1minfo     [0m] [1mHTTP Request: GET http://test/api/v1/auth/sso/azure/login "HTTP/1.1 429 Too Many Requests"[0m [[0m[1m[34mhttpx[0m][0m
------------------------------ Captured log call -------------------------------
INFO     src.api.middleware.auth:auth.py:29 🚀 AUTH MIDDLEWARE START - Path: /api/v1/auth/sso/azure/login, Method: GET
WARNING  src.api.middleware.rate_limit:rate_limit.py:63 Rate limit exceeded (minute): ip:127.0.0.1
INFO     httpx:_client.py:1758 HTTP Request: GET http://test/api/v1/auth/sso/azure/login "HTTP/1.1 429 Too Many Requests"
=============================== warnings summary ===============================
src/schemas/workspace.py:35
  /Users/thedatafirst/Desktop/Repositorios/sky-poc-backend/src/schemas/workspace.py:35: PydanticDeprecatedSince20: Support for class-based `config` is deprecated, use ConfigDict instead. Deprecated in Pydantic V2.0 to be removed in V3.0. See Pydantic V2 Migration Guide at https://errors.pydantic.dev/2.12/migration/
    class WorkspaceResponse(WorkspaceBase):

src/schemas/workspace.py:61
  /Users/thedatafirst/Desktop/Repositorios/sky-poc-backend/src/schemas/workspace.py:61: PydanticDeprecatedSince20: Support for class-based `config` is deprecated, use ConfigDict instead. Deprecated in Pydantic V2.0 to be removed in V3.0. See Pydantic V2 Migration Guide at https://errors.pydantic.dev/2.12/migration/
    class WorkspaceMemberResponse(WorkspaceMemberBase):

src/tests/test_ai_feedback.py: 4 warnings
src/tests/test_all_endpoints.py: 151 warnings
  sys:1: SAWarning: Can't sort tables for DROP; an unresolvable foreign key dependency exists between tables: ai_queries, pipelines, widgets; and backend does not support ALTER.  To restore at least a partial sort, apply use_alter=True to ForeignKey and ForeignKeyConstraint objects involved in the cycle to mark these as known cycles that will be ignored.

-- Docs: https://docs.pytest.org/en/stable/how-to/capture-warnings.html

---------- coverage: platform darwin, python 3.9.6-final-0 -----------
Name                                               Stmts   Miss  Cover   Missing
--------------------------------------------------------------------------------
src/__init__.py                                        1      0   100%
src/ai/__init__.py                                     0      0   100%
src/ai/http_client.py                                148    116    22%   53-81, 102-115, 131-149, 163-177, 195-217, 242-277, 323, 361-400, 416-430
src/ai/mock.py                                        26      7    73%   23-24, 87-88, 99-103
src/ai/real_service.py                                53     40    25%   57-157, 175-179, 203-210, 228-277, 290
src/api/__init__.py                                    0      0   100%
src/api/deps.py                                      107     83    22%   63-121, 126-164, 167-170, 176-187, 197-198
src/api/middleware/__init__.py                         0      0   100%
src/api/middleware/auth.py                            95     45    53%   34, 70-71, 104-106, 116-127, 133-137, 146-147, 160-198
src/api/middleware/cors.py                             5      0   100%
src/api/middleware/error_handler.py                   88     79    10%   39-50, 64-177
src/api/middleware/idempotency.py                     53     41    23%   29-121
src/api/middleware/logging.py                         17     11    35%   23-68
src/api/middleware/rate_limit.py                      60     17    72%   27, 31, 35, 41, 47-48, 74-76, 85-99
src/api/v1/__init__.py                                 0      0   100%
src/api/v1/ai.py                                     324    204    37%   85-88, 123-136, 142-153, 181-294, 350-362, 403-415, 451-466, 499-511, 544-557, 590-602, 635-647, 673-691, 726-738, 769-779, 808, 896-945, 1058-1120
src/api/v1/auth.py                                   156     92    41%   72-73, 103-119, 143-145, 170-171, 194, 212-227, 257, 287, 317, 340, 365-367, 392-394, 421-425, 456-468, 500-502, 530-532, 563-582, 622, 635-671, 709-731
src/api/v1/comments.py                                17      4    76%   24-25, 35-36
src/api/v1/connections.py                            115     33    71%   40-42, 177-185, 331-332, 361, 388-389, 439-440, 489-496, 529-537, 576-591
src/api/v1/connectors.py                              21      2    90%   93-94
src/api/v1/crews.py                                   64      8    88%   174-175, 218-221, 314, 376-377
src/api/v1/dashboards.py                             295    207    30%   50, 216, 246, 309-313, 342-347, 391-484, 510-786, 810-881, 903-915
src/api/v1/datasets.py                                26     12    54%   50-59, 86-87
src/api/v1/files.py                                   39      1    97%   223
src/api/v1/notifications.py                           30     13    57%   26-27, 41-43, 53-59, 68-70
src/api/v1/permissions.py                             78     31    60%   92-97, 126-127, 154-156, 269-281, 312-313, 342-343, 372-374, 399-400, 429-430
src/api/v1/planets.py                                 79     17    78%   58, 60-64, 179, 266-268, 299-300, 336-337, 399-402, 433
src/api/v1/router.py                                  22      0   100%
src/api/v1/settings.py                                68      2    97%   295, 408
src/api/v1/spaces.py                                  92     24    74%   119-125, 162-168, 202-207, 296-298, 331-333, 424-426, 453-454, 474-475, 497-501, 520-521
src/api/v1/starred.py                                 18      1    94%   73
src/api/v1/templates.py                               39     11    72%   119-120, 149-150, 177-179, 204-205, 234-235
src/api/v1/users.py                                   56     10    82%   80-81, 108-109, 226, 257-259, 294-296, 327
src/api/v1/widgets.py                                 41      6    85%   80, 137, 166, 195, 224-225
src/api/v1/workspaces.py                              66     32    52%   53-63, 90-91, 118-119, 148-149, 176-178, 205-206, 235-236, 265-267, 298-299, 333-338, 367-368
src/config/__init__.py                                 4      0   100%
src/config/auth0.py                                   70     20    71%   108, 123, 133, 143-145, 150, 155, 160-162, 167-169, 174-176, 181-183
src/config/database.py                                62     40    35%   32-39, 80-89, 100-114, 119, 129-139, 152-217, 222-232
src/config/redis.py                                   67     47    30%   36-56, 71-135, 146-157, 163-165
src/config/settings.py                               161     32    80%   42, 74-80, 84, 90-120, 160-164, 322, 332-353
src/connectors/__init__.py                             0      0   100%
src/connectors/base.py                                11      0   100%
src/connectors/bigquery.py                            98     85    13%   17-26, 31-54, 65-73, 85-93, 115-217, 223-230, 238-239
src/connectors/mysql.py                               11     11     0%   3-31
src/connectors/postgresql.py                          39     39     0%   3-131
src/connectors/registry.py                            18      3    83%   23, 29, 67
src/core/__init__.py                                   4      0   100%
src/core/errors/handlers.py                           45      6    87%   30-31, 64-65, 98-99
src/core/exceptions.py                                26      1    96%   59
src/core/logging.py                                   20      1    95%   51
src/core/middleware/correlation.py                    22      0   100%
src/core/permissions.py                               19      7    63%   89-97
src/core/security.py                                  51     20    61%   39, 55, 109, 112-117, 135-151
src/main.py                                           88     49    44%   33-46, 93-124, 134-136, 147, 153, 162-165, 174-231, 237, 248-257
src/models/__init__.py                                16      0   100%
src/models/ai.py                                     114     14    88%   85, 136, 178, 195-202, 240, 270, 314
src/models/comment.py                                 20      1    95%   55
src/models/connection.py                              61     14    77%   77, 112, 130-137, 150-153
src/models/crew.py                                    44      3    93%   52, 88, 119
src/models/dashboard.py                               75      4    95%   72, 128, 170, 218
src/models/dashboard_build_job.py                     27      0   100%
src/models/dataset.py                                 16      1    94%   38
src/models/file.py                                    40      2    95%   58, 91
src/models/notification.py                            34      1    97%   65
src/models/permission.py                              79      5    94%   60, 115, 155, 191, 215
src/models/planet.py                                  38      2    95%   52, 95
src/models/space.py                                   59      4    93%   54, 85, 122, 163
src/models/starred.py                                 18      1    94%   46
src/models/template.py                                24      1    96%   46
src/models/user.py                                    56      2    96%   108, 144
src/models/workspace.py                               38      2    95%   53, 92
src/rate_limit/__init__.py                             0      0   100%
src/rate_limit/core.py                                79     13    84%   44, 46, 50, 77, 80, 94-95, 98, 144-145, 160-161, 205
src/repositories/__init__.py                           2      0   100%
src/repositories/ai.py                                34     20    41%   25-33, 39-46, 52-71, 77-94
src/repositories/base.py                              77     26    66%   64-66, 70, 76, 88-98, 122, 132, 155, 172-186, 198-199
src/repositories/connection.py                        32      5    84%   45, 50, 67, 78, 100
src/repositories/crew.py                              68     32    53%   31-38, 46-70, 86-90, 92-94, 109, 123, 148-150, 154, 163, 189, 205, 218-228, 237-246
src/repositories/dashboard.py                         34      6    82%   42, 62, 92, 119, 141-146
src/repositories/dataset.py                           15      5    67%   17, 32-37, 49-52
src/repositories/file.py                              16      3    81%   28-35
src/repositories/notification_repository.py           42     27    36%   22-26, 36-44, 48-52, 56-68, 72-79
src/repositories/permission.py                        55     29    47%   29-32, 47, 62, 78-93, 115-130, 142-145, 161-168, 187-188, 197-198
src/repositories/planet.py                            36     11    69%   61-74, 90-101, 105, 133, 150
src/repositories/settings.py                          21      4    81%   38, 68, 81-86
src/repositories/space.py                             52     17    67%   41, 56, 71, 92, 107-113, 130, 156, 173, 192-193, 214-225
src/repositories/starred.py                           28      2    93%   67, 89
src/repositories/template.py                          29      9    69%   40, 63, 76-81, 90-93
src/repositories/user.py                              28      9    68%   33, 45-50, 63, 75-78, 91-98, 118
src/repositories/workspace.py                         36     20    44%   18, 34-41, 54-76, 89-107, 114, 129-135, 147-152
src/schemas/__init__.py                                3      0   100%
src/schemas/ai.py                                    200      0   100%
src/schemas/comment.py                                16      0   100%
src/schemas/common.py                                 25      2    92%   40-41
src/schemas/connection.py                             79      0   100%
src/schemas/connector.py                              26      0   100%
src/schemas/crew.py                                   55      0   100%
src/schemas/dashboard.py                             102      0   100%
src/schemas/dashboard_ai.py                           99     18    82%   42-52, 86-98, 142-151
src/schemas/file.py                                   45      0   100%
src/schemas/notification.py                           25      0   100%
src/schemas/permission.py                             59      0   100%
src/schemas/planet.py                                 42      0   100%
src/schemas/settings.py                               62      0   100%
src/schemas/space.py                                  77      3    96%   34-37
src/schemas/template.py                               39      0   100%
src/schemas/user.py                                  114      0   100%
src/schemas/workspace.py                              43      0   100%
src/services/__init__.py                               0      0   100%
src/services/ai_service.py                           489    359    27%   83-96, 105-140, 156, 163-197, 220, 227-247, 278-284, 311-558, 569-589, 592-644, 668-805, 815-818, 829-844, 887-888, 891-892, 900, 910-913, 960-971, 977-979, 983, 999-1002, 1022-1025, 1040-1044, 1062-1069, 1089-1096, 1109-1132, 1148-1168, 1190-1221, 1244-1252, 1309, 1323, 1341, 1343-1344, 1349-1350, 1357-1360
src/services/auth0_service.py                        248    218    12%   45-60, 76-92, 108-138, 152-166, 196-248, 271-294, 303, 320-348, 364-435, 451-520, 536-610, 622-647
src/services/auth_service.py                         125    101    19%   74-75, 91-110, 131-171, 199-248, 266-275, 291-338, 351-358, 367-374, 389-393, 405-418, 444-452
src/services/cache_warming_service.py                107     85    21%   34-37, 42-48, 62-76, 94-228
src/services/comment_service.py                       27     13    52%   21-22, 26-55, 59-65
src/services/connection_service.py                   254    192    24%   71-92, 117, 119, 142-149, 170-171, 188-201, 222-243, 258-291, 309-348, 366-489, 507-526, 550-577, 595, 612-613, 631-637, 655-701, 721-743
src/services/connector_service.py                     43      6    86%   895-901
src/services/crew_service.py                         170    130    24%   56-59, 82-90, 109-125, 144-167, 186-217, 244-294, 314-341, 363-397, 413-426, 448-477, 494-520
src/services/dashboard_service.py                    182    111    39%   75-105, 122-127, 165-194, 208-214, 232-250, 266-270, 305-316, 330-334, 376-395, 412-415, 443-446, 466-475, 495-499, 503, 506, 535-596, 614, 639-648, 667-693
src/services/dataset_service.py                       44     31    30%   27-29, 43-84, 96
src/services/email_service.py                         46     21    54%   51-80
src/services/file_upload_service.py                  147     57    61%   60, 76, 111, 152-155, 211-214, 242-289, 340-343, 392-395, 421-429, 444-460
src/services/invite_service.py                       128    108    16%   30-31, 45-54, 79-108, 124-153, 181-214, 232-287, 309-361
src/services/notification_service.py                  29     13    55%   22, 26, 36, 48, 52, 56-61, 67, 71
src/services/onboarding_service.py                    17      1    94%   23
src/services/permission_service.py                   175    134    23%   70-78, 100-159, 179-193, 207-217, 274-297, 319-359, 379-415, 435-449, 463-473, 489-493, 514-537
src/services/planet_service.py                       136     97    29%   85-94, 128-142, 157-165, 183-207, 228-250, 265-284, 302-311, 333-359, 377-390
src/services/rbac_service.py                         101     68    33%   131-148, 165-170, 181-194, 197-212, 215-228, 234-258
src/services/settings_service.py                     104     35    66%   93, 97, 104, 117, 189, 212, 263-267, 290-297, 333-336, 357-371, 386-393
src/services/space_service.py                        265    215    19%   59-110, 128-135, 156-159, 180-191, 212-231, 249-256, 274-281, 301-323, 340-352, 370-379, 402-422, 437-454, 481-559, 567-594, 607-621, 627-677
src/services/starred_service.py                       32      8    75%   40, 46, 66, 70-76, 112
src/services/template_service.py                      74     43    42%   64, 87-90, 107-114, 134-147, 161-170, 182-183, 203-239
src/services/user_service.py                         171    124    27%   54, 76, 79-82, 100, 104-155, 177, 180-195, 198-224, 241-259, 275, 278, 281-285, 304, 307-310, 331, 334-346, 367, 370-417
src/services/workspace_service.py                    127    106    17%   32-34, 49-69, 86-96, 108-109, 129-144, 158-167, 184-209, 229-254, 269-288, 307-318, 339-365
src/tests/__init__.py                                  0      0   100%
src/tests/conftest.py                                 92     14    85%   68-79, 159, 165, 171, 178-179
src/tests/test_ai_feedback.py                         68      0   100%
src/tests/test_ai_worker_unit.py                     120      0   100%
src/tests/test_all_endpoints.py                     1458     93    94%   169-178, 969-970, 1207-1209, 1273-1275, 1455-1457, 2492-2494, 2499-2510, 2515-2516, 2521-2522, 2527-2528, 2533-2544, 2558-2564, 2569-2570, 2575-2578, 2583-2586, 2591-2597, 2602-2605, 2612-2631, 2638-2666, 2673-2692
src/tests/test_auth_endpoints.py                     171    112    35%   13-31, 36-47, 52-63, 68-76, 81-89, 94-99, 108-125, 130-136, 145-166, 171-178, 185-190, 197-212, 221-234, 239-241, 246-251, 260-271, 276-278, 289-298, 305-325, 334-341, 346-354, 359-364, 373-383, 392-399
src/tests/test_auth_middleware.py                    100     55    45%   13-14, 19-20, 25-26, 31-32, 37-38, 43-44, 50-55, 61-66, 71-75, 84-88, 93-97, 102-106, 111-117, 124-128, 136-140, 147-155, 166-174, 181-190, 195-196, 201-202
src/tests/test_auth_service.py                       138    108    22%   21-44, 48-53, 57-62, 73-99, 103-108, 112-137, 143-153, 162-178, 182-185, 196-254, 263-270, 274-280
src/tests/test_cache_and_workers.py                   44     34    23%   11-37, 41-51, 56-61, 65-73
src/tests/test_cache_warming_candidates.py            39     27    31%   17-126
src/tests/test_coverage_boost.py                     274    211    23%   37-50, 54-57, 66-73, 78-85, 92-96, 101-104, 108-112, 117-121, 128-132, 136-141, 148-149, 153-160, 171-178, 186-208, 216-224, 229-238, 246-265, 273-288, 295-302, 310-317, 322-337, 342-355, 360-373, 378-398, 405-409, 417-430, 438-451
src/tests/test_coverage_boost_v2.py                  120    101    16%   24-114, 117-127, 142-192, 195-206, 209-231
src/tests/test_error_handler_and_connectors.py       114     89    22%   23-33, 51-67, 72-81, 86-99, 104-123, 128-142, 147-177, 182-188, 192-197
src/tests/test_infographic_and_plan_bypass.py        244    205    16%   25-51, 57-70, 76-91, 97-110, 116-128, 134-146, 152-163, 176-177, 200-281, 287-308, 314-322, 328-335, 346-454, 465-587, 597-602, 607-610, 615-618, 627-631, 635-638
src/tests/test_invite_complete.py                     92     73    21%   19-82, 89-120, 126-136, 142-166, 173-188
src/tests/test_notification_api_comprehensive.py      99     77    22%   17, 27-46, 51-68, 73-95, 100-117, 127-189, 194-239
src/tests/test_notifications.py                       73     51    30%   17-25, 30-35, 40-45, 49-60, 64-81, 85-103, 107-121, 125-140, 144-150
src/tests/test_rate_limit_tenant_key.py               14      6    57%   7, 19, 31, 43, 55, 67
src/tests/test_security.py                           157    125    20%   24-29, 33-38, 42-45, 49-53, 57-60, 64-68, 76-85, 89-102, 106-119, 123-132, 136-143, 147-152, 156-161, 169-178, 182-195, 199-212, 216-223, 227-231, 239-249, 253-263, 267-281, 289-301
src/tests/test_settings_coverage.py                   63     51    19%   6-10, 15-17, 22-28, 33-40, 45-46, 51-55, 60-71, 76-86, 92-99, 104-108, 113-115
src/tests/test_user_preferences.py                    25     18    28%   15-35, 42-64
src/utils/__init__.py                                  0      0   100%
src/utils/cache.py                                    54     29    46%   27-28, 40-44, 54-55, 68-72, 85-88, 100, 106, 111, 116, 121, 126-128, 137-140
src/utils/encryption.py                                7      7     0%   3-36
src/workers/__init__.py                                0      0   100%
src/workers/ai_worker.py                             345    142    59%   27-33, 41-46, 90, 109, 168-170, 184-198, 207-209, 220-222, 232-234, 237-242, 267, 290-291, 325-327, 330-336, 339, 357-361, 374-383, 394-397, 424, 435, 446-482, 485-503, 508, 513, 518, 527, 572-594, 609, 615, 644-647, 654-691, 702-728, 755
src/workers/cache_warming_worker.py                   72     59    18%   27-32, 37-175
src/workers/celery_app.py                             54     15    72%   28-29, 42-51, 63-64, 130-132
src/workers/sync_worker.py                            69     62    10%   21-27, 41-143
--------------------------------------------------------------------------------
TOTAL                                              13016   5868    55%
Coverage HTML written to dir htmlcov

FAIL Required test coverage of 71% not reached. Total coverage: 54.92%
=========================== short test summary info ============================
FAILED src/tests/test_all_endpoints.py::TestSSOEndpoints::test_sso_login_azure_not_configured
!!!!!!!!!!!!!!!!!!!!!!!!!! stopping after 1 failures !!!!!!!!!!!!!!!!!!!!!!!!!!!
============ 1 failed, 157 passed, 157 warnings in 73.42s (0:01:13) ============
