============================= test session starts ==============================
platform darwin -- Python 3.9.6, pytest-7.4.4, pluggy-1.6.0 -- /Users/thedatafirst/Desktop/Repositorios/sky-poc-backend/venv/bin/python3
cachedir: .pytest_cache
rootdir: /Users/thedatafirst/Desktop/Repositorios/sky-poc-backend
configfile: pyproject.toml
plugins: Faker-22.0.0, anyio-4.12.1, asyncio-0.23.3, cov-4.1.0
asyncio: mode=auto
collecting ... collected 1 item

src/tests/test_notification_api_comprehensive.py::TestCommentAPI::test_create_comment_and_trigger_notification FAILED [100%]

=================================== FAILURES ===================================
_________ TestCommentAPI.test_create_comment_and_trigger_notification __________

self = <src.tests.test_notification_api_comprehensive.TestCommentAPI object at 0x10b470e20>
client = <starlette.testclient.TestClient object at 0x10b5442e0>
test_user_with_tokens = {'access_token': 'eyJhbGciOiJIUzI1NiIsInR5cCI6IkpXVCJ9.eyJzdWIiOiJhOGIzNTFjYy1hNjJiLTQ3MjItYTdlOC0zNjM1NGExMzg5NmEiLCJ...Jlc2giLCJqdGkiOiJkZjMwZTIyOS1mZjg0LTRjZGUtOWI2NC0yNTAwMTI5Y2NkYjQifQ.mHlw6J8ZYkgJL4Aoc8fXYQ6e2gyxk7LwtvZR_tTce7g', ...}
db_session = <sqlalchemy.ext.asyncio.session.AsyncSession object at 0x10b7456a0>

    async def test_create_comment_and_trigger_notification(self, client: TestClient, test_user_with_tokens: dict, db_session: AsyncSession):
        user = test_user_with_tokens["user"]
    
        # Setup: Planet and Dashboard
        planet = Planet(
            id=uuid4(), name="Test Planet", owner_id=user.id, type="team", color="#000000",
            created_at=datetime.now(timezone.utc), updated_at=datetime.now(timezone.utc)
        )
        db_session.add(planet)
        await db_session.commit()
    
        dashboard = Dashboard(
            id=uuid4(), name="Test Dash", created_by=user.id, planet_id=planet.id,
            created_at=datetime.now(timezone.utc), updated_at=datetime.now(timezone.utc)
        )
        db_session.add(dashboard)
        await db_session.commit()
    
        headers = get_auth_headers(test_user_with_tokens["access_token"])
        comment_data = {
            "dashboard_id": str(dashboard.id),
            "content": "Hello @test",
            "mentions": [str(user.id)]
        }
    
        response = client.post("/api/v1/comments/", json=comment_data, headers=headers)
        assert response.status_code == 201
    
        # Verify notification was created for the mention
        from sqlalchemy.future import select
        stmt = select(Notification).where(Notification.user_id == user.id, Notification.type == NotificationType.COMMENT_MENTION)
        result = await db_session.execute(stmt)
        notif = result.scalars().first()
>       assert notif is not None
E       assert None is not None

src/tests/test_notification_api_comprehensive.py:136: AssertionError
---------------------------- Captured stdout setup -----------------------------
{"asctime": "2026-01-15 13:06:27,515", "levelname": "INFO", "name": "src.main", "message": "Starting application..."}
2026-01-15 13:06:27,516 INFO sqlalchemy.engine.Engine BEGIN (implicit)
{"asctime": "2026-01-15 13:06:27,516", "levelname": "INFO", "name": "sqlalchemy.engine.Engine", "message": "BEGIN (implicit)"}
2026-01-15 13:06:27,516 INFO sqlalchemy.engine.Engine PRAGMA main.table_info("ai_queries")
{"asctime": "2026-01-15 13:06:27,516", "levelname": "INFO", "name": "sqlalchemy.engine.Engine", "message": "PRAGMA main.table_info(\"ai_queries\")"}
2026-01-15 13:06:27,516 INFO sqlalchemy.engine.Engine [raw sql] ()
{"asctime": "2026-01-15 13:06:27,516", "levelname": "INFO", "name": "sqlalchemy.engine.Engine", "message": "[raw sql] ()"}
2026-01-15 13:06:27,517 INFO sqlalchemy.engine.Engine PRAGMA temp.table_info("ai_queries")
{"asctime": "2026-01-15 13:06:27,517", "levelname": "INFO", "name": "sqlalchemy.engine.Engine", "message": "PRAGMA temp.table_info(\"ai_queries\")"}
2026-01-15 13:06:27,517 INFO sqlalchemy.engine.Engine [raw sql] ()
{"asctime": "2026-01-15 13:06:27,517", "levelname": "INFO", "name": "sqlalchemy.engine.Engine", "message": "[raw sql] ()"}
2026-01-15 13:06:27,517 INFO sqlalchemy.engine.Engine PRAGMA main.table_info("ai_history")
{"asctime": "2026-01-15 13:06:27,517", "levelname": "INFO", "name": "sqlalchemy.engine.Engine", "message": "PRAGMA main.table_info(\"ai_history\")"}
2026-01-15 13:06:27,517 INFO sqlalchemy.engine.Engine [raw sql] ()
{"asctime": "2026-01-15 13:06:27,517", "levelname": "INFO", "name": "sqlalchemy.engine.Engine", "message": "[raw sql] ()"}
2026-01-15 13:06:27,518 INFO sqlalchemy.engine.Engine PRAGMA temp.table_info("ai_history")
{"asctime": "2026-01-15 13:06:27,518", "levelname": "INFO", "name": "sqlalchemy.engine.Engine", "message": "PRAGMA temp.table_info(\"ai_history\")"}
2026-01-15 13:06:27,518 INFO sqlalchemy.engine.Engine [raw sql] ()
{"asctime": "2026-01-15 13:06:27,518", "levelname": "INFO", "name": "sqlalchemy.engine.Engine", "message": "[raw sql] ()"}
2026-01-15 13:06:27,518 INFO sqlalchemy.engine.Engine PRAGMA main.table_info("pipelines")
{"asctime": "2026-01-15 13:06:27,518", "levelname": "INFO", "name": "sqlalchemy.engine.Engine", "message": "PRAGMA main.table_info(\"pipelines\")"}
2026-01-15 13:06:27,518 INFO sqlalchemy.engine.Engine [raw sql] ()
{"asctime": "2026-01-15 13:06:27,518", "levelname": "INFO", "name": "sqlalchemy.engine.Engine", "message": "[raw sql] ()"}
2026-01-15 13:06:27,519 INFO sqlalchemy.engine.Engine PRAGMA temp.table_info("pipelines")
{"asctime": "2026-01-15 13:06:27,519", "levelname": "INFO", "name": "sqlalchemy.engine.Engine", "message": "PRAGMA temp.table_info(\"pipelines\")"}
2026-01-15 13:06:27,519 INFO sqlalchemy.engine.Engine [raw sql] ()
{"asctime": "2026-01-15 13:06:27,519", "levelname": "INFO", "name": "sqlalchemy.engine.Engine", "message": "[raw sql] ()"}
2026-01-15 13:06:27,519 INFO sqlalchemy.engine.Engine PRAGMA main.table_info("chat_messages")
{"asctime": "2026-01-15 13:06:27,519", "levelname": "INFO", "name": "sqlalchemy.engine.Engine", "message": "PRAGMA main.table_info(\"chat_messages\")"}
2026-01-15 13:06:27,519 INFO sqlalchemy.engine.Engine [raw sql] ()
{"asctime": "2026-01-15 13:06:27,519", "levelname": "INFO", "name": "sqlalchemy.engine.Engine", "message": "[raw sql] ()"}
2026-01-15 13:06:27,520 INFO sqlalchemy.engine.Engine PRAGMA temp.table_info("chat_messages")
{"asctime": "2026-01-15 13:06:27,520", "levelname": "INFO", "name": "sqlalchemy.engine.Engine", "message": "PRAGMA temp.table_info(\"chat_messages\")"}
2026-01-15 13:06:27,520 INFO sqlalchemy.engine.Engine [raw sql] ()
{"asctime": "2026-01-15 13:06:27,520", "levelname": "INFO", "name": "sqlalchemy.engine.Engine", "message": "[raw sql] ()"}
2026-01-15 13:06:27,520 INFO sqlalchemy.engine.Engine PRAGMA main.table_info("ai_responses")
{"asctime": "2026-01-15 13:06:27,520", "levelname": "INFO", "name": "sqlalchemy.engine.Engine", "message": "PRAGMA main.table_info(\"ai_responses\")"}
2026-01-15 13:06:27,520 INFO sqlalchemy.engine.Engine [raw sql] ()
{"asctime": "2026-01-15 13:06:27,520", "levelname": "INFO", "name": "sqlalchemy.engine.Engine", "message": "[raw sql] ()"}
2026-01-15 13:06:27,521 INFO sqlalchemy.engine.Engine PRAGMA temp.table_info("ai_responses")
{"asctime": "2026-01-15 13:06:27,521", "levelname": "INFO", "name": "sqlalchemy.engine.Engine", "message": "PRAGMA temp.table_info(\"ai_responses\")"}
2026-01-15 13:06:27,521 INFO sqlalchemy.engine.Engine [raw sql] ()
{"asctime": "2026-01-15 13:06:27,521", "levelname": "INFO", "name": "sqlalchemy.engine.Engine", "message": "[raw sql] ()"}
2026-01-15 13:06:27,521 INFO sqlalchemy.engine.Engine PRAGMA main.table_info("ai_feedback")
{"asctime": "2026-01-15 13:06:27,521", "levelname": "INFO", "name": "sqlalchemy.engine.Engine", "message": "PRAGMA main.table_info(\"ai_feedback\")"}
2026-01-15 13:06:27,521 INFO sqlalchemy.engine.Engine [raw sql] ()
{"asctime": "2026-01-15 13:06:27,521", "levelname": "INFO", "name": "sqlalchemy.engine.Engine", "message": "[raw sql] ()"}
2026-01-15 13:06:27,521 INFO sqlalchemy.engine.Engine PRAGMA temp.table_info("ai_feedback")
{"asctime": "2026-01-15 13:06:27,521", "levelname": "INFO", "name": "sqlalchemy.engine.Engine", "message": "PRAGMA temp.table_info(\"ai_feedback\")"}
2026-01-15 13:06:27,521 INFO sqlalchemy.engine.Engine [raw sql] ()
{"asctime": "2026-01-15 13:06:27,521", "levelname": "INFO", "name": "sqlalchemy.engine.Engine", "message": "[raw sql] ()"}
2026-01-15 13:06:27,522 INFO sqlalchemy.engine.Engine PRAGMA main.table_info("data_connections")
{"asctime": "2026-01-15 13:06:27,522", "levelname": "INFO", "name": "sqlalchemy.engine.Engine", "message": "PRAGMA main.table_info(\"data_connections\")"}
2026-01-15 13:06:27,522 INFO sqlalchemy.engine.Engine [raw sql] ()
{"asctime": "2026-01-15 13:06:27,522", "levelname": "INFO", "name": "sqlalchemy.engine.Engine", "message": "[raw sql] ()"}
2026-01-15 13:06:27,522 INFO sqlalchemy.engine.Engine PRAGMA temp.table_info("data_connections")
{"asctime": "2026-01-15 13:06:27,522", "levelname": "INFO", "name": "sqlalchemy.engine.Engine", "message": "PRAGMA temp.table_info(\"data_connections\")"}
2026-01-15 13:06:27,522 INFO sqlalchemy.engine.Engine [raw sql] ()
{"asctime": "2026-01-15 13:06:27,522", "levelname": "INFO", "name": "sqlalchemy.engine.Engine", "message": "[raw sql] ()"}
2026-01-15 13:06:27,523 INFO sqlalchemy.engine.Engine PRAGMA main.table_info("connection_metadata")
{"asctime": "2026-01-15 13:06:27,523", "levelname": "INFO", "name": "sqlalchemy.engine.Engine", "message": "PRAGMA main.table_info(\"connection_metadata\")"}
2026-01-15 13:06:27,523 INFO sqlalchemy.engine.Engine [raw sql] ()
{"asctime": "2026-01-15 13:06:27,523", "levelname": "INFO", "name": "sqlalchemy.engine.Engine", "message": "[raw sql] ()"}
2026-01-15 13:06:27,523 INFO sqlalchemy.engine.Engine PRAGMA temp.table_info("connection_metadata")
{"asctime": "2026-01-15 13:06:27,523", "levelname": "INFO", "name": "sqlalchemy.engine.Engine", "message": "PRAGMA temp.table_info(\"connection_metadata\")"}
2026-01-15 13:06:27,523 INFO sqlalchemy.engine.Engine [raw sql] ()
{"asctime": "2026-01-15 13:06:27,523", "levelname": "INFO", "name": "sqlalchemy.engine.Engine", "message": "[raw sql] ()"}
2026-01-15 13:06:27,523 INFO sqlalchemy.engine.Engine PRAGMA main.table_info("crews")
{"asctime": "2026-01-15 13:06:27,523", "levelname": "INFO", "name": "sqlalchemy.engine.Engine", "message": "PRAGMA main.table_info(\"crews\")"}
2026-01-15 13:06:27,524 INFO sqlalchemy.engine.Engine [raw sql] ()
{"asctime": "2026-01-15 13:06:27,524", "levelname": "INFO", "name": "sqlalchemy.engine.Engine", "message": "[raw sql] ()"}
2026-01-15 13:06:27,524 INFO sqlalchemy.engine.Engine PRAGMA temp.table_info("crews")
{"asctime": "2026-01-15 13:06:27,524", "levelname": "INFO", "name": "sqlalchemy.engine.Engine", "message": "PRAGMA temp.table_info(\"crews\")"}
2026-01-15 13:06:27,524 INFO sqlalchemy.engine.Engine [raw sql] ()
{"asctime": "2026-01-15 13:06:27,524", "levelname": "INFO", "name": "sqlalchemy.engine.Engine", "message": "[raw sql] ()"}
2026-01-15 13:06:27,524 INFO sqlalchemy.engine.Engine PRAGMA main.table_info("crew_members")
{"asctime": "2026-01-15 13:06:27,524", "levelname": "INFO", "name": "sqlalchemy.engine.Engine", "message": "PRAGMA main.table_info(\"crew_members\")"}
2026-01-15 13:06:27,524 INFO sqlalchemy.engine.Engine [raw sql] ()
{"asctime": "2026-01-15 13:06:27,524", "levelname": "INFO", "name": "sqlalchemy.engine.Engine", "message": "[raw sql] ()"}
2026-01-15 13:06:27,525 INFO sqlalchemy.engine.Engine PRAGMA temp.table_info("crew_members")
{"asctime": "2026-01-15 13:06:27,525", "levelname": "INFO", "name": "sqlalchemy.engine.Engine", "message": "PRAGMA temp.table_info(\"crew_members\")"}
2026-01-15 13:06:27,525 INFO sqlalchemy.engine.Engine [raw sql] ()
{"asctime": "2026-01-15 13:06:27,525", "levelname": "INFO", "name": "sqlalchemy.engine.Engine", "message": "[raw sql] ()"}
2026-01-15 13:06:27,525 INFO sqlalchemy.engine.Engine PRAGMA main.table_info("crew_connections")
{"asctime": "2026-01-15 13:06:27,525", "levelname": "INFO", "name": "sqlalchemy.engine.Engine", "message": "PRAGMA main.table_info(\"crew_connections\")"}
2026-01-15 13:06:27,525 INFO sqlalchemy.engine.Engine [raw sql] ()
{"asctime": "2026-01-15 13:06:27,525", "levelname": "INFO", "name": "sqlalchemy.engine.Engine", "message": "[raw sql] ()"}
2026-01-15 13:06:27,526 INFO sqlalchemy.engine.Engine PRAGMA temp.table_info("crew_connections")
{"asctime": "2026-01-15 13:06:27,526", "levelname": "INFO", "name": "sqlalchemy.engine.Engine", "message": "PRAGMA temp.table_info(\"crew_connections\")"}
2026-01-15 13:06:27,526 INFO sqlalchemy.engine.Engine [raw sql] ()
{"asctime": "2026-01-15 13:06:27,526", "levelname": "INFO", "name": "sqlalchemy.engine.Engine", "message": "[raw sql] ()"}
2026-01-15 13:06:27,526 INFO sqlalchemy.engine.Engine PRAGMA main.table_info("dashboards")
{"asctime": "2026-01-15 13:06:27,526", "levelname": "INFO", "name": "sqlalchemy.engine.Engine", "message": "PRAGMA main.table_info(\"dashboards\")"}
2026-01-15 13:06:27,526 INFO sqlalchemy.engine.Engine [raw sql] ()
{"asctime": "2026-01-15 13:06:27,526", "levelname": "INFO", "name": "sqlalchemy.engine.Engine", "message": "[raw sql] ()"}
2026-01-15 13:06:27,527 INFO sqlalchemy.engine.Engine PRAGMA temp.table_info("dashboards")
{"asctime": "2026-01-15 13:06:27,527", "levelname": "INFO", "name": "sqlalchemy.engine.Engine", "message": "PRAGMA temp.table_info(\"dashboards\")"}
2026-01-15 13:06:27,527 INFO sqlalchemy.engine.Engine [raw sql] ()
{"asctime": "2026-01-15 13:06:27,527", "levelname": "INFO", "name": "sqlalchemy.engine.Engine", "message": "[raw sql] ()"}
2026-01-15 13:06:27,527 INFO sqlalchemy.engine.Engine PRAGMA main.table_info("widgets")
{"asctime": "2026-01-15 13:06:27,527", "levelname": "INFO", "name": "sqlalchemy.engine.Engine", "message": "PRAGMA main.table_info(\"widgets\")"}
2026-01-15 13:06:27,528 INFO sqlalchemy.engine.Engine [raw sql] ()
{"asctime": "2026-01-15 13:06:27,528", "levelname": "INFO", "name": "sqlalchemy.engine.Engine", "message": "[raw sql] ()"}
2026-01-15 13:06:27,528 INFO sqlalchemy.engine.Engine PRAGMA temp.table_info("widgets")
{"asctime": "2026-01-15 13:06:27,528", "levelname": "INFO", "name": "sqlalchemy.engine.Engine", "message": "PRAGMA temp.table_info(\"widgets\")"}
2026-01-15 13:06:27,528 INFO sqlalchemy.engine.Engine [raw sql] ()
{"asctime": "2026-01-15 13:06:27,528", "levelname": "INFO", "name": "sqlalchemy.engine.Engine", "message": "[raw sql] ()"}
2026-01-15 13:06:27,528 INFO sqlalchemy.engine.Engine PRAGMA main.table_info("widget_connections")
{"asctime": "2026-01-15 13:06:27,528", "levelname": "INFO", "name": "sqlalchemy.engine.Engine", "message": "PRAGMA main.table_info(\"widget_connections\")"}
2026-01-15 13:06:27,528 INFO sqlalchemy.engine.Engine [raw sql] ()
{"asctime": "2026-01-15 13:06:27,528", "levelname": "INFO", "name": "sqlalchemy.engine.Engine", "message": "[raw sql] ()"}
2026-01-15 13:06:27,529 INFO sqlalchemy.engine.Engine PRAGMA temp.table_info("widget_connections")
{"asctime": "2026-01-15 13:06:27,529", "levelname": "INFO", "name": "sqlalchemy.engine.Engine", "message": "PRAGMA temp.table_info(\"widget_connections\")"}
2026-01-15 13:06:27,529 INFO sqlalchemy.engine.Engine [raw sql] ()
{"asctime": "2026-01-15 13:06:27,529", "levelname": "INFO", "name": "sqlalchemy.engine.Engine", "message": "[raw sql] ()"}
2026-01-15 13:06:27,529 INFO sqlalchemy.engine.Engine PRAGMA main.table_info("dashboard_build_jobs")
{"asctime": "2026-01-15 13:06:27,529", "levelname": "INFO", "name": "sqlalchemy.engine.Engine", "message": "PRAGMA main.table_info(\"dashboard_build_jobs\")"}
2026-01-15 13:06:27,529 INFO sqlalchemy.engine.Engine [raw sql] ()
{"asctime": "2026-01-15 13:06:27,529", "levelname": "INFO", "name": "sqlalchemy.engine.Engine", "message": "[raw sql] ()"}
2026-01-15 13:06:27,530 INFO sqlalchemy.engine.Engine PRAGMA temp.table_info("dashboard_build_jobs")
{"asctime": "2026-01-15 13:06:27,530", "levelname": "INFO", "name": "sqlalchemy.engine.Engine", "message": "PRAGMA temp.table_info(\"dashboard_build_jobs\")"}
2026-01-15 13:06:27,530 INFO sqlalchemy.engine.Engine [raw sql] ()
{"asctime": "2026-01-15 13:06:27,530", "levelname": "INFO", "name": "sqlalchemy.engine.Engine", "message": "[raw sql] ()"}
2026-01-15 13:06:27,530 INFO sqlalchemy.engine.Engine PRAGMA main.table_info("user_datasets")
{"asctime": "2026-01-15 13:06:27,530", "levelname": "INFO", "name": "sqlalchemy.engine.Engine", "message": "PRAGMA main.table_info(\"user_datasets\")"}
2026-01-15 13:06:27,530 INFO sqlalchemy.engine.Engine [raw sql] ()
{"asctime": "2026-01-15 13:06:27,530", "levelname": "INFO", "name": "sqlalchemy.engine.Engine", "message": "[raw sql] ()"}
2026-01-15 13:06:27,531 INFO sqlalchemy.engine.Engine PRAGMA temp.table_info("user_datasets")
{"asctime": "2026-01-15 13:06:27,531", "levelname": "INFO", "name": "sqlalchemy.engine.Engine", "message": "PRAGMA temp.table_info(\"user_datasets\")"}
2026-01-15 13:06:27,531 INFO sqlalchemy.engine.Engine [raw sql] ()
{"asctime": "2026-01-15 13:06:27,531", "levelname": "INFO", "name": "sqlalchemy.engine.Engine", "message": "[raw sql] ()"}
2026-01-15 13:06:27,531 INFO sqlalchemy.engine.Engine PRAGMA main.table_info("file_uploads")
{"asctime": "2026-01-15 13:06:27,531", "levelname": "INFO", "name": "sqlalchemy.engine.Engine", "message": "PRAGMA main.table_info(\"file_uploads\")"}
2026-01-15 13:06:27,531 INFO sqlalchemy.engine.Engine [raw sql] ()
{"asctime": "2026-01-15 13:06:27,531", "levelname": "INFO", "name": "sqlalchemy.engine.Engine", "message": "[raw sql] ()"}
2026-01-15 13:06:27,531 INFO sqlalchemy.engine.Engine PRAGMA temp.table_info("file_uploads")
{"asctime": "2026-01-15 13:06:27,531", "levelname": "INFO", "name": "sqlalchemy.engine.Engine", "message": "PRAGMA temp.table_info(\"file_uploads\")"}
2026-01-15 13:06:27,531 INFO sqlalchemy.engine.Engine [raw sql] ()
{"asctime": "2026-01-15 13:06:27,531", "levelname": "INFO", "name": "sqlalchemy.engine.Engine", "message": "[raw sql] ()"}
2026-01-15 13:06:27,532 INFO sqlalchemy.engine.Engine PRAGMA main.table_info("sync_logs")
{"asctime": "2026-01-15 13:06:27,532", "levelname": "INFO", "name": "sqlalchemy.engine.Engine", "message": "PRAGMA main.table_info(\"sync_logs\")"}
2026-01-15 13:06:27,532 INFO sqlalchemy.engine.Engine [raw sql] ()
{"asctime": "2026-01-15 13:06:27,532", "levelname": "INFO", "name": "sqlalchemy.engine.Engine", "message": "[raw sql] ()"}
2026-01-15 13:06:27,532 INFO sqlalchemy.engine.Engine PRAGMA temp.table_info("sync_logs")
{"asctime": "2026-01-15 13:06:27,532", "levelname": "INFO", "name": "sqlalchemy.engine.Engine", "message": "PRAGMA temp.table_info(\"sync_logs\")"}
2026-01-15 13:06:27,532 INFO sqlalchemy.engine.Engine [raw sql] ()
{"asctime": "2026-01-15 13:06:27,532", "levelname": "INFO", "name": "sqlalchemy.engine.Engine", "message": "[raw sql] ()"}
2026-01-15 13:06:27,533 INFO sqlalchemy.engine.Engine PRAGMA main.table_info("connection_permissions")
{"asctime": "2026-01-15 13:06:27,533", "levelname": "INFO", "name": "sqlalchemy.engine.Engine", "message": "PRAGMA main.table_info(\"connection_permissions\")"}
2026-01-15 13:06:27,533 INFO sqlalchemy.engine.Engine [raw sql] ()
{"asctime": "2026-01-15 13:06:27,533", "levelname": "INFO", "name": "sqlalchemy.engine.Engine", "message": "[raw sql] ()"}
2026-01-15 13:06:27,533 INFO sqlalchemy.engine.Engine PRAGMA temp.table_info("connection_permissions")
{"asctime": "2026-01-15 13:06:27,533", "levelname": "INFO", "name": "sqlalchemy.engine.Engine", "message": "PRAGMA temp.table_info(\"connection_permissions\")"}
2026-01-15 13:06:27,533 INFO sqlalchemy.engine.Engine [raw sql] ()
{"asctime": "2026-01-15 13:06:27,533", "levelname": "INFO", "name": "sqlalchemy.engine.Engine", "message": "[raw sql] ()"}
2026-01-15 13:06:27,534 INFO sqlalchemy.engine.Engine PRAGMA main.table_info("table_member_permissions")
{"asctime": "2026-01-15 13:06:27,534", "levelname": "INFO", "name": "sqlalchemy.engine.Engine", "message": "PRAGMA main.table_info(\"table_member_permissions\")"}
2026-01-15 13:06:27,534 INFO sqlalchemy.engine.Engine [raw sql] ()
{"asctime": "2026-01-15 13:06:27,534", "levelname": "INFO", "name": "sqlalchemy.engine.Engine", "message": "[raw sql] ()"}
2026-01-15 13:06:27,534 INFO sqlalchemy.engine.Engine PRAGMA temp.table_info("table_member_permissions")
{"asctime": "2026-01-15 13:06:27,534", "levelname": "INFO", "name": "sqlalchemy.engine.Engine", "message": "PRAGMA temp.table_info(\"table_member_permissions\")"}
2026-01-15 13:06:27,534 INFO sqlalchemy.engine.Engine [raw sql] ()
{"asctime": "2026-01-15 13:06:27,534", "levelname": "INFO", "name": "sqlalchemy.engine.Engine", "message": "[raw sql] ()"}
2026-01-15 13:06:27,535 INFO sqlalchemy.engine.Engine PRAGMA main.table_info("api_keys")
{"asctime": "2026-01-15 13:06:27,535", "levelname": "INFO", "name": "sqlalchemy.engine.Engine", "message": "PRAGMA main.table_info(\"api_keys\")"}
2026-01-15 13:06:27,535 INFO sqlalchemy.engine.Engine [raw sql] ()
{"asctime": "2026-01-15 13:06:27,535", "levelname": "INFO", "name": "sqlalchemy.engine.Engine", "message": "[raw sql] ()"}
2026-01-15 13:06:27,535 INFO sqlalchemy.engine.Engine PRAGMA temp.table_info("api_keys")
{"asctime": "2026-01-15 13:06:27,535", "levelname": "INFO", "name": "sqlalchemy.engine.Engine", "message": "PRAGMA temp.table_info(\"api_keys\")"}
2026-01-15 13:06:27,535 INFO sqlalchemy.engine.Engine [raw sql] ()
{"asctime": "2026-01-15 13:06:27,535", "levelname": "INFO", "name": "sqlalchemy.engine.Engine", "message": "[raw sql] ()"}
2026-01-15 13:06:27,535 INFO sqlalchemy.engine.Engine PRAGMA main.table_info("integrations")
{"asctime": "2026-01-15 13:06:27,535", "levelname": "INFO", "name": "sqlalchemy.engine.Engine", "message": "PRAGMA main.table_info(\"integrations\")"}
2026-01-15 13:06:27,536 INFO sqlalchemy.engine.Engine [raw sql] ()
{"asctime": "2026-01-15 13:06:27,536", "levelname": "INFO", "name": "sqlalchemy.engine.Engine", "message": "[raw sql] ()"}
2026-01-15 13:06:27,536 INFO sqlalchemy.engine.Engine PRAGMA temp.table_info("integrations")
{"asctime": "2026-01-15 13:06:27,536", "levelname": "INFO", "name": "sqlalchemy.engine.Engine", "message": "PRAGMA temp.table_info(\"integrations\")"}
2026-01-15 13:06:27,536 INFO sqlalchemy.engine.Engine [raw sql] ()
{"asctime": "2026-01-15 13:06:27,536", "levelname": "INFO", "name": "sqlalchemy.engine.Engine", "message": "[raw sql] ()"}
2026-01-15 13:06:27,536 INFO sqlalchemy.engine.Engine PRAGMA main.table_info("role_permissions")
{"asctime": "2026-01-15 13:06:27,536", "levelname": "INFO", "name": "sqlalchemy.engine.Engine", "message": "PRAGMA main.table_info(\"role_permissions\")"}
2026-01-15 13:06:27,536 INFO sqlalchemy.engine.Engine [raw sql] ()
{"asctime": "2026-01-15 13:06:27,536", "levelname": "INFO", "name": "sqlalchemy.engine.Engine", "message": "[raw sql] ()"}
2026-01-15 13:06:27,537 INFO sqlalchemy.engine.Engine PRAGMA temp.table_info("role_permissions")
{"asctime": "2026-01-15 13:06:27,537", "levelname": "INFO", "name": "sqlalchemy.engine.Engine", "message": "PRAGMA temp.table_info(\"role_permissions\")"}
2026-01-15 13:06:27,537 INFO sqlalchemy.engine.Engine [raw sql] ()
{"asctime": "2026-01-15 13:06:27,537", "levelname": "INFO", "name": "sqlalchemy.engine.Engine", "message": "[raw sql] ()"}
2026-01-15 13:06:27,537 INFO sqlalchemy.engine.Engine PRAGMA main.table_info("planets")
{"asctime": "2026-01-15 13:06:27,537", "levelname": "INFO", "name": "sqlalchemy.engine.Engine", "message": "PRAGMA main.table_info(\"planets\")"}
2026-01-15 13:06:27,537 INFO sqlalchemy.engine.Engine [raw sql] ()
{"asctime": "2026-01-15 13:06:27,537", "levelname": "INFO", "name": "sqlalchemy.engine.Engine", "message": "[raw sql] ()"}
2026-01-15 13:06:27,538 INFO sqlalchemy.engine.Engine PRAGMA temp.table_info("planets")
{"asctime": "2026-01-15 13:06:27,538", "levelname": "INFO", "name": "sqlalchemy.engine.Engine", "message": "PRAGMA temp.table_info(\"planets\")"}
2026-01-15 13:06:27,538 INFO sqlalchemy.engine.Engine [raw sql] ()
{"asctime": "2026-01-15 13:06:27,538", "levelname": "INFO", "name": "sqlalchemy.engine.Engine", "message": "[raw sql] ()"}
2026-01-15 13:06:27,538 INFO sqlalchemy.engine.Engine PRAGMA main.table_info("planet_members")
{"asctime": "2026-01-15 13:06:27,538", "levelname": "INFO", "name": "sqlalchemy.engine.Engine", "message": "PRAGMA main.table_info(\"planet_members\")"}
2026-01-15 13:06:27,538 INFO sqlalchemy.engine.Engine [raw sql] ()
{"asctime": "2026-01-15 13:06:27,538", "levelname": "INFO", "name": "sqlalchemy.engine.Engine", "message": "[raw sql] ()"}
2026-01-15 13:06:27,538 INFO sqlalchemy.engine.Engine PRAGMA temp.table_info("planet_members")
{"asctime": "2026-01-15 13:06:27,538", "levelname": "INFO", "name": "sqlalchemy.engine.Engine", "message": "PRAGMA temp.table_info(\"planet_members\")"}
2026-01-15 13:06:27,539 INFO sqlalchemy.engine.Engine [raw sql] ()
{"asctime": "2026-01-15 13:06:27,539", "levelname": "INFO", "name": "sqlalchemy.engine.Engine", "message": "[raw sql] ()"}
2026-01-15 13:06:27,539 INFO sqlalchemy.engine.Engine PRAGMA main.table_info("spaces")
{"asctime": "2026-01-15 13:06:27,539", "levelname": "INFO", "name": "sqlalchemy.engine.Engine", "message": "PRAGMA main.table_info(\"spaces\")"}
2026-01-15 13:06:27,539 INFO sqlalchemy.engine.Engine [raw sql] ()
{"asctime": "2026-01-15 13:06:27,539", "levelname": "INFO", "name": "sqlalchemy.engine.Engine", "message": "[raw sql] ()"}
2026-01-15 13:06:27,539 INFO sqlalchemy.engine.Engine PRAGMA temp.table_info("spaces")
{"asctime": "2026-01-15 13:06:27,539", "levelname": "INFO", "name": "sqlalchemy.engine.Engine", "message": "PRAGMA temp.table_info(\"spaces\")"}
2026-01-15 13:06:27,539 INFO sqlalchemy.engine.Engine [raw sql] ()
{"asctime": "2026-01-15 13:06:27,539", "levelname": "INFO", "name": "sqlalchemy.engine.Engine", "message": "[raw sql] ()"}
2026-01-15 13:06:27,540 INFO sqlalchemy.engine.Engine PRAGMA main.table_info("space_connections")
{"asctime": "2026-01-15 13:06:27,540", "levelname": "INFO", "name": "sqlalchemy.engine.Engine", "message": "PRAGMA main.table_info(\"space_connections\")"}
2026-01-15 13:06:27,540 INFO sqlalchemy.engine.Engine [raw sql] ()
{"asctime": "2026-01-15 13:06:27,540", "levelname": "INFO", "name": "sqlalchemy.engine.Engine", "message": "[raw sql] ()"}
2026-01-15 13:06:27,540 INFO sqlalchemy.engine.Engine PRAGMA temp.table_info("space_connections")
{"asctime": "2026-01-15 13:06:27,540", "levelname": "INFO", "name": "sqlalchemy.engine.Engine", "message": "PRAGMA temp.table_info(\"space_connections\")"}
2026-01-15 13:06:27,540 INFO sqlalchemy.engine.Engine [raw sql] ()
{"asctime": "2026-01-15 13:06:27,540", "levelname": "INFO", "name": "sqlalchemy.engine.Engine", "message": "[raw sql] ()"}
2026-01-15 13:06:27,541 INFO sqlalchemy.engine.Engine PRAGMA main.table_info("space_members")
{"asctime": "2026-01-15 13:06:27,541", "levelname": "INFO", "name": "sqlalchemy.engine.Engine", "message": "PRAGMA main.table_info(\"space_members\")"}
2026-01-15 13:06:27,541 INFO sqlalchemy.engine.Engine [raw sql] ()
{"asctime": "2026-01-15 13:06:27,541", "levelname": "INFO", "name": "sqlalchemy.engine.Engine", "message": "[raw sql] ()"}
2026-01-15 13:06:27,541 INFO sqlalchemy.engine.Engine PRAGMA temp.table_info("space_members")
{"asctime": "2026-01-15 13:06:27,541", "levelname": "INFO", "name": "sqlalchemy.engine.Engine", "message": "PRAGMA temp.table_info(\"space_members\")"}
2026-01-15 13:06:27,541 INFO sqlalchemy.engine.Engine [raw sql] ()
{"asctime": "2026-01-15 13:06:27,541", "levelname": "INFO", "name": "sqlalchemy.engine.Engine", "message": "[raw sql] ()"}
2026-01-15 13:06:27,541 INFO sqlalchemy.engine.Engine PRAGMA main.table_info("starred_items")
{"asctime": "2026-01-15 13:06:27,541", "levelname": "INFO", "name": "sqlalchemy.engine.Engine", "message": "PRAGMA main.table_info(\"starred_items\")"}
2026-01-15 13:06:27,541 INFO sqlalchemy.engine.Engine [raw sql] ()
{"asctime": "2026-01-15 13:06:27,541", "levelname": "INFO", "name": "sqlalchemy.engine.Engine", "message": "[raw sql] ()"}
2026-01-15 13:06:27,542 INFO sqlalchemy.engine.Engine PRAGMA temp.table_info("starred_items")
{"asctime": "2026-01-15 13:06:27,542", "levelname": "INFO", "name": "sqlalchemy.engine.Engine", "message": "PRAGMA temp.table_info(\"starred_items\")"}
2026-01-15 13:06:27,542 INFO sqlalchemy.engine.Engine [raw sql] ()
{"asctime": "2026-01-15 13:06:27,542", "levelname": "INFO", "name": "sqlalchemy.engine.Engine", "message": "[raw sql] ()"}
2026-01-15 13:06:27,542 INFO sqlalchemy.engine.Engine PRAGMA main.table_info("templates")
{"asctime": "2026-01-15 13:06:27,542", "levelname": "INFO", "name": "sqlalchemy.engine.Engine", "message": "PRAGMA main.table_info(\"templates\")"}
2026-01-15 13:06:27,542 INFO sqlalchemy.engine.Engine [raw sql] ()
{"asctime": "2026-01-15 13:06:27,542", "levelname": "INFO", "name": "sqlalchemy.engine.Engine", "message": "[raw sql] ()"}
2026-01-15 13:06:27,543 INFO sqlalchemy.engine.Engine PRAGMA temp.table_info("templates")
{"asctime": "2026-01-15 13:06:27,543", "levelname": "INFO", "name": "sqlalchemy.engine.Engine", "message": "PRAGMA temp.table_info(\"templates\")"}
2026-01-15 13:06:27,543 INFO sqlalchemy.engine.Engine [raw sql] ()
{"asctime": "2026-01-15 13:06:27,543", "levelname": "INFO", "name": "sqlalchemy.engine.Engine", "message": "[raw sql] ()"}
2026-01-15 13:06:27,543 INFO sqlalchemy.engine.Engine PRAGMA main.table_info("users")
{"asctime": "2026-01-15 13:06:27,543", "levelname": "INFO", "name": "sqlalchemy.engine.Engine", "message": "PRAGMA main.table_info(\"users\")"}
2026-01-15 13:06:27,543 INFO sqlalchemy.engine.Engine [raw sql] ()
{"asctime": "2026-01-15 13:06:27,543", "levelname": "INFO", "name": "sqlalchemy.engine.Engine", "message": "[raw sql] ()"}
2026-01-15 13:06:27,544 INFO sqlalchemy.engine.Engine PRAGMA temp.table_info("users")
{"asctime": "2026-01-15 13:06:27,544", "levelname": "INFO", "name": "sqlalchemy.engine.Engine", "message": "PRAGMA temp.table_info(\"users\")"}
2026-01-15 13:06:27,544 INFO sqlalchemy.engine.Engine [raw sql] ()
{"asctime": "2026-01-15 13:06:27,544", "levelname": "INFO", "name": "sqlalchemy.engine.Engine", "message": "[raw sql] ()"}
2026-01-15 13:06:27,544 INFO sqlalchemy.engine.Engine PRAGMA main.table_info("refresh_tokens")
{"asctime": "2026-01-15 13:06:27,544", "levelname": "INFO", "name": "sqlalchemy.engine.Engine", "message": "PRAGMA main.table_info(\"refresh_tokens\")"}
2026-01-15 13:06:27,544 INFO sqlalchemy.engine.Engine [raw sql] ()
{"asctime": "2026-01-15 13:06:27,544", "levelname": "INFO", "name": "sqlalchemy.engine.Engine", "message": "[raw sql] ()"}
2026-01-15 13:06:27,545 INFO sqlalchemy.engine.Engine PRAGMA temp.table_info("refresh_tokens")
{"asctime": "2026-01-15 13:06:27,545", "levelname": "INFO", "name": "sqlalchemy.engine.Engine", "message": "PRAGMA temp.table_info(\"refresh_tokens\")"}
2026-01-15 13:06:27,545 INFO sqlalchemy.engine.Engine [raw sql] ()
{"asctime": "2026-01-15 13:06:27,545", "levelname": "INFO", "name": "sqlalchemy.engine.Engine", "message": "[raw sql] ()"}
2026-01-15 13:06:27,545 INFO sqlalchemy.engine.Engine PRAGMA main.table_info("workspaces")
{"asctime": "2026-01-15 13:06:27,545", "levelname": "INFO", "name": "sqlalchemy.engine.Engine", "message": "PRAGMA main.table_info(\"workspaces\")"}
2026-01-15 13:06:27,545 INFO sqlalchemy.engine.Engine [raw sql] ()
{"asctime": "2026-01-15 13:06:27,545", "levelname": "INFO", "name": "sqlalchemy.engine.Engine", "message": "[raw sql] ()"}
2026-01-15 13:06:27,545 INFO sqlalchemy.engine.Engine PRAGMA temp.table_info("workspaces")
{"asctime": "2026-01-15 13:06:27,545", "levelname": "INFO", "name": "sqlalchemy.engine.Engine", "message": "PRAGMA temp.table_info(\"workspaces\")"}
2026-01-15 13:06:27,545 INFO sqlalchemy.engine.Engine [raw sql] ()
{"asctime": "2026-01-15 13:06:27,545", "levelname": "INFO", "name": "sqlalchemy.engine.Engine", "message": "[raw sql] ()"}
2026-01-15 13:06:27,546 INFO sqlalchemy.engine.Engine PRAGMA main.table_info("workspace_members")
{"asctime": "2026-01-15 13:06:27,546", "levelname": "INFO", "name": "sqlalchemy.engine.Engine", "message": "PRAGMA main.table_info(\"workspace_members\")"}
2026-01-15 13:06:27,546 INFO sqlalchemy.engine.Engine [raw sql] ()
{"asctime": "2026-01-15 13:06:27,546", "levelname": "INFO", "name": "sqlalchemy.engine.Engine", "message": "[raw sql] ()"}
2026-01-15 13:06:27,546 INFO sqlalchemy.engine.Engine PRAGMA temp.table_info("workspace_members")
{"asctime": "2026-01-15 13:06:27,546", "levelname": "INFO", "name": "sqlalchemy.engine.Engine", "message": "PRAGMA temp.table_info(\"workspace_members\")"}
2026-01-15 13:06:27,546 INFO sqlalchemy.engine.Engine [raw sql] ()
{"asctime": "2026-01-15 13:06:27,546", "levelname": "INFO", "name": "sqlalchemy.engine.Engine", "message": "[raw sql] ()"}
2026-01-15 13:06:27,547 INFO sqlalchemy.engine.Engine PRAGMA main.table_info("notifications")
{"asctime": "2026-01-15 13:06:27,547", "levelname": "INFO", "name": "sqlalchemy.engine.Engine", "message": "PRAGMA main.table_info(\"notifications\")"}
2026-01-15 13:06:27,547 INFO sqlalchemy.engine.Engine [raw sql] ()
{"asctime": "2026-01-15 13:06:27,547", "levelname": "INFO", "name": "sqlalchemy.engine.Engine", "message": "[raw sql] ()"}
2026-01-15 13:06:27,547 INFO sqlalchemy.engine.Engine PRAGMA temp.table_info("notifications")
{"asctime": "2026-01-15 13:06:27,547", "levelname": "INFO", "name": "sqlalchemy.engine.Engine", "message": "PRAGMA temp.table_info(\"notifications\")"}
2026-01-15 13:06:27,547 INFO sqlalchemy.engine.Engine [raw sql] ()
{"asctime": "2026-01-15 13:06:27,547", "levelname": "INFO", "name": "sqlalchemy.engine.Engine", "message": "[raw sql] ()"}
2026-01-15 13:06:27,547 INFO sqlalchemy.engine.Engine PRAGMA main.table_info("comments")
{"asctime": "2026-01-15 13:06:27,547", "levelname": "INFO", "name": "sqlalchemy.engine.Engine", "message": "PRAGMA main.table_info(\"comments\")"}
2026-01-15 13:06:27,547 INFO sqlalchemy.engine.Engine [raw sql] ()
{"asctime": "2026-01-15 13:06:27,547", "levelname": "INFO", "name": "sqlalchemy.engine.Engine", "message": "[raw sql] ()"}
2026-01-15 13:06:27,548 INFO sqlalchemy.engine.Engine PRAGMA temp.table_info("comments")
{"asctime": "2026-01-15 13:06:27,548", "levelname": "INFO", "name": "sqlalchemy.engine.Engine", "message": "PRAGMA temp.table_info(\"comments\")"}
2026-01-15 13:06:27,548 INFO sqlalchemy.engine.Engine [raw sql] ()
{"asctime": "2026-01-15 13:06:27,548", "levelname": "INFO", "name": "sqlalchemy.engine.Engine", "message": "[raw sql] ()"}
2026-01-15 13:06:27,549 INFO sqlalchemy.engine.Engine 
CREATE TABLE ai_queries (
	id UUID NOT NULL, 
	user_id UUID NOT NULL, 
	widget_id UUID, 
	question TEXT NOT NULL, 
	answer TEXT, 
	data_sample JSON, 
	sql TEXT, 
	status VARCHAR(50) DEFAULT 'processing' NOT NULL, 
	configure_data JSON NOT NULL, 
	pipeline_id UUID, 
	created_at DATETIME DEFAULT 'now()' NOT NULL, 
	updated_at DATETIME DEFAULT 'now()' NOT NULL, 
	PRIMARY KEY (id), 
	FOREIGN KEY(user_id) REFERENCES users (id) ON DELETE CASCADE, 
	FOREIGN KEY(widget_id) REFERENCES widgets (id) ON DELETE SET NULL, 
	FOREIGN KEY(pipeline_id) REFERENCES pipelines (id) ON DELETE SET NULL
)


{"asctime": "2026-01-15 13:06:27,549", "levelname": "INFO", "name": "sqlalchemy.engine.Engine", "message": "\nCREATE TABLE ai_queries (\n\tid UUID NOT NULL, \n\tuser_id UUID NOT NULL, \n\twidget_id UUID, \n\tquestion TEXT NOT NULL, \n\tanswer TEXT, \n\tdata_sample JSON, \n\tsql TEXT, \n\tstatus VARCHAR(50) DEFAULT 'processing' NOT NULL, \n\tconfigure_data JSON NOT NULL, \n\tpipeline_id UUID, \n\tcreated_at DATETIME DEFAULT 'now()' NOT NULL, \n\tupdated_at DATETIME DEFAULT 'now()' NOT NULL, \n\tPRIMARY KEY (id), \n\tFOREIGN KEY(user_id) REFERENCES users (id) ON DELETE CASCADE, \n\tFOREIGN KEY(widget_id) REFERENCES widgets (id) ON DELETE SET NULL, \n\tFOREIGN KEY(pipeline_id) REFERENCES pipelines (id) ON DELETE SET NULL\n)\n\n"}
2026-01-15 13:06:27,549 INFO sqlalchemy.engine.Engine [no key 0.00011s] ()
{"asctime": "2026-01-15 13:06:27,549", "levelname": "INFO", "name": "sqlalchemy.engine.Engine", "message": "[no key 0.00011s] ()"}
2026-01-15 13:06:27,550 INFO sqlalchemy.engine.Engine CREATE INDEX idx_ai_queries_created_at ON ai_queries (created_at)
{"asctime": "2026-01-15 13:06:27,550", "levelname": "INFO", "name": "sqlalchemy.engine.Engine", "message": "CREATE INDEX idx_ai_queries_created_at ON ai_queries (created_at)"}
2026-01-15 13:06:27,550 INFO sqlalchemy.engine.Engine [no key 0.00008s] ()
{"asctime": "2026-01-15 13:06:27,550", "levelname": "INFO", "name": "sqlalchemy.engine.Engine", "message": "[no key 0.00008s] ()"}
2026-01-15 13:06:27,550 INFO sqlalchemy.engine.Engine CREATE INDEX idx_ai_queries_status ON ai_queries (status)
{"asctime": "2026-01-15 13:06:27,550", "levelname": "INFO", "name": "sqlalchemy.engine.Engine", "message": "CREATE INDEX idx_ai_queries_status ON ai_queries (status)"}
2026-01-15 13:06:27,550 INFO sqlalchemy.engine.Engine [no key 0.00011s] ()
{"asctime": "2026-01-15 13:06:27,550", "levelname": "INFO", "name": "sqlalchemy.engine.Engine", "message": "[no key 0.00011s] ()"}
2026-01-15 13:06:27,551 INFO sqlalchemy.engine.Engine CREATE INDEX idx_ai_queries_user_id ON ai_queries (user_id)
{"asctime": "2026-01-15 13:06:27,551", "levelname": "INFO", "name": "sqlalchemy.engine.Engine", "message": "CREATE INDEX idx_ai_queries_user_id ON ai_queries (user_id)"}
2026-01-15 13:06:27,551 INFO sqlalchemy.engine.Engine [no key 0.00010s] ()
{"asctime": "2026-01-15 13:06:27,551", "levelname": "INFO", "name": "sqlalchemy.engine.Engine", "message": "[no key 0.00010s] ()"}
2026-01-15 13:06:27,551 INFO sqlalchemy.engine.Engine CREATE INDEX ix_ai_queries_widget_id ON ai_queries (widget_id)
{"asctime": "2026-01-15 13:06:27,551", "levelname": "INFO", "name": "sqlalchemy.engine.Engine", "message": "CREATE INDEX ix_ai_queries_widget_id ON ai_queries (widget_id)"}
2026-01-15 13:06:27,551 INFO sqlalchemy.engine.Engine [no key 0.00013s] ()
{"asctime": "2026-01-15 13:06:27,551", "levelname": "INFO", "name": "sqlalchemy.engine.Engine", "message": "[no key 0.00013s] ()"}
2026-01-15 13:06:27,552 INFO sqlalchemy.engine.Engine CREATE INDEX ix_ai_queries_user_id ON ai_queries (user_id)
{"asctime": "2026-01-15 13:06:27,552", "levelname": "INFO", "name": "sqlalchemy.engine.Engine", "message": "CREATE INDEX ix_ai_queries_user_id ON ai_queries (user_id)"}
2026-01-15 13:06:27,552 INFO sqlalchemy.engine.Engine [no key 0.00007s] ()
{"asctime": "2026-01-15 13:06:27,552", "levelname": "INFO", "name": "sqlalchemy.engine.Engine", "message": "[no key 0.00007s] ()"}
2026-01-15 13:06:27,552 INFO sqlalchemy.engine.Engine CREATE INDEX idx_ai_queries_widget_id ON ai_queries (widget_id)
{"asctime": "2026-01-15 13:06:27,552", "levelname": "INFO", "name": "sqlalchemy.engine.Engine", "message": "CREATE INDEX idx_ai_queries_widget_id ON ai_queries (widget_id)"}
2026-01-15 13:06:27,552 INFO sqlalchemy.engine.Engine [no key 0.00008s] ()
{"asctime": "2026-01-15 13:06:27,552", "levelname": "INFO", "name": "sqlalchemy.engine.Engine", "message": "[no key 0.00008s] ()"}
2026-01-15 13:06:27,553 INFO sqlalchemy.engine.Engine 
CREATE TABLE pipelines (
	id UUID NOT NULL, 
	query_id UUID NOT NULL, 
	status VARCHAR(50) DEFAULT 'processing' NOT NULL, 
	steps JSON DEFAULT '[]' NOT NULL, 
	current_step VARCHAR(255), 
	errors JSON, 
	logs TEXT, 
	started_at DATETIME DEFAULT 'now()' NOT NULL, 
	completed_at DATETIME, 
	created_at DATETIME DEFAULT 'now()' NOT NULL, 
	updated_at DATETIME DEFAULT 'now()' NOT NULL, 
	PRIMARY KEY (id), 
	FOREIGN KEY(query_id) REFERENCES ai_queries (id) ON DELETE CASCADE
)


{"asctime": "2026-01-15 13:06:27,553", "levelname": "INFO", "name": "sqlalchemy.engine.Engine", "message": "\nCREATE TABLE pipelines (\n\tid UUID NOT NULL, \n\tquery_id UUID NOT NULL, \n\tstatus VARCHAR(50) DEFAULT 'processing' NOT NULL, \n\tsteps JSON DEFAULT '[]' NOT NULL, \n\tcurrent_step VARCHAR(255), \n\terrors JSON, \n\tlogs TEXT, \n\tstarted_at DATETIME DEFAULT 'now()' NOT NULL, \n\tcompleted_at DATETIME, \n\tcreated_at DATETIME DEFAULT 'now()' NOT NULL, \n\tupdated_at DATETIME DEFAULT 'now()' NOT NULL, \n\tPRIMARY KEY (id), \n\tFOREIGN KEY(query_id) REFERENCES ai_queries (id) ON DELETE CASCADE\n)\n\n"}
2026-01-15 13:06:27,553 INFO sqlalchemy.engine.Engine [no key 0.00008s] ()
{"asctime": "2026-01-15 13:06:27,553", "levelname": "INFO", "name": "sqlalchemy.engine.Engine", "message": "[no key 0.00008s] ()"}
2026-01-15 13:06:27,553 INFO sqlalchemy.engine.Engine CREATE INDEX idx_pipelines_status ON pipelines (status)
{"asctime": "2026-01-15 13:06:27,553", "levelname": "INFO", "name": "sqlalchemy.engine.Engine", "message": "CREATE INDEX idx_pipelines_status ON pipelines (status)"}
2026-01-15 13:06:27,553 INFO sqlalchemy.engine.Engine [no key 0.00007s] ()
{"asctime": "2026-01-15 13:06:27,553", "levelname": "INFO", "name": "sqlalchemy.engine.Engine", "message": "[no key 0.00007s] ()"}
2026-01-15 13:06:27,554 INFO sqlalchemy.engine.Engine CREATE INDEX ix_pipelines_started_at ON pipelines (started_at)
{"asctime": "2026-01-15 13:06:27,554", "levelname": "INFO", "name": "sqlalchemy.engine.Engine", "message": "CREATE INDEX ix_pipelines_started_at ON pipelines (started_at)"}
2026-01-15 13:06:27,554 INFO sqlalchemy.engine.Engine [no key 0.00007s] ()
{"asctime": "2026-01-15 13:06:27,554", "levelname": "INFO", "name": "sqlalchemy.engine.Engine", "message": "[no key 0.00007s] ()"}
2026-01-15 13:06:27,554 INFO sqlalchemy.engine.Engine CREATE INDEX idx_pipelines_started_at ON pipelines (started_at)
{"asctime": "2026-01-15 13:06:27,554", "levelname": "INFO", "name": "sqlalchemy.engine.Engine", "message": "CREATE INDEX idx_pipelines_started_at ON pipelines (started_at)"}
2026-01-15 13:06:27,554 INFO sqlalchemy.engine.Engine [no key 0.00007s] ()
{"asctime": "2026-01-15 13:06:27,554", "levelname": "INFO", "name": "sqlalchemy.engine.Engine", "message": "[no key 0.00007s] ()"}
2026-01-15 13:06:27,554 INFO sqlalchemy.engine.Engine CREATE INDEX idx_pipelines_query_id ON pipelines (query_id)
{"asctime": "2026-01-15 13:06:27,554", "levelname": "INFO", "name": "sqlalchemy.engine.Engine", "message": "CREATE INDEX idx_pipelines_query_id ON pipelines (query_id)"}
2026-01-15 13:06:27,554 INFO sqlalchemy.engine.Engine [no key 0.00007s] ()
{"asctime": "2026-01-15 13:06:27,554", "levelname": "INFO", "name": "sqlalchemy.engine.Engine", "message": "[no key 0.00007s] ()"}
2026-01-15 13:06:27,555 INFO sqlalchemy.engine.Engine CREATE INDEX ix_pipelines_query_id ON pipelines (query_id)
{"asctime": "2026-01-15 13:06:27,555", "levelname": "INFO", "name": "sqlalchemy.engine.Engine", "message": "CREATE INDEX ix_pipelines_query_id ON pipelines (query_id)"}
2026-01-15 13:06:27,555 INFO sqlalchemy.engine.Engine [no key 0.00007s] ()
{"asctime": "2026-01-15 13:06:27,555", "levelname": "INFO", "name": "sqlalchemy.engine.Engine", "message": "[no key 0.00007s] ()"}
2026-01-15 13:06:27,555 INFO sqlalchemy.engine.Engine 
CREATE TABLE widgets (
	id UUID NOT NULL, 
	dashboard_id UUID NOT NULL, 
	type VARCHAR(50) NOT NULL, 
	title VARCHAR(255) NOT NULL, 
	position JSON NOT NULL, 
	size JSON NOT NULL, 
	data JSON, 
	config JSON, 
	connection_id UUID, 
	query_id UUID, 
	created_at DATETIME DEFAULT CURRENT_TIMESTAMP NOT NULL, 
	updated_at DATETIME DEFAULT CURRENT_TIMESTAMP NOT NULL, 
	PRIMARY KEY (id), 
	FOREIGN KEY(dashboard_id) REFERENCES dashboards (id) ON DELETE CASCADE, 
	FOREIGN KEY(connection_id) REFERENCES data_connections (id) ON DELETE SET NULL, 
	FOREIGN KEY(query_id) REFERENCES ai_queries (id) ON DELETE SET NULL
)


{"asctime": "2026-01-15 13:06:27,555", "levelname": "INFO", "name": "sqlalchemy.engine.Engine", "message": "\nCREATE TABLE widgets (\n\tid UUID NOT NULL, \n\tdashboard_id UUID NOT NULL, \n\ttype VARCHAR(50) NOT NULL, \n\ttitle VARCHAR(255) NOT NULL, \n\tposition JSON NOT NULL, \n\tsize JSON NOT NULL, \n\tdata JSON, \n\tconfig JSON, \n\tconnection_id UUID, \n\tquery_id UUID, \n\tcreated_at DATETIME DEFAULT CURRENT_TIMESTAMP NOT NULL, \n\tupdated_at DATETIME DEFAULT CURRENT_TIMESTAMP NOT NULL, \n\tPRIMARY KEY (id), \n\tFOREIGN KEY(dashboard_id) REFERENCES dashboards (id) ON DELETE CASCADE, \n\tFOREIGN KEY(connection_id) REFERENCES data_connections (id) ON DELETE SET NULL, \n\tFOREIGN KEY(query_id) REFERENCES ai_queries (id) ON DELETE SET NULL\n)\n\n"}
2026-01-15 13:06:27,555 INFO sqlalchemy.engine.Engine [no key 0.00009s] ()
{"asctime": "2026-01-15 13:06:27,555", "levelname": "INFO", "name": "sqlalchemy.engine.Engine", "message": "[no key 0.00009s] ()"}
2026-01-15 13:06:27,556 INFO sqlalchemy.engine.Engine CREATE INDEX idx_widgets_type ON widgets (type)
{"asctime": "2026-01-15 13:06:27,556", "levelname": "INFO", "name": "sqlalchemy.engine.Engine", "message": "CREATE INDEX idx_widgets_type ON widgets (type)"}
2026-01-15 13:06:27,556 INFO sqlalchemy.engine.Engine [no key 0.00007s] ()
{"asctime": "2026-01-15 13:06:27,556", "levelname": "INFO", "name": "sqlalchemy.engine.Engine", "message": "[no key 0.00007s] ()"}
2026-01-15 13:06:27,556 INFO sqlalchemy.engine.Engine CREATE INDEX ix_widgets_query_id ON widgets (query_id)
{"asctime": "2026-01-15 13:06:27,556", "levelname": "INFO", "name": "sqlalchemy.engine.Engine", "message": "CREATE INDEX ix_widgets_query_id ON widgets (query_id)"}
2026-01-15 13:06:27,556 INFO sqlalchemy.engine.Engine [no key 0.00007s] ()
{"asctime": "2026-01-15 13:06:27,556", "levelname": "INFO", "name": "sqlalchemy.engine.Engine", "message": "[no key 0.00007s] ()"}
2026-01-15 13:06:27,557 INFO sqlalchemy.engine.Engine CREATE INDEX idx_widgets_connection_id ON widgets (connection_id)
{"asctime": "2026-01-15 13:06:27,557", "levelname": "INFO", "name": "sqlalchemy.engine.Engine", "message": "CREATE INDEX idx_widgets_connection_id ON widgets (connection_id)"}
2026-01-15 13:06:27,557 INFO sqlalchemy.engine.Engine [no key 0.00007s] ()
{"asctime": "2026-01-15 13:06:27,557", "levelname": "INFO", "name": "sqlalchemy.engine.Engine", "message": "[no key 0.00007s] ()"}
2026-01-15 13:06:27,557 INFO sqlalchemy.engine.Engine CREATE INDEX idx_widgets_query_id ON widgets (query_id)
{"asctime": "2026-01-15 13:06:27,557", "levelname": "INFO", "name": "sqlalchemy.engine.Engine", "message": "CREATE INDEX idx_widgets_query_id ON widgets (query_id)"}
2026-01-15 13:06:27,557 INFO sqlalchemy.engine.Engine [no key 0.00008s] ()
{"asctime": "2026-01-15 13:06:27,557", "levelname": "INFO", "name": "sqlalchemy.engine.Engine", "message": "[no key 0.00008s] ()"}
2026-01-15 13:06:27,557 INFO sqlalchemy.engine.Engine CREATE INDEX ix_widgets_dashboard_id ON widgets (dashboard_id)
{"asctime": "2026-01-15 13:06:27,557", "levelname": "INFO", "name": "sqlalchemy.engine.Engine", "message": "CREATE INDEX ix_widgets_dashboard_id ON widgets (dashboard_id)"}
2026-01-15 13:06:27,557 INFO sqlalchemy.engine.Engine [no key 0.00007s] ()
{"asctime": "2026-01-15 13:06:27,557", "levelname": "INFO", "name": "sqlalchemy.engine.Engine", "message": "[no key 0.00007s] ()"}
2026-01-15 13:06:27,558 INFO sqlalchemy.engine.Engine CREATE INDEX ix_widgets_connection_id ON widgets (connection_id)
{"asctime": "2026-01-15 13:06:27,558", "levelname": "INFO", "name": "sqlalchemy.engine.Engine", "message": "CREATE INDEX ix_widgets_connection_id ON widgets (connection_id)"}
2026-01-15 13:06:27,558 INFO sqlalchemy.engine.Engine [no key 0.00007s] ()
{"asctime": "2026-01-15 13:06:27,558", "levelname": "INFO", "name": "sqlalchemy.engine.Engine", "message": "[no key 0.00007s] ()"}
2026-01-15 13:06:27,558 INFO sqlalchemy.engine.Engine CREATE INDEX idx_widgets_dashboard_id ON widgets (dashboard_id)
{"asctime": "2026-01-15 13:06:27,558", "levelname": "INFO", "name": "sqlalchemy.engine.Engine", "message": "CREATE INDEX idx_widgets_dashboard_id ON widgets (dashboard_id)"}
2026-01-15 13:06:27,558 INFO sqlalchemy.engine.Engine [no key 0.00008s] ()
{"asctime": "2026-01-15 13:06:27,558", "levelname": "INFO", "name": "sqlalchemy.engine.Engine", "message": "[no key 0.00008s] ()"}
2026-01-15 13:06:27,559 INFO sqlalchemy.engine.Engine 
CREATE TABLE role_permissions (
	id UUID NOT NULL, 
	role VARCHAR(50) NOT NULL, 
	permissions JSON NOT NULL, 
	created_at DATETIME DEFAULT 'now()' NOT NULL, 
	updated_at DATETIME DEFAULT 'now()' NOT NULL, 
	PRIMARY KEY (id)
)


{"asctime": "2026-01-15 13:06:27,559", "levelname": "INFO", "name": "sqlalchemy.engine.Engine", "message": "\nCREATE TABLE role_permissions (\n\tid UUID NOT NULL, \n\trole VARCHAR(50) NOT NULL, \n\tpermissions JSON NOT NULL, \n\tcreated_at DATETIME DEFAULT 'now()' NOT NULL, \n\tupdated_at DATETIME DEFAULT 'now()' NOT NULL, \n\tPRIMARY KEY (id)\n)\n\n"}
2026-01-15 13:06:27,559 INFO sqlalchemy.engine.Engine [no key 0.00012s] ()
{"asctime": "2026-01-15 13:06:27,559", "levelname": "INFO", "name": "sqlalchemy.engine.Engine", "message": "[no key 0.00012s] ()"}
2026-01-15 13:06:27,559 INFO sqlalchemy.engine.Engine CREATE UNIQUE INDEX ix_role_permissions_role ON role_permissions (role)
{"asctime": "2026-01-15 13:06:27,559", "levelname": "INFO", "name": "sqlalchemy.engine.Engine", "message": "CREATE UNIQUE INDEX ix_role_permissions_role ON role_permissions (role)"}
2026-01-15 13:06:27,560 INFO sqlalchemy.engine.Engine [no key 0.00008s] ()
{"asctime": "2026-01-15 13:06:27,560", "levelname": "INFO", "name": "sqlalchemy.engine.Engine", "message": "[no key 0.00008s] ()"}
2026-01-15 13:06:27,560 INFO sqlalchemy.engine.Engine CREATE INDEX idx_role_permissions_role ON role_permissions (role)
{"asctime": "2026-01-15 13:06:27,560", "levelname": "INFO", "name": "sqlalchemy.engine.Engine", "message": "CREATE INDEX idx_role_permissions_role ON role_permissions (role)"}
2026-01-15 13:06:27,560 INFO sqlalchemy.engine.Engine [no key 0.00009s] ()
{"asctime": "2026-01-15 13:06:27,560", "levelname": "INFO", "name": "sqlalchemy.engine.Engine", "message": "[no key 0.00009s] ()"}
2026-01-15 13:06:27,561 INFO sqlalchemy.engine.Engine 
CREATE TABLE templates (
	id UUID NOT NULL, 
	name VARCHAR(255) NOT NULL, 
	creator VARCHAR(255) NOT NULL, 
	category VARCHAR(100) NOT NULL, 
	description TEXT, 
	thumbnail TEXT, 
	question TEXT, 
	widgets JSON DEFAULT '[]' NOT NULL, 
	icon VARCHAR(255), 
	color VARCHAR(7) NOT NULL, 
	popular BOOLEAN DEFAULT 'false' NOT NULL, 
	enterprise BOOLEAN DEFAULT 'false' NOT NULL, 
	created_at DATETIME DEFAULT 'now()' NOT NULL, 
	updated_at DATETIME DEFAULT 'now()' NOT NULL, 
	PRIMARY KEY (id)
)


{"asctime": "2026-01-15 13:06:27,561", "levelname": "INFO", "name": "sqlalchemy.engine.Engine", "message": "\nCREATE TABLE templates (\n\tid UUID NOT NULL, \n\tname VARCHAR(255) NOT NULL, \n\tcreator VARCHAR(255) NOT NULL, \n\tcategory VARCHAR(100) NOT NULL, \n\tdescription TEXT, \n\tthumbnail TEXT, \n\tquestion TEXT, \n\twidgets JSON DEFAULT '[]' NOT NULL, \n\ticon VARCHAR(255), \n\tcolor VARCHAR(7) NOT NULL, \n\tpopular BOOLEAN DEFAULT 'false' NOT NULL, \n\tenterprise BOOLEAN DEFAULT 'false' NOT NULL, \n\tcreated_at DATETIME DEFAULT 'now()' NOT NULL, \n\tupdated_at DATETIME DEFAULT 'now()' NOT NULL, \n\tPRIMARY KEY (id)\n)\n\n"}
2026-01-15 13:06:27,561 INFO sqlalchemy.engine.Engine [no key 0.00008s] ()
{"asctime": "2026-01-15 13:06:27,561", "levelname": "INFO", "name": "sqlalchemy.engine.Engine", "message": "[no key 0.00008s] ()"}
2026-01-15 13:06:27,561 INFO sqlalchemy.engine.Engine CREATE INDEX idx_templates_enterprise ON templates (enterprise)
{"asctime": "2026-01-15 13:06:27,561", "levelname": "INFO", "name": "sqlalchemy.engine.Engine", "message": "CREATE INDEX idx_templates_enterprise ON templates (enterprise)"}
2026-01-15 13:06:27,561 INFO sqlalchemy.engine.Engine [no key 0.00008s] ()
{"asctime": "2026-01-15 13:06:27,561", "levelname": "INFO", "name": "sqlalchemy.engine.Engine", "message": "[no key 0.00008s] ()"}
2026-01-15 13:06:27,561 INFO sqlalchemy.engine.Engine CREATE INDEX idx_templates_category ON templates (category)
{"asctime": "2026-01-15 13:06:27,561", "levelname": "INFO", "name": "sqlalchemy.engine.Engine", "message": "CREATE INDEX idx_templates_category ON templates (category)"}
2026-01-15 13:06:27,561 INFO sqlalchemy.engine.Engine [no key 0.00009s] ()
{"asctime": "2026-01-15 13:06:27,561", "levelname": "INFO", "name": "sqlalchemy.engine.Engine", "message": "[no key 0.00009s] ()"}
2026-01-15 13:06:27,562 INFO sqlalchemy.engine.Engine CREATE INDEX ix_templates_enterprise ON templates (enterprise)
{"asctime": "2026-01-15 13:06:27,562", "levelname": "INFO", "name": "sqlalchemy.engine.Engine", "message": "CREATE INDEX ix_templates_enterprise ON templates (enterprise)"}
2026-01-15 13:06:27,562 INFO sqlalchemy.engine.Engine [no key 0.00007s] ()
{"asctime": "2026-01-15 13:06:27,562", "levelname": "INFO", "name": "sqlalchemy.engine.Engine", "message": "[no key 0.00007s] ()"}
2026-01-15 13:06:27,562 INFO sqlalchemy.engine.Engine CREATE INDEX ix_templates_category ON templates (category)
{"asctime": "2026-01-15 13:06:27,562", "levelname": "INFO", "name": "sqlalchemy.engine.Engine", "message": "CREATE INDEX ix_templates_category ON templates (category)"}
2026-01-15 13:06:27,562 INFO sqlalchemy.engine.Engine [no key 0.00008s] ()
{"asctime": "2026-01-15 13:06:27,562", "levelname": "INFO", "name": "sqlalchemy.engine.Engine", "message": "[no key 0.00008s] ()"}
2026-01-15 13:06:27,563 INFO sqlalchemy.engine.Engine CREATE INDEX idx_templates_popular ON templates (popular)
{"asctime": "2026-01-15 13:06:27,563", "levelname": "INFO", "name": "sqlalchemy.engine.Engine", "message": "CREATE INDEX idx_templates_popular ON templates (popular)"}
2026-01-15 13:06:27,563 INFO sqlalchemy.engine.Engine [no key 0.00007s] ()
{"asctime": "2026-01-15 13:06:27,563", "levelname": "INFO", "name": "sqlalchemy.engine.Engine", "message": "[no key 0.00007s] ()"}
2026-01-15 13:06:27,563 INFO sqlalchemy.engine.Engine CREATE INDEX ix_templates_popular ON templates (popular)
{"asctime": "2026-01-15 13:06:27,563", "levelname": "INFO", "name": "sqlalchemy.engine.Engine", "message": "CREATE INDEX ix_templates_popular ON templates (popular)"}
2026-01-15 13:06:27,563 INFO sqlalchemy.engine.Engine [no key 0.00007s] ()
{"asctime": "2026-01-15 13:06:27,563", "levelname": "INFO", "name": "sqlalchemy.engine.Engine", "message": "[no key 0.00007s] ()"}
2026-01-15 13:06:27,564 INFO sqlalchemy.engine.Engine 
CREATE TABLE users (
	id UUID NOT NULL, 
	email VARCHAR(255) NOT NULL, 
	password_hash VARCHAR(255) NOT NULL, 
	name VARCHAR(255) NOT NULL, 
	avatar TEXT, 
	role VARCHAR(50) DEFAULT 'user' NOT NULL, 
	email_verified BOOLEAN DEFAULT 'false' NOT NULL, 
	email_verified_at DATETIME, 
	onboarding_step VARCHAR(50) DEFAULT '0' NOT NULL, 
	has_completed_onboarding BOOLEAN DEFAULT 'false' NOT NULL, 
	selected_domain VARCHAR(255), 
	last_login_at DATETIME, 
	auth0_id VARCHAR(255), 
	auth_provider VARCHAR(50) DEFAULT 'local' NOT NULL, 
	auth_provider_id VARCHAR(255), 
	invite_token VARCHAR(255), 
	invite_expires_at DATETIME, 
	invited_by UUID, 
	sso_metadata JSON, 
	created_at DATETIME DEFAULT CURRENT_TIMESTAMP NOT NULL, 
	updated_at DATETIME DEFAULT CURRENT_TIMESTAMP NOT NULL, 
	deleted_at DATETIME, 
	PRIMARY KEY (id), 
	FOREIGN KEY(invited_by) REFERENCES users (id) ON DELETE SET NULL
)


{"asctime": "2026-01-15 13:06:27,564", "levelname": "INFO", "name": "sqlalchemy.engine.Engine", "message": "\nCREATE TABLE users (\n\tid UUID NOT NULL, \n\temail VARCHAR(255) NOT NULL, \n\tpassword_hash VARCHAR(255) NOT NULL, \n\tname VARCHAR(255) NOT NULL, \n\tavatar TEXT, \n\trole VARCHAR(50) DEFAULT 'user' NOT NULL, \n\temail_verified BOOLEAN DEFAULT 'false' NOT NULL, \n\temail_verified_at DATETIME, \n\tonboarding_step VARCHAR(50) DEFAULT '0' NOT NULL, \n\thas_completed_onboarding BOOLEAN DEFAULT 'false' NOT NULL, \n\tselected_domain VARCHAR(255), \n\tlast_login_at DATETIME, \n\tauth0_id VARCHAR(255), \n\tauth_provider VARCHAR(50) DEFAULT 'local' NOT NULL, \n\tauth_provider_id VARCHAR(255), \n\tinvite_token VARCHAR(255), \n\tinvite_expires_at DATETIME, \n\tinvited_by UUID, \n\tsso_metadata JSON, \n\tcreated_at DATETIME DEFAULT CURRENT_TIMESTAMP NOT NULL, \n\tupdated_at DATETIME DEFAULT CURRENT_TIMESTAMP NOT NULL, \n\tdeleted_at DATETIME, \n\tPRIMARY KEY (id), \n\tFOREIGN KEY(invited_by) REFERENCES users (id) ON DELETE SET NULL\n)\n\n"}
2026-01-15 13:06:27,564 INFO sqlalchemy.engine.Engine [no key 0.00010s] ()
{"asctime": "2026-01-15 13:06:27,564", "levelname": "INFO", "name": "sqlalchemy.engine.Engine", "message": "[no key 0.00010s] ()"}
2026-01-15 13:06:27,564 INFO sqlalchemy.engine.Engine CREATE UNIQUE INDEX ix_users_email ON users (email)
{"asctime": "2026-01-15 13:06:27,564", "levelname": "INFO", "name": "sqlalchemy.engine.Engine", "message": "CREATE UNIQUE INDEX ix_users_email ON users (email)"}
2026-01-15 13:06:27,564 INFO sqlalchemy.engine.Engine [no key 0.00008s] ()
{"asctime": "2026-01-15 13:06:27,564", "levelname": "INFO", "name": "sqlalchemy.engine.Engine", "message": "[no key 0.00008s] ()"}
2026-01-15 13:06:27,565 INFO sqlalchemy.engine.Engine CREATE UNIQUE INDEX ix_users_auth0_id ON users (auth0_id)
{"asctime": "2026-01-15 13:06:27,565", "levelname": "INFO", "name": "sqlalchemy.engine.Engine", "message": "CREATE UNIQUE INDEX ix_users_auth0_id ON users (auth0_id)"}
2026-01-15 13:06:27,565 INFO sqlalchemy.engine.Engine [no key 0.00008s] ()
{"asctime": "2026-01-15 13:06:27,565", "levelname": "INFO", "name": "sqlalchemy.engine.Engine", "message": "[no key 0.00008s] ()"}
2026-01-15 13:06:27,565 INFO sqlalchemy.engine.Engine CREATE INDEX idx_users_created_at ON users (created_at)
{"asctime": "2026-01-15 13:06:27,565", "levelname": "INFO", "name": "sqlalchemy.engine.Engine", "message": "CREATE INDEX idx_users_created_at ON users (created_at)"}
2026-01-15 13:06:27,565 INFO sqlalchemy.engine.Engine [no key 0.00007s] ()
{"asctime": "2026-01-15 13:06:27,565", "levelname": "INFO", "name": "sqlalchemy.engine.Engine", "message": "[no key 0.00007s] ()"}
2026-01-15 13:06:27,565 INFO sqlalchemy.engine.Engine CREATE INDEX idx_users_email ON users (email)
{"asctime": "2026-01-15 13:06:27,565", "levelname": "INFO", "name": "sqlalchemy.engine.Engine", "message": "CREATE INDEX idx_users_email ON users (email)"}
2026-01-15 13:06:27,565 INFO sqlalchemy.engine.Engine [no key 0.00007s] ()
{"asctime": "2026-01-15 13:06:27,565", "levelname": "INFO", "name": "sqlalchemy.engine.Engine", "message": "[no key 0.00007s] ()"}
2026-01-15 13:06:27,566 INFO sqlalchemy.engine.Engine CREATE INDEX ix_users_invite_token ON users (invite_token)
{"asctime": "2026-01-15 13:06:27,566", "levelname": "INFO", "name": "sqlalchemy.engine.Engine", "message": "CREATE INDEX ix_users_invite_token ON users (invite_token)"}
2026-01-15 13:06:27,566 INFO sqlalchemy.engine.Engine [no key 0.00007s] ()
{"asctime": "2026-01-15 13:06:27,566", "levelname": "INFO", "name": "sqlalchemy.engine.Engine", "message": "[no key 0.00007s] ()"}
2026-01-15 13:06:27,566 INFO sqlalchemy.engine.Engine CREATE INDEX idx_users_auth0_id ON users (auth0_id)
{"asctime": "2026-01-15 13:06:27,566", "levelname": "INFO", "name": "sqlalchemy.engine.Engine", "message": "CREATE INDEX idx_users_auth0_id ON users (auth0_id)"}
2026-01-15 13:06:27,566 INFO sqlalchemy.engine.Engine [no key 0.00009s] ()
{"asctime": "2026-01-15 13:06:27,566", "levelname": "INFO", "name": "sqlalchemy.engine.Engine", "message": "[no key 0.00009s] ()"}
2026-01-15 13:06:27,567 INFO sqlalchemy.engine.Engine CREATE INDEX idx_users_invite_token ON users (invite_token)
{"asctime": "2026-01-15 13:06:27,567", "levelname": "INFO", "name": "sqlalchemy.engine.Engine", "message": "CREATE INDEX idx_users_invite_token ON users (invite_token)"}
2026-01-15 13:06:27,567 INFO sqlalchemy.engine.Engine [no key 0.00011s] ()
{"asctime": "2026-01-15 13:06:27,567", "levelname": "INFO", "name": "sqlalchemy.engine.Engine", "message": "[no key 0.00011s] ()"}
2026-01-15 13:06:27,567 INFO sqlalchemy.engine.Engine CREATE INDEX ix_users_auth_provider_id ON users (auth_provider_id)
{"asctime": "2026-01-15 13:06:27,567", "levelname": "INFO", "name": "sqlalchemy.engine.Engine", "message": "CREATE INDEX ix_users_auth_provider_id ON users (auth_provider_id)"}
2026-01-15 13:06:27,567 INFO sqlalchemy.engine.Engine [no key 0.00012s] ()
{"asctime": "2026-01-15 13:06:27,567", "levelname": "INFO", "name": "sqlalchemy.engine.Engine", "message": "[no key 0.00012s] ()"}
2026-01-15 13:06:27,568 INFO sqlalchemy.engine.Engine CREATE INDEX idx_users_role ON users (role)
{"asctime": "2026-01-15 13:06:27,568", "levelname": "INFO", "name": "sqlalchemy.engine.Engine", "message": "CREATE INDEX idx_users_role ON users (role)"}
2026-01-15 13:06:27,568 INFO sqlalchemy.engine.Engine [no key 0.00008s] ()
{"asctime": "2026-01-15 13:06:27,568", "levelname": "INFO", "name": "sqlalchemy.engine.Engine", "message": "[no key 0.00008s] ()"}
2026-01-15 13:06:27,568 INFO sqlalchemy.engine.Engine CREATE INDEX idx_users_auth_provider ON users (auth_provider)
{"asctime": "2026-01-15 13:06:27,568", "levelname": "INFO", "name": "sqlalchemy.engine.Engine", "message": "CREATE INDEX idx_users_auth_provider ON users (auth_provider)"}
2026-01-15 13:06:27,568 INFO sqlalchemy.engine.Engine [no key 0.00012s] ()
{"asctime": "2026-01-15 13:06:27,568", "levelname": "INFO", "name": "sqlalchemy.engine.Engine", "message": "[no key 0.00012s] ()"}
2026-01-15 13:06:27,569 INFO sqlalchemy.engine.Engine 
CREATE TABLE ai_history (
	id UUID NOT NULL, 
	user_id UUID NOT NULL, 
	"query" TEXT NOT NULL, 
	preview TEXT NOT NULL, 
	answer TEXT NOT NULL, 
	date DATETIME DEFAULT 'now()' NOT NULL, 
	tags JSON DEFAULT '[]' NOT NULL, 
	category VARCHAR(50), 
	pinned BOOLEAN DEFAULT 'false' NOT NULL, 
	created_at DATETIME DEFAULT 'now()' NOT NULL, 
	updated_at DATETIME DEFAULT 'now()' NOT NULL, 
	PRIMARY KEY (id), 
	FOREIGN KEY(user_id) REFERENCES users (id) ON DELETE CASCADE
)


{"asctime": "2026-01-15 13:06:27,569", "levelname": "INFO", "name": "sqlalchemy.engine.Engine", "message": "\nCREATE TABLE ai_history (\n\tid UUID NOT NULL, \n\tuser_id UUID NOT NULL, \n\t\"query\" TEXT NOT NULL, \n\tpreview TEXT NOT NULL, \n\tanswer TEXT NOT NULL, \n\tdate DATETIME DEFAULT 'now()' NOT NULL, \n\ttags JSON DEFAULT '[]' NOT NULL, \n\tcategory VARCHAR(50), \n\tpinned BOOLEAN DEFAULT 'false' NOT NULL, \n\tcreated_at DATETIME DEFAULT 'now()' NOT NULL, \n\tupdated_at DATETIME DEFAULT 'now()' NOT NULL, \n\tPRIMARY KEY (id), \n\tFOREIGN KEY(user_id) REFERENCES users (id) ON DELETE CASCADE\n)\n\n"}
2026-01-15 13:06:27,569 INFO sqlalchemy.engine.Engine [no key 0.00012s] ()
{"asctime": "2026-01-15 13:06:27,569", "levelname": "INFO", "name": "sqlalchemy.engine.Engine", "message": "[no key 0.00012s] ()"}
2026-01-15 13:06:27,569 INFO sqlalchemy.engine.Engine CREATE INDEX idx_ai_history_pinned ON ai_history (pinned)
{"asctime": "2026-01-15 13:06:27,569", "levelname": "INFO", "name": "sqlalchemy.engine.Engine", "message": "CREATE INDEX idx_ai_history_pinned ON ai_history (pinned)"}
2026-01-15 13:06:27,569 INFO sqlalchemy.engine.Engine [no key 0.00010s] ()
{"asctime": "2026-01-15 13:06:27,569", "levelname": "INFO", "name": "sqlalchemy.engine.Engine", "message": "[no key 0.00010s] ()"}
2026-01-15 13:06:27,570 INFO sqlalchemy.engine.Engine CREATE INDEX ix_ai_history_user_id ON ai_history (user_id)
{"asctime": "2026-01-15 13:06:27,570", "levelname": "INFO", "name": "sqlalchemy.engine.Engine", "message": "CREATE INDEX ix_ai_history_user_id ON ai_history (user_id)"}
2026-01-15 13:06:27,570 INFO sqlalchemy.engine.Engine [no key 0.00007s] ()
{"asctime": "2026-01-15 13:06:27,570", "levelname": "INFO", "name": "sqlalchemy.engine.Engine", "message": "[no key 0.00007s] ()"}
2026-01-15 13:06:27,570 INFO sqlalchemy.engine.Engine CREATE INDEX ix_ai_history_pinned ON ai_history (pinned)
{"asctime": "2026-01-15 13:06:27,570", "levelname": "INFO", "name": "sqlalchemy.engine.Engine", "message": "CREATE INDEX ix_ai_history_pinned ON ai_history (pinned)"}
2026-01-15 13:06:27,570 INFO sqlalchemy.engine.Engine [no key 0.00008s] ()
{"asctime": "2026-01-15 13:06:27,570", "levelname": "INFO", "name": "sqlalchemy.engine.Engine", "message": "[no key 0.00008s] ()"}
2026-01-15 13:06:27,571 INFO sqlalchemy.engine.Engine CREATE INDEX idx_ai_history_category ON ai_history (category)
{"asctime": "2026-01-15 13:06:27,571", "levelname": "INFO", "name": "sqlalchemy.engine.Engine", "message": "CREATE INDEX idx_ai_history_category ON ai_history (category)"}
2026-01-15 13:06:27,571 INFO sqlalchemy.engine.Engine [no key 0.00007s] ()
{"asctime": "2026-01-15 13:06:27,571", "levelname": "INFO", "name": "sqlalchemy.engine.Engine", "message": "[no key 0.00007s] ()"}
2026-01-15 13:06:27,571 INFO sqlalchemy.engine.Engine CREATE INDEX idx_ai_history_date ON ai_history (date)
{"asctime": "2026-01-15 13:06:27,571", "levelname": "INFO", "name": "sqlalchemy.engine.Engine", "message": "CREATE INDEX idx_ai_history_date ON ai_history (date)"}
2026-01-15 13:06:27,571 INFO sqlalchemy.engine.Engine [no key 0.00007s] ()
{"asctime": "2026-01-15 13:06:27,571", "levelname": "INFO", "name": "sqlalchemy.engine.Engine", "message": "[no key 0.00007s] ()"}
2026-01-15 13:06:27,571 INFO sqlalchemy.engine.Engine CREATE INDEX idx_ai_history_user_id ON ai_history (user_id)
{"asctime": "2026-01-15 13:06:27,571", "levelname": "INFO", "name": "sqlalchemy.engine.Engine", "message": "CREATE INDEX idx_ai_history_user_id ON ai_history (user_id)"}
2026-01-15 13:06:27,571 INFO sqlalchemy.engine.Engine [no key 0.00007s] ()
{"asctime": "2026-01-15 13:06:27,571", "levelname": "INFO", "name": "sqlalchemy.engine.Engine", "message": "[no key 0.00007s] ()"}
2026-01-15 13:06:27,572 INFO sqlalchemy.engine.Engine CREATE INDEX idx_ai_history_user_date ON ai_history (user_id, date)
{"asctime": "2026-01-15 13:06:27,572", "levelname": "INFO", "name": "sqlalchemy.engine.Engine", "message": "CREATE INDEX idx_ai_history_user_date ON ai_history (user_id, date)"}
2026-01-15 13:06:27,572 INFO sqlalchemy.engine.Engine [no key 0.00007s] ()
{"asctime": "2026-01-15 13:06:27,572", "levelname": "INFO", "name": "sqlalchemy.engine.Engine", "message": "[no key 0.00007s] ()"}
2026-01-15 13:06:27,572 INFO sqlalchemy.engine.Engine CREATE INDEX ix_ai_history_date ON ai_history (date)
{"asctime": "2026-01-15 13:06:27,572", "levelname": "INFO", "name": "sqlalchemy.engine.Engine", "message": "CREATE INDEX ix_ai_history_date ON ai_history (date)"}
2026-01-15 13:06:27,572 INFO sqlalchemy.engine.Engine [no key 0.00007s] ()
{"asctime": "2026-01-15 13:06:27,572", "levelname": "INFO", "name": "sqlalchemy.engine.Engine", "message": "[no key 0.00007s] ()"}
2026-01-15 13:06:27,573 INFO sqlalchemy.engine.Engine 
CREATE TABLE chat_messages (
	id UUID NOT NULL, 
	widget_id UUID NOT NULL, 
	type VARCHAR(50) NOT NULL, 
	content TEXT NOT NULL, 
	timestamp DATETIME DEFAULT 'now()' NOT NULL, 
	created_at DATETIME DEFAULT 'now()' NOT NULL, 
	PRIMARY KEY (id), 
	FOREIGN KEY(widget_id) REFERENCES widgets (id) ON DELETE CASCADE
)


{"asctime": "2026-01-15 13:06:27,573", "levelname": "INFO", "name": "sqlalchemy.engine.Engine", "message": "\nCREATE TABLE chat_messages (\n\tid UUID NOT NULL, \n\twidget_id UUID NOT NULL, \n\ttype VARCHAR(50) NOT NULL, \n\tcontent TEXT NOT NULL, \n\ttimestamp DATETIME DEFAULT 'now()' NOT NULL, \n\tcreated_at DATETIME DEFAULT 'now()' NOT NULL, \n\tPRIMARY KEY (id), \n\tFOREIGN KEY(widget_id) REFERENCES widgets (id) ON DELETE CASCADE\n)\n\n"}
2026-01-15 13:06:27,573 INFO sqlalchemy.engine.Engine [no key 0.00008s] ()
{"asctime": "2026-01-15 13:06:27,573", "levelname": "INFO", "name": "sqlalchemy.engine.Engine", "message": "[no key 0.00008s] ()"}
2026-01-15 13:06:27,573 INFO sqlalchemy.engine.Engine CREATE INDEX idx_chat_messages_widget_id ON chat_messages (widget_id)
{"asctime": "2026-01-15 13:06:27,573", "levelname": "INFO", "name": "sqlalchemy.engine.Engine", "message": "CREATE INDEX idx_chat_messages_widget_id ON chat_messages (widget_id)"}
2026-01-15 13:06:27,573 INFO sqlalchemy.engine.Engine [no key 0.00008s] ()
{"asctime": "2026-01-15 13:06:27,573", "levelname": "INFO", "name": "sqlalchemy.engine.Engine", "message": "[no key 0.00008s] ()"}
2026-01-15 13:06:27,573 INFO sqlalchemy.engine.Engine CREATE INDEX idx_chat_messages_timestamp ON chat_messages (timestamp)
{"asctime": "2026-01-15 13:06:27,573", "levelname": "INFO", "name": "sqlalchemy.engine.Engine", "message": "CREATE INDEX idx_chat_messages_timestamp ON chat_messages (timestamp)"}
2026-01-15 13:06:27,574 INFO sqlalchemy.engine.Engine [no key 0.00007s] ()
{"asctime": "2026-01-15 13:06:27,574", "levelname": "INFO", "name": "sqlalchemy.engine.Engine", "message": "[no key 0.00007s] ()"}
2026-01-15 13:06:27,574 INFO sqlalchemy.engine.Engine CREATE INDEX ix_chat_messages_timestamp ON chat_messages (timestamp)
{"asctime": "2026-01-15 13:06:27,574", "levelname": "INFO", "name": "sqlalchemy.engine.Engine", "message": "CREATE INDEX ix_chat_messages_timestamp ON chat_messages (timestamp)"}
2026-01-15 13:06:27,574 INFO sqlalchemy.engine.Engine [no key 0.00007s] ()
{"asctime": "2026-01-15 13:06:27,574", "levelname": "INFO", "name": "sqlalchemy.engine.Engine", "message": "[no key 0.00007s] ()"}
2026-01-15 13:06:27,574 INFO sqlalchemy.engine.Engine CREATE INDEX ix_chat_messages_widget_id ON chat_messages (widget_id)
{"asctime": "2026-01-15 13:06:27,574", "levelname": "INFO", "name": "sqlalchemy.engine.Engine", "message": "CREATE INDEX ix_chat_messages_widget_id ON chat_messages (widget_id)"}
2026-01-15 13:06:27,574 INFO sqlalchemy.engine.Engine [no key 0.00007s] ()
{"asctime": "2026-01-15 13:06:27,574", "levelname": "INFO", "name": "sqlalchemy.engine.Engine", "message": "[no key 0.00007s] ()"}
2026-01-15 13:06:27,575 INFO sqlalchemy.engine.Engine 
CREATE TABLE ai_responses (
	id UUID NOT NULL, 
	widget_id UUID NOT NULL, 
	content TEXT NOT NULL, 
	timestamp DATETIME DEFAULT 'now()' NOT NULL, 
	is_active BOOLEAN DEFAULT 'true' NOT NULL, 
	created_at DATETIME DEFAULT 'now()' NOT NULL, 
	PRIMARY KEY (id), 
	FOREIGN KEY(widget_id) REFERENCES widgets (id) ON DELETE CASCADE
)


{"asctime": "2026-01-15 13:06:27,575", "levelname": "INFO", "name": "sqlalchemy.engine.Engine", "message": "\nCREATE TABLE ai_responses (\n\tid UUID NOT NULL, \n\twidget_id UUID NOT NULL, \n\tcontent TEXT NOT NULL, \n\ttimestamp DATETIME DEFAULT 'now()' NOT NULL, \n\tis_active BOOLEAN DEFAULT 'true' NOT NULL, \n\tcreated_at DATETIME DEFAULT 'now()' NOT NULL, \n\tPRIMARY KEY (id), \n\tFOREIGN KEY(widget_id) REFERENCES widgets (id) ON DELETE CASCADE\n)\n\n"}
2026-01-15 13:06:27,575 INFO sqlalchemy.engine.Engine [no key 0.00008s] ()
{"asctime": "2026-01-15 13:06:27,575", "levelname": "INFO", "name": "sqlalchemy.engine.Engine", "message": "[no key 0.00008s] ()"}
2026-01-15 13:06:27,575 INFO sqlalchemy.engine.Engine CREATE INDEX idx_ai_responses_timestamp ON ai_responses (timestamp)
{"asctime": "2026-01-15 13:06:27,575", "levelname": "INFO", "name": "sqlalchemy.engine.Engine", "message": "CREATE INDEX idx_ai_responses_timestamp ON ai_responses (timestamp)"}
2026-01-15 13:06:27,575 INFO sqlalchemy.engine.Engine [no key 0.00008s] ()
{"asctime": "2026-01-15 13:06:27,575", "levelname": "INFO", "name": "sqlalchemy.engine.Engine", "message": "[no key 0.00008s] ()"}
2026-01-15 13:06:27,576 INFO sqlalchemy.engine.Engine CREATE INDEX idx_ai_responses_widget_id ON ai_responses (widget_id)
{"asctime": "2026-01-15 13:06:27,576", "levelname": "INFO", "name": "sqlalchemy.engine.Engine", "message": "CREATE INDEX idx_ai_responses_widget_id ON ai_responses (widget_id)"}
2026-01-15 13:06:27,576 INFO sqlalchemy.engine.Engine [no key 0.00008s] ()
{"asctime": "2026-01-15 13:06:27,576", "levelname": "INFO", "name": "sqlalchemy.engine.Engine", "message": "[no key 0.00008s] ()"}
2026-01-15 13:06:27,576 INFO sqlalchemy.engine.Engine CREATE INDEX ix_ai_responses_is_active ON ai_responses (is_active)
{"asctime": "2026-01-15 13:06:27,576", "levelname": "INFO", "name": "sqlalchemy.engine.Engine", "message": "CREATE INDEX ix_ai_responses_is_active ON ai_responses (is_active)"}
2026-01-15 13:06:27,576 INFO sqlalchemy.engine.Engine [no key 0.00007s] ()
{"asctime": "2026-01-15 13:06:27,576", "levelname": "INFO", "name": "sqlalchemy.engine.Engine", "message": "[no key 0.00007s] ()"}
2026-01-15 13:06:27,577 INFO sqlalchemy.engine.Engine CREATE INDEX ix_ai_responses_widget_id ON ai_responses (widget_id)
{"asctime": "2026-01-15 13:06:27,577", "levelname": "INFO", "name": "sqlalchemy.engine.Engine", "message": "CREATE INDEX ix_ai_responses_widget_id ON ai_responses (widget_id)"}
2026-01-15 13:06:27,577 INFO sqlalchemy.engine.Engine [no key 0.00008s] ()
{"asctime": "2026-01-15 13:06:27,577", "levelname": "INFO", "name": "sqlalchemy.engine.Engine", "message": "[no key 0.00008s] ()"}
2026-01-15 13:06:27,577 INFO sqlalchemy.engine.Engine CREATE INDEX ix_ai_responses_timestamp ON ai_responses (timestamp)
{"asctime": "2026-01-15 13:06:27,577", "levelname": "INFO", "name": "sqlalchemy.engine.Engine", "message": "CREATE INDEX ix_ai_responses_timestamp ON ai_responses (timestamp)"}
2026-01-15 13:06:27,577 INFO sqlalchemy.engine.Engine [no key 0.00008s] ()
{"asctime": "2026-01-15 13:06:27,577", "levelname": "INFO", "name": "sqlalchemy.engine.Engine", "message": "[no key 0.00008s] ()"}
2026-01-15 13:06:27,577 INFO sqlalchemy.engine.Engine CREATE INDEX idx_ai_responses_is_active ON ai_responses (is_active)
{"asctime": "2026-01-15 13:06:27,577", "levelname": "INFO", "name": "sqlalchemy.engine.Engine", "message": "CREATE INDEX idx_ai_responses_is_active ON ai_responses (is_active)"}
2026-01-15 13:06:27,578 INFO sqlalchemy.engine.Engine [no key 0.00008s] ()
{"asctime": "2026-01-15 13:06:27,578", "levelname": "INFO", "name": "sqlalchemy.engine.Engine", "message": "[no key 0.00008s] ()"}
2026-01-15 13:06:27,578 INFO sqlalchemy.engine.Engine 
CREATE TABLE ai_feedback (
	id UUID NOT NULL, 
	query_id UUID NOT NULL, 
	user_id UUID NOT NULL, 
	rating VARCHAR(10) NOT NULL, 
	comment TEXT, 
	created_at DATETIME DEFAULT 'now()' NOT NULL, 
	updated_at DATETIME DEFAULT 'now()' NOT NULL, 
	PRIMARY KEY (id), 
	CONSTRAINT ck_ai_feedback_rating CHECK (rating IN ('good', 'bad')), 
	CONSTRAINT uq_ai_feedback_query_user UNIQUE (query_id, user_id), 
	FOREIGN KEY(query_id) REFERENCES ai_queries (id) ON DELETE CASCADE, 
	FOREIGN KEY(user_id) REFERENCES users (id) ON DELETE CASCADE
)


{"asctime": "2026-01-15 13:06:27,578", "levelname": "INFO", "name": "sqlalchemy.engine.Engine", "message": "\nCREATE TABLE ai_feedback (\n\tid UUID NOT NULL, \n\tquery_id UUID NOT NULL, \n\tuser_id UUID NOT NULL, \n\trating VARCHAR(10) NOT NULL, \n\tcomment TEXT, \n\tcreated_at DATETIME DEFAULT 'now()' NOT NULL, \n\tupdated_at DATETIME DEFAULT 'now()' NOT NULL, \n\tPRIMARY KEY (id), \n\tCONSTRAINT ck_ai_feedback_rating CHECK (rating IN ('good', 'bad')), \n\tCONSTRAINT uq_ai_feedback_query_user UNIQUE (query_id, user_id), \n\tFOREIGN KEY(query_id) REFERENCES ai_queries (id) ON DELETE CASCADE, \n\tFOREIGN KEY(user_id) REFERENCES users (id) ON DELETE CASCADE\n)\n\n"}
2026-01-15 13:06:27,578 INFO sqlalchemy.engine.Engine [no key 0.00008s] ()
{"asctime": "2026-01-15 13:06:27,578", "levelname": "INFO", "name": "sqlalchemy.engine.Engine", "message": "[no key 0.00008s] ()"}
2026-01-15 13:06:27,578 INFO sqlalchemy.engine.Engine CREATE INDEX ix_ai_feedback_query_id ON ai_feedback (query_id)
{"asctime": "2026-01-15 13:06:27,578", "levelname": "INFO", "name": "sqlalchemy.engine.Engine", "message": "CREATE INDEX ix_ai_feedback_query_id ON ai_feedback (query_id)"}
2026-01-15 13:06:27,579 INFO sqlalchemy.engine.Engine [no key 0.00007s] ()
{"asctime": "2026-01-15 13:06:27,579", "levelname": "INFO", "name": "sqlalchemy.engine.Engine", "message": "[no key 0.00007s] ()"}
2026-01-15 13:06:27,579 INFO sqlalchemy.engine.Engine CREATE INDEX idx_ai_feedback_user_id ON ai_feedback (user_id)
{"asctime": "2026-01-15 13:06:27,579", "levelname": "INFO", "name": "sqlalchemy.engine.Engine", "message": "CREATE INDEX idx_ai_feedback_user_id ON ai_feedback (user_id)"}
2026-01-15 13:06:27,579 INFO sqlalchemy.engine.Engine [no key 0.00007s] ()
{"asctime": "2026-01-15 13:06:27,579", "levelname": "INFO", "name": "sqlalchemy.engine.Engine", "message": "[no key 0.00007s] ()"}
2026-01-15 13:06:27,579 INFO sqlalchemy.engine.Engine CREATE INDEX idx_ai_feedback_created_at ON ai_feedback (created_at)
{"asctime": "2026-01-15 13:06:27,579", "levelname": "INFO", "name": "sqlalchemy.engine.Engine", "message": "CREATE INDEX idx_ai_feedback_created_at ON ai_feedback (created_at)"}
2026-01-15 13:06:27,579 INFO sqlalchemy.engine.Engine [no key 0.00007s] ()
{"asctime": "2026-01-15 13:06:27,579", "levelname": "INFO", "name": "sqlalchemy.engine.Engine", "message": "[no key 0.00007s] ()"}
2026-01-15 13:06:27,580 INFO sqlalchemy.engine.Engine CREATE INDEX ix_ai_feedback_user_id ON ai_feedback (user_id)
{"asctime": "2026-01-15 13:06:27,580", "levelname": "INFO", "name": "sqlalchemy.engine.Engine", "message": "CREATE INDEX ix_ai_feedback_user_id ON ai_feedback (user_id)"}
2026-01-15 13:06:27,580 INFO sqlalchemy.engine.Engine [no key 0.00007s] ()
{"asctime": "2026-01-15 13:06:27,580", "levelname": "INFO", "name": "sqlalchemy.engine.Engine", "message": "[no key 0.00007s] ()"}
2026-01-15 13:06:27,580 INFO sqlalchemy.engine.Engine CREATE INDEX idx_ai_feedback_query_id ON ai_feedback (query_id)
{"asctime": "2026-01-15 13:06:27,580", "levelname": "INFO", "name": "sqlalchemy.engine.Engine", "message": "CREATE INDEX idx_ai_feedback_query_id ON ai_feedback (query_id)"}
2026-01-15 13:06:27,580 INFO sqlalchemy.engine.Engine [no key 0.00007s] ()
{"asctime": "2026-01-15 13:06:27,580", "levelname": "INFO", "name": "sqlalchemy.engine.Engine", "message": "[no key 0.00007s] ()"}
2026-01-15 13:06:27,581 INFO sqlalchemy.engine.Engine 
CREATE TABLE data_connections (
	id UUID NOT NULL, 
	name VARCHAR(255) NOT NULL, 
	connector_id VARCHAR(100) NOT NULL, 
	description TEXT, 
	status VARCHAR(50) DEFAULT 'inactive' NOT NULL, 
	config JSON NOT NULL, 
	sync_frequency VARCHAR(100), 
	last_sync DATETIME, 
	next_sync DATETIME, 
	last_metadata_update DATETIME, 
	error JSON, 
	created_by UUID NOT NULL, 
	created_at DATETIME DEFAULT 'now()' NOT NULL, 
	updated_at DATETIME DEFAULT 'now()' NOT NULL, 
	deleted_at DATETIME, 
	PRIMARY KEY (id), 
	FOREIGN KEY(created_by) REFERENCES users (id) ON DELETE CASCADE
)


{"asctime": "2026-01-15 13:06:27,581", "levelname": "INFO", "name": "sqlalchemy.engine.Engine", "message": "\nCREATE TABLE data_connections (\n\tid UUID NOT NULL, \n\tname VARCHAR(255) NOT NULL, \n\tconnector_id VARCHAR(100) NOT NULL, \n\tdescription TEXT, \n\tstatus VARCHAR(50) DEFAULT 'inactive' NOT NULL, \n\tconfig JSON NOT NULL, \n\tsync_frequency VARCHAR(100), \n\tlast_sync DATETIME, \n\tnext_sync DATETIME, \n\tlast_metadata_update DATETIME, \n\terror JSON, \n\tcreated_by UUID NOT NULL, \n\tcreated_at DATETIME DEFAULT 'now()' NOT NULL, \n\tupdated_at DATETIME DEFAULT 'now()' NOT NULL, \n\tdeleted_at DATETIME, \n\tPRIMARY KEY (id), \n\tFOREIGN KEY(created_by) REFERENCES users (id) ON DELETE CASCADE\n)\n\n"}
2026-01-15 13:06:27,581 INFO sqlalchemy.engine.Engine [no key 0.00009s] ()
{"asctime": "2026-01-15 13:06:27,581", "levelname": "INFO", "name": "sqlalchemy.engine.Engine", "message": "[no key 0.00009s] ()"}
2026-01-15 13:06:27,581 INFO sqlalchemy.engine.Engine CREATE INDEX idx_data_connections_status ON data_connections (status)
{"asctime": "2026-01-15 13:06:27,581", "levelname": "INFO", "name": "sqlalchemy.engine.Engine", "message": "CREATE INDEX idx_data_connections_status ON data_connections (status)"}
2026-01-15 13:06:27,581 INFO sqlalchemy.engine.Engine [no key 0.00007s] ()
{"asctime": "2026-01-15 13:06:27,581", "levelname": "INFO", "name": "sqlalchemy.engine.Engine", "message": "[no key 0.00007s] ()"}
2026-01-15 13:06:27,581 INFO sqlalchemy.engine.Engine CREATE INDEX ix_data_connections_created_by ON data_connections (created_by)
{"asctime": "2026-01-15 13:06:27,581", "levelname": "INFO", "name": "sqlalchemy.engine.Engine", "message": "CREATE INDEX ix_data_connections_created_by ON data_connections (created_by)"}
2026-01-15 13:06:27,581 INFO sqlalchemy.engine.Engine [no key 0.00008s] ()
{"asctime": "2026-01-15 13:06:27,581", "levelname": "INFO", "name": "sqlalchemy.engine.Engine", "message": "[no key 0.00008s] ()"}
2026-01-15 13:06:27,582 INFO sqlalchemy.engine.Engine CREATE INDEX idx_data_connections_connector_id ON data_connections (connector_id)
{"asctime": "2026-01-15 13:06:27,582", "levelname": "INFO", "name": "sqlalchemy.engine.Engine", "message": "CREATE INDEX idx_data_connections_connector_id ON data_connections (connector_id)"}
2026-01-15 13:06:27,582 INFO sqlalchemy.engine.Engine [no key 0.00008s] ()
{"asctime": "2026-01-15 13:06:27,582", "levelname": "INFO", "name": "sqlalchemy.engine.Engine", "message": "[no key 0.00008s] ()"}
2026-01-15 13:06:27,582 INFO sqlalchemy.engine.Engine CREATE INDEX idx_data_connections_last_sync ON data_connections (last_sync)
{"asctime": "2026-01-15 13:06:27,582", "levelname": "INFO", "name": "sqlalchemy.engine.Engine", "message": "CREATE INDEX idx_data_connections_last_sync ON data_connections (last_sync)"}
2026-01-15 13:06:27,582 INFO sqlalchemy.engine.Engine [no key 0.00007s] ()
{"asctime": "2026-01-15 13:06:27,582", "levelname": "INFO", "name": "sqlalchemy.engine.Engine", "message": "[no key 0.00007s] ()"}
2026-01-15 13:06:27,583 INFO sqlalchemy.engine.Engine CREATE INDEX idx_data_connections_created_by ON data_connections (created_by)
{"asctime": "2026-01-15 13:06:27,583", "levelname": "INFO", "name": "sqlalchemy.engine.Engine", "message": "CREATE INDEX idx_data_connections_created_by ON data_connections (created_by)"}
2026-01-15 13:06:27,583 INFO sqlalchemy.engine.Engine [no key 0.00009s] ()
{"asctime": "2026-01-15 13:06:27,583", "levelname": "INFO", "name": "sqlalchemy.engine.Engine", "message": "[no key 0.00009s] ()"}
2026-01-15 13:06:27,583 INFO sqlalchemy.engine.Engine 
CREATE TABLE user_datasets (
	id UUID NOT NULL, 
	user_id UUID NOT NULL, 
	dataset_id VARCHAR(255) NOT NULL, 
	dataset_type VARCHAR(50) NOT NULL, 
	created_at DATETIME DEFAULT 'now()' NOT NULL, 
	PRIMARY KEY (id), 
	CONSTRAINT uq_user_datasets UNIQUE (user_id, dataset_id), 
	FOREIGN KEY(user_id) REFERENCES users (id) ON DELETE CASCADE
)


{"asctime": "2026-01-15 13:06:27,583", "levelname": "INFO", "name": "sqlalchemy.engine.Engine", "message": "\nCREATE TABLE user_datasets (\n\tid UUID NOT NULL, \n\tuser_id UUID NOT NULL, \n\tdataset_id VARCHAR(255) NOT NULL, \n\tdataset_type VARCHAR(50) NOT NULL, \n\tcreated_at DATETIME DEFAULT 'now()' NOT NULL, \n\tPRIMARY KEY (id), \n\tCONSTRAINT uq_user_datasets UNIQUE (user_id, dataset_id), \n\tFOREIGN KEY(user_id) REFERENCES users (id) ON DELETE CASCADE\n)\n\n"}
2026-01-15 13:06:27,583 INFO sqlalchemy.engine.Engine [no key 0.00009s] ()
{"asctime": "2026-01-15 13:06:27,583", "levelname": "INFO", "name": "sqlalchemy.engine.Engine", "message": "[no key 0.00009s] ()"}
2026-01-15 13:06:27,584 INFO sqlalchemy.engine.Engine CREATE INDEX ix_user_datasets_user_id ON user_datasets (user_id)
{"asctime": "2026-01-15 13:06:27,584", "levelname": "INFO", "name": "sqlalchemy.engine.Engine", "message": "CREATE INDEX ix_user_datasets_user_id ON user_datasets (user_id)"}
2026-01-15 13:06:27,584 INFO sqlalchemy.engine.Engine [no key 0.00008s] ()
{"asctime": "2026-01-15 13:06:27,584", "levelname": "INFO", "name": "sqlalchemy.engine.Engine", "message": "[no key 0.00008s] ()"}
2026-01-15 13:06:27,584 INFO sqlalchemy.engine.Engine CREATE INDEX idx_user_datasets_user_id ON user_datasets (user_id)
{"asctime": "2026-01-15 13:06:27,584", "levelname": "INFO", "name": "sqlalchemy.engine.Engine", "message": "CREATE INDEX idx_user_datasets_user_id ON user_datasets (user_id)"}
2026-01-15 13:06:27,584 INFO sqlalchemy.engine.Engine [no key 0.00007s] ()
{"asctime": "2026-01-15 13:06:27,584", "levelname": "INFO", "name": "sqlalchemy.engine.Engine", "message": "[no key 0.00007s] ()"}
2026-01-15 13:06:27,585 INFO sqlalchemy.engine.Engine CREATE INDEX idx_user_datasets_dataset_id ON user_datasets (dataset_id)
{"asctime": "2026-01-15 13:06:27,585", "levelname": "INFO", "name": "sqlalchemy.engine.Engine", "message": "CREATE INDEX idx_user_datasets_dataset_id ON user_datasets (dataset_id)"}
2026-01-15 13:06:27,585 INFO sqlalchemy.engine.Engine [no key 0.00016s] ()
{"asctime": "2026-01-15 13:06:27,585", "levelname": "INFO", "name": "sqlalchemy.engine.Engine", "message": "[no key 0.00016s] ()"}
2026-01-15 13:06:27,585 INFO sqlalchemy.engine.Engine 
CREATE TABLE file_uploads (
	id UUID NOT NULL, 
	user_id UUID NOT NULL, 
	filename VARCHAR(255) NOT NULL, 
	original_name VARCHAR(255) NOT NULL, 
	mime_type VARCHAR(100) NOT NULL, 
	size BIGINT NOT NULL, 
	url TEXT NOT NULL, 
	storage VARCHAR(50) NOT NULL, 
	widget_id UUID, 
	parsed_data JSON, 
	created_at DATETIME DEFAULT 'now()' NOT NULL, 
	updated_at DATETIME DEFAULT 'now()' NOT NULL, 
	PRIMARY KEY (id), 
	FOREIGN KEY(user_id) REFERENCES users (id) ON DELETE CASCADE, 
	FOREIGN KEY(widget_id) REFERENCES widgets (id) ON DELETE SET NULL
)


{"asctime": "2026-01-15 13:06:27,585", "levelname": "INFO", "name": "sqlalchemy.engine.Engine", "message": "\nCREATE TABLE file_uploads (\n\tid UUID NOT NULL, \n\tuser_id UUID NOT NULL, \n\tfilename VARCHAR(255) NOT NULL, \n\toriginal_name VARCHAR(255) NOT NULL, \n\tmime_type VARCHAR(100) NOT NULL, \n\tsize BIGINT NOT NULL, \n\turl TEXT NOT NULL, \n\tstorage VARCHAR(50) NOT NULL, \n\twidget_id UUID, \n\tparsed_data JSON, \n\tcreated_at DATETIME DEFAULT 'now()' NOT NULL, \n\tupdated_at DATETIME DEFAULT 'now()' NOT NULL, \n\tPRIMARY KEY (id), \n\tFOREIGN KEY(user_id) REFERENCES users (id) ON DELETE CASCADE, \n\tFOREIGN KEY(widget_id) REFERENCES widgets (id) ON DELETE SET NULL\n)\n\n"}
2026-01-15 13:06:27,585 INFO sqlalchemy.engine.Engine [no key 0.00012s] ()
{"asctime": "2026-01-15 13:06:27,585", "levelname": "INFO", "name": "sqlalchemy.engine.Engine", "message": "[no key 0.00012s] ()"}
2026-01-15 13:06:27,586 INFO sqlalchemy.engine.Engine CREATE INDEX ix_file_uploads_mime_type ON file_uploads (mime_type)
{"asctime": "2026-01-15 13:06:27,586", "levelname": "INFO", "name": "sqlalchemy.engine.Engine", "message": "CREATE INDEX ix_file_uploads_mime_type ON file_uploads (mime_type)"}
2026-01-15 13:06:27,586 INFO sqlalchemy.engine.Engine [no key 0.00009s] ()
{"asctime": "2026-01-15 13:06:27,586", "levelname": "INFO", "name": "sqlalchemy.engine.Engine", "message": "[no key 0.00009s] ()"}
2026-01-15 13:06:27,586 INFO sqlalchemy.engine.Engine CREATE INDEX ix_file_uploads_created_at ON file_uploads (created_at)
{"asctime": "2026-01-15 13:06:27,586", "levelname": "INFO", "name": "sqlalchemy.engine.Engine", "message": "CREATE INDEX ix_file_uploads_created_at ON file_uploads (created_at)"}
2026-01-15 13:06:27,586 INFO sqlalchemy.engine.Engine [no key 0.00010s] ()
{"asctime": "2026-01-15 13:06:27,586", "levelname": "INFO", "name": "sqlalchemy.engine.Engine", "message": "[no key 0.00010s] ()"}
2026-01-15 13:06:27,587 INFO sqlalchemy.engine.Engine CREATE INDEX idx_file_uploads_user_id ON file_uploads (user_id)
{"asctime": "2026-01-15 13:06:27,587", "levelname": "INFO", "name": "sqlalchemy.engine.Engine", "message": "CREATE INDEX idx_file_uploads_user_id ON file_uploads (user_id)"}
2026-01-15 13:06:27,587 INFO sqlalchemy.engine.Engine [no key 0.00008s] ()
{"asctime": "2026-01-15 13:06:27,587", "levelname": "INFO", "name": "sqlalchemy.engine.Engine", "message": "[no key 0.00008s] ()"}
2026-01-15 13:06:27,587 INFO sqlalchemy.engine.Engine CREATE INDEX ix_file_uploads_user_id ON file_uploads (user_id)
{"asctime": "2026-01-15 13:06:27,587", "levelname": "INFO", "name": "sqlalchemy.engine.Engine", "message": "CREATE INDEX ix_file_uploads_user_id ON file_uploads (user_id)"}
2026-01-15 13:06:27,587 INFO sqlalchemy.engine.Engine [no key 0.00008s] ()
{"asctime": "2026-01-15 13:06:27,587", "levelname": "INFO", "name": "sqlalchemy.engine.Engine", "message": "[no key 0.00008s] ()"}
2026-01-15 13:06:27,588 INFO sqlalchemy.engine.Engine CREATE INDEX idx_file_uploads_created_at ON file_uploads (created_at)
{"asctime": "2026-01-15 13:06:27,588", "levelname": "INFO", "name": "sqlalchemy.engine.Engine", "message": "CREATE INDEX idx_file_uploads_created_at ON file_uploads (created_at)"}
2026-01-15 13:06:27,588 INFO sqlalchemy.engine.Engine [no key 0.00007s] ()
{"asctime": "2026-01-15 13:06:27,588", "levelname": "INFO", "name": "sqlalchemy.engine.Engine", "message": "[no key 0.00007s] ()"}
2026-01-15 13:06:27,588 INFO sqlalchemy.engine.Engine CREATE INDEX idx_file_uploads_mime_type ON file_uploads (mime_type)
{"asctime": "2026-01-15 13:06:27,588", "levelname": "INFO", "name": "sqlalchemy.engine.Engine", "message": "CREATE INDEX idx_file_uploads_mime_type ON file_uploads (mime_type)"}
2026-01-15 13:06:27,588 INFO sqlalchemy.engine.Engine [no key 0.00007s] ()
{"asctime": "2026-01-15 13:06:27,588", "levelname": "INFO", "name": "sqlalchemy.engine.Engine", "message": "[no key 0.00007s] ()"}
2026-01-15 13:06:27,588 INFO sqlalchemy.engine.Engine CREATE INDEX ix_file_uploads_widget_id ON file_uploads (widget_id)
{"asctime": "2026-01-15 13:06:27,588", "levelname": "INFO", "name": "sqlalchemy.engine.Engine", "message": "CREATE INDEX ix_file_uploads_widget_id ON file_uploads (widget_id)"}
2026-01-15 13:06:27,588 INFO sqlalchemy.engine.Engine [no key 0.00007s] ()
{"asctime": "2026-01-15 13:06:27,588", "levelname": "INFO", "name": "sqlalchemy.engine.Engine", "message": "[no key 0.00007s] ()"}
2026-01-15 13:06:27,589 INFO sqlalchemy.engine.Engine CREATE INDEX idx_file_uploads_widget_id ON file_uploads (widget_id)
{"asctime": "2026-01-15 13:06:27,589", "levelname": "INFO", "name": "sqlalchemy.engine.Engine", "message": "CREATE INDEX idx_file_uploads_widget_id ON file_uploads (widget_id)"}
2026-01-15 13:06:27,589 INFO sqlalchemy.engine.Engine [no key 0.00007s] ()
{"asctime": "2026-01-15 13:06:27,589", "levelname": "INFO", "name": "sqlalchemy.engine.Engine", "message": "[no key 0.00007s] ()"}
2026-01-15 13:06:27,589 INFO sqlalchemy.engine.Engine 
CREATE TABLE api_keys (
	id UUID NOT NULL, 
	user_id UUID NOT NULL, 
	name VARCHAR(255) NOT NULL, 
	key_hash VARCHAR(255) NOT NULL, 
	key_prefix VARCHAR(20) NOT NULL, 
	permissions JSON, 
	last_used_at DATETIME, 
	expires_at DATETIME, 
	revoked_at DATETIME, 
	created_at DATETIME DEFAULT 'now()' NOT NULL, 
	updated_at DATETIME DEFAULT 'now()' NOT NULL, 
	PRIMARY KEY (id), 
	FOREIGN KEY(user_id) REFERENCES users (id) ON DELETE CASCADE
)


{"asctime": "2026-01-15 13:06:27,589", "levelname": "INFO", "name": "sqlalchemy.engine.Engine", "message": "\nCREATE TABLE api_keys (\n\tid UUID NOT NULL, \n\tuser_id UUID NOT NULL, \n\tname VARCHAR(255) NOT NULL, \n\tkey_hash VARCHAR(255) NOT NULL, \n\tkey_prefix VARCHAR(20) NOT NULL, \n\tpermissions JSON, \n\tlast_used_at DATETIME, \n\texpires_at DATETIME, \n\trevoked_at DATETIME, \n\tcreated_at DATETIME DEFAULT 'now()' NOT NULL, \n\tupdated_at DATETIME DEFAULT 'now()' NOT NULL, \n\tPRIMARY KEY (id), \n\tFOREIGN KEY(user_id) REFERENCES users (id) ON DELETE CASCADE\n)\n\n"}
2026-01-15 13:06:27,589 INFO sqlalchemy.engine.Engine [no key 0.00008s] ()
{"asctime": "2026-01-15 13:06:27,589", "levelname": "INFO", "name": "sqlalchemy.engine.Engine", "message": "[no key 0.00008s] ()"}
2026-01-15 13:06:27,590 INFO sqlalchemy.engine.Engine CREATE INDEX ix_api_keys_user_id ON api_keys (user_id)
{"asctime": "2026-01-15 13:06:27,590", "levelname": "INFO", "name": "sqlalchemy.engine.Engine", "message": "CREATE INDEX ix_api_keys_user_id ON api_keys (user_id)"}
2026-01-15 13:06:27,590 INFO sqlalchemy.engine.Engine [no key 0.00007s] ()
{"asctime": "2026-01-15 13:06:27,590", "levelname": "INFO", "name": "sqlalchemy.engine.Engine", "message": "[no key 0.00007s] ()"}
2026-01-15 13:06:27,590 INFO sqlalchemy.engine.Engine CREATE INDEX idx_api_keys_expires_at ON api_keys (expires_at)
{"asctime": "2026-01-15 13:06:27,590", "levelname": "INFO", "name": "sqlalchemy.engine.Engine", "message": "CREATE INDEX idx_api_keys_expires_at ON api_keys (expires_at)"}
2026-01-15 13:06:27,590 INFO sqlalchemy.engine.Engine [no key 0.00007s] ()
{"asctime": "2026-01-15 13:06:27,590", "levelname": "INFO", "name": "sqlalchemy.engine.Engine", "message": "[no key 0.00007s] ()"}
2026-01-15 13:06:27,591 INFO sqlalchemy.engine.Engine CREATE INDEX idx_api_keys_user_id ON api_keys (user_id)
{"asctime": "2026-01-15 13:06:27,591", "levelname": "INFO", "name": "sqlalchemy.engine.Engine", "message": "CREATE INDEX idx_api_keys_user_id ON api_keys (user_id)"}
2026-01-15 13:06:27,591 INFO sqlalchemy.engine.Engine [no key 0.00007s] ()
{"asctime": "2026-01-15 13:06:27,591", "levelname": "INFO", "name": "sqlalchemy.engine.Engine", "message": "[no key 0.00007s] ()"}
2026-01-15 13:06:27,591 INFO sqlalchemy.engine.Engine CREATE INDEX idx_api_keys_key_hash ON api_keys (key_hash)
{"asctime": "2026-01-15 13:06:27,591", "levelname": "INFO", "name": "sqlalchemy.engine.Engine", "message": "CREATE INDEX idx_api_keys_key_hash ON api_keys (key_hash)"}
2026-01-15 13:06:27,591 INFO sqlalchemy.engine.Engine [no key 0.00007s] ()
{"asctime": "2026-01-15 13:06:27,591", "levelname": "INFO", "name": "sqlalchemy.engine.Engine", "message": "[no key 0.00007s] ()"}
2026-01-15 13:06:27,591 INFO sqlalchemy.engine.Engine CREATE UNIQUE INDEX ix_api_keys_key_hash ON api_keys (key_hash)
{"asctime": "2026-01-15 13:06:27,591", "levelname": "INFO", "name": "sqlalchemy.engine.Engine", "message": "CREATE UNIQUE INDEX ix_api_keys_key_hash ON api_keys (key_hash)"}
2026-01-15 13:06:27,592 INFO sqlalchemy.engine.Engine [no key 0.00012s] ()
{"asctime": "2026-01-15 13:06:27,592", "levelname": "INFO", "name": "sqlalchemy.engine.Engine", "message": "[no key 0.00012s] ()"}
2026-01-15 13:06:27,592 INFO sqlalchemy.engine.Engine 
CREATE TABLE integrations (
	id UUID NOT NULL, 
	user_id UUID NOT NULL, 
	name VARCHAR(255) NOT NULL, 
	type VARCHAR(100) NOT NULL, 
	config JSON NOT NULL, 
	enabled VARCHAR(10) DEFAULT 'true' NOT NULL, 
	created_at DATETIME DEFAULT 'now()' NOT NULL, 
	updated_at DATETIME DEFAULT 'now()' NOT NULL, 
	PRIMARY KEY (id), 
	FOREIGN KEY(user_id) REFERENCES users (id) ON DELETE CASCADE
)


{"asctime": "2026-01-15 13:06:27,592", "levelname": "INFO", "name": "sqlalchemy.engine.Engine", "message": "\nCREATE TABLE integrations (\n\tid UUID NOT NULL, \n\tuser_id UUID NOT NULL, \n\tname VARCHAR(255) NOT NULL, \n\ttype VARCHAR(100) NOT NULL, \n\tconfig JSON NOT NULL, \n\tenabled VARCHAR(10) DEFAULT 'true' NOT NULL, \n\tcreated_at DATETIME DEFAULT 'now()' NOT NULL, \n\tupdated_at DATETIME DEFAULT 'now()' NOT NULL, \n\tPRIMARY KEY (id), \n\tFOREIGN KEY(user_id) REFERENCES users (id) ON DELETE CASCADE\n)\n\n"}
2026-01-15 13:06:27,592 INFO sqlalchemy.engine.Engine [no key 0.00013s] ()
{"asctime": "2026-01-15 13:06:27,592", "levelname": "INFO", "name": "sqlalchemy.engine.Engine", "message": "[no key 0.00013s] ()"}
2026-01-15 13:06:27,593 INFO sqlalchemy.engine.Engine CREATE INDEX idx_integrations_type ON integrations (type)
{"asctime": "2026-01-15 13:06:27,593", "levelname": "INFO", "name": "sqlalchemy.engine.Engine", "message": "CREATE INDEX idx_integrations_type ON integrations (type)"}
2026-01-15 13:06:27,593 INFO sqlalchemy.engine.Engine [no key 0.00009s] ()
{"asctime": "2026-01-15 13:06:27,593", "levelname": "INFO", "name": "sqlalchemy.engine.Engine", "message": "[no key 0.00009s] ()"}
2026-01-15 13:06:27,593 INFO sqlalchemy.engine.Engine CREATE INDEX idx_integrations_user_id ON integrations (user_id)
{"asctime": "2026-01-15 13:06:27,593", "levelname": "INFO", "name": "sqlalchemy.engine.Engine", "message": "CREATE INDEX idx_integrations_user_id ON integrations (user_id)"}
2026-01-15 13:06:27,593 INFO sqlalchemy.engine.Engine [no key 0.00007s] ()
{"asctime": "2026-01-15 13:06:27,593", "levelname": "INFO", "name": "sqlalchemy.engine.Engine", "message": "[no key 0.00007s] ()"}
2026-01-15 13:06:27,594 INFO sqlalchemy.engine.Engine CREATE INDEX ix_integrations_user_id ON integrations (user_id)
{"asctime": "2026-01-15 13:06:27,594", "levelname": "INFO", "name": "sqlalchemy.engine.Engine", "message": "CREATE INDEX ix_integrations_user_id ON integrations (user_id)"}
2026-01-15 13:06:27,594 INFO sqlalchemy.engine.Engine [no key 0.00008s] ()
{"asctime": "2026-01-15 13:06:27,594", "levelname": "INFO", "name": "sqlalchemy.engine.Engine", "message": "[no key 0.00008s] ()"}
2026-01-15 13:06:27,594 INFO sqlalchemy.engine.Engine 
CREATE TABLE planets (
	id UUID NOT NULL, 
	name VARCHAR(255) NOT NULL, 
	description TEXT, 
	type VARCHAR(50) NOT NULL, 
	color VARCHAR(7) NOT NULL, 
	icon VARCHAR(255), 
	owner_id UUID NOT NULL, 
	is_active BOOLEAN DEFAULT 'false' NOT NULL, 
	last_accessed DATETIME, 
	created_at DATETIME DEFAULT CURRENT_TIMESTAMP NOT NULL, 
	updated_at DATETIME DEFAULT CURRENT_TIMESTAMP NOT NULL, 
	deleted_at DATETIME, 
	PRIMARY KEY (id), 
	FOREIGN KEY(owner_id) REFERENCES users (id) ON DELETE CASCADE
)


{"asctime": "2026-01-15 13:06:27,594", "levelname": "INFO", "name": "sqlalchemy.engine.Engine", "message": "\nCREATE TABLE planets (\n\tid UUID NOT NULL, \n\tname VARCHAR(255) NOT NULL, \n\tdescription TEXT, \n\ttype VARCHAR(50) NOT NULL, \n\tcolor VARCHAR(7) NOT NULL, \n\ticon VARCHAR(255), \n\towner_id UUID NOT NULL, \n\tis_active BOOLEAN DEFAULT 'false' NOT NULL, \n\tlast_accessed DATETIME, \n\tcreated_at DATETIME DEFAULT CURRENT_TIMESTAMP NOT NULL, \n\tupdated_at DATETIME DEFAULT CURRENT_TIMESTAMP NOT NULL, \n\tdeleted_at DATETIME, \n\tPRIMARY KEY (id), \n\tFOREIGN KEY(owner_id) REFERENCES users (id) ON DELETE CASCADE\n)\n\n"}
2026-01-15 13:06:27,594 INFO sqlalchemy.engine.Engine [no key 0.00008s] ()
{"asctime": "2026-01-15 13:06:27,594", "levelname": "INFO", "name": "sqlalchemy.engine.Engine", "message": "[no key 0.00008s] ()"}
2026-01-15 13:06:27,595 INFO sqlalchemy.engine.Engine CREATE INDEX idx_planets_last_accessed ON planets (last_accessed)
{"asctime": "2026-01-15 13:06:27,595", "levelname": "INFO", "name": "sqlalchemy.engine.Engine", "message": "CREATE INDEX idx_planets_last_accessed ON planets (last_accessed)"}
2026-01-15 13:06:27,595 INFO sqlalchemy.engine.Engine [no key 0.00007s] ()
{"asctime": "2026-01-15 13:06:27,595", "levelname": "INFO", "name": "sqlalchemy.engine.Engine", "message": "[no key 0.00007s] ()"}
2026-01-15 13:06:27,595 INFO sqlalchemy.engine.Engine CREATE INDEX idx_planets_is_active ON planets (is_active)
{"asctime": "2026-01-15 13:06:27,595", "levelname": "INFO", "name": "sqlalchemy.engine.Engine", "message": "CREATE INDEX idx_planets_is_active ON planets (is_active)"}
2026-01-15 13:06:27,595 INFO sqlalchemy.engine.Engine [no key 0.00007s] ()
{"asctime": "2026-01-15 13:06:27,595", "levelname": "INFO", "name": "sqlalchemy.engine.Engine", "message": "[no key 0.00007s] ()"}
2026-01-15 13:06:27,595 INFO sqlalchemy.engine.Engine CREATE INDEX idx_planets_type ON planets (type)
{"asctime": "2026-01-15 13:06:27,595", "levelname": "INFO", "name": "sqlalchemy.engine.Engine", "message": "CREATE INDEX idx_planets_type ON planets (type)"}
2026-01-15 13:06:27,595 INFO sqlalchemy.engine.Engine [no key 0.00008s] ()
{"asctime": "2026-01-15 13:06:27,595", "levelname": "INFO", "name": "sqlalchemy.engine.Engine", "message": "[no key 0.00008s] ()"}
2026-01-15 13:06:27,596 INFO sqlalchemy.engine.Engine CREATE INDEX idx_planets_owner_id ON planets (owner_id)
{"asctime": "2026-01-15 13:06:27,596", "levelname": "INFO", "name": "sqlalchemy.engine.Engine", "message": "CREATE INDEX idx_planets_owner_id ON planets (owner_id)"}
2026-01-15 13:06:27,596 INFO sqlalchemy.engine.Engine [no key 0.00007s] ()
{"asctime": "2026-01-15 13:06:27,596", "levelname": "INFO", "name": "sqlalchemy.engine.Engine", "message": "[no key 0.00007s] ()"}
2026-01-15 13:06:27,596 INFO sqlalchemy.engine.Engine 
CREATE TABLE spaces (
	id UUID NOT NULL, 
	name VARCHAR(255) NOT NULL, 
	description TEXT, 
	color VARCHAR(7), 
	icon VARCHAR(255), 
	created_by UUID NOT NULL, 
	created_at DATETIME DEFAULT 'now()' NOT NULL, 
	updated_at DATETIME DEFAULT 'now()' NOT NULL, 
	deleted_at DATETIME, 
	PRIMARY KEY (id), 
	FOREIGN KEY(created_by) REFERENCES users (id) ON DELETE CASCADE
)


{"asctime": "2026-01-15 13:06:27,596", "levelname": "INFO", "name": "sqlalchemy.engine.Engine", "message": "\nCREATE TABLE spaces (\n\tid UUID NOT NULL, \n\tname VARCHAR(255) NOT NULL, \n\tdescription TEXT, \n\tcolor VARCHAR(7), \n\ticon VARCHAR(255), \n\tcreated_by UUID NOT NULL, \n\tcreated_at DATETIME DEFAULT 'now()' NOT NULL, \n\tupdated_at DATETIME DEFAULT 'now()' NOT NULL, \n\tdeleted_at DATETIME, \n\tPRIMARY KEY (id), \n\tFOREIGN KEY(created_by) REFERENCES users (id) ON DELETE CASCADE\n)\n\n"}
2026-01-15 13:06:27,596 INFO sqlalchemy.engine.Engine [no key 0.00008s] ()
{"asctime": "2026-01-15 13:06:27,596", "levelname": "INFO", "name": "sqlalchemy.engine.Engine", "message": "[no key 0.00008s] ()"}
2026-01-15 13:06:27,597 INFO sqlalchemy.engine.Engine CREATE INDEX idx_spaces_created_by ON spaces (created_by)
{"asctime": "2026-01-15 13:06:27,597", "levelname": "INFO", "name": "sqlalchemy.engine.Engine", "message": "CREATE INDEX idx_spaces_created_by ON spaces (created_by)"}
2026-01-15 13:06:27,597 INFO sqlalchemy.engine.Engine [no key 0.00008s] ()
{"asctime": "2026-01-15 13:06:27,597", "levelname": "INFO", "name": "sqlalchemy.engine.Engine", "message": "[no key 0.00008s] ()"}
2026-01-15 13:06:27,597 INFO sqlalchemy.engine.Engine 
CREATE TABLE starred_items (
	id UUID NOT NULL, 
	user_id UUID NOT NULL, 
	item_id UUID NOT NULL, 
	item_type VARCHAR(50) NOT NULL, 
	created_at DATETIME DEFAULT CURRENT_TIMESTAMP NOT NULL, 
	updated_at DATETIME DEFAULT CURRENT_TIMESTAMP NOT NULL, 
	deleted_at DATETIME, 
	PRIMARY KEY (id), 
	FOREIGN KEY(user_id) REFERENCES users (id) ON DELETE CASCADE
)


{"asctime": "2026-01-15 13:06:27,597", "levelname": "INFO", "name": "sqlalchemy.engine.Engine", "message": "\nCREATE TABLE starred_items (\n\tid UUID NOT NULL, \n\tuser_id UUID NOT NULL, \n\titem_id UUID NOT NULL, \n\titem_type VARCHAR(50) NOT NULL, \n\tcreated_at DATETIME DEFAULT CURRENT_TIMESTAMP NOT NULL, \n\tupdated_at DATETIME DEFAULT CURRENT_TIMESTAMP NOT NULL, \n\tdeleted_at DATETIME, \n\tPRIMARY KEY (id), \n\tFOREIGN KEY(user_id) REFERENCES users (id) ON DELETE CASCADE\n)\n\n"}
2026-01-15 13:06:27,597 INFO sqlalchemy.engine.Engine [no key 0.00008s] ()
{"asctime": "2026-01-15 13:06:27,597", "levelname": "INFO", "name": "sqlalchemy.engine.Engine", "message": "[no key 0.00008s] ()"}
2026-01-15 13:06:27,598 INFO sqlalchemy.engine.Engine CREATE INDEX idx_starred_items_user_id ON starred_items (user_id)
{"asctime": "2026-01-15 13:06:27,598", "levelname": "INFO", "name": "sqlalchemy.engine.Engine", "message": "CREATE INDEX idx_starred_items_user_id ON starred_items (user_id)"}
2026-01-15 13:06:27,598 INFO sqlalchemy.engine.Engine [no key 0.00007s] ()
{"asctime": "2026-01-15 13:06:27,598", "levelname": "INFO", "name": "sqlalchemy.engine.Engine", "message": "[no key 0.00007s] ()"}
2026-01-15 13:06:27,598 INFO sqlalchemy.engine.Engine CREATE INDEX idx_starred_items_item ON starred_items (item_id, item_type)
{"asctime": "2026-01-15 13:06:27,598", "levelname": "INFO", "name": "sqlalchemy.engine.Engine", "message": "CREATE INDEX idx_starred_items_item ON starred_items (item_id, item_type)"}
2026-01-15 13:06:27,598 INFO sqlalchemy.engine.Engine [no key 0.00007s] ()
{"asctime": "2026-01-15 13:06:27,598", "levelname": "INFO", "name": "sqlalchemy.engine.Engine", "message": "[no key 0.00007s] ()"}
2026-01-15 13:06:27,599 INFO sqlalchemy.engine.Engine 
CREATE TABLE refresh_tokens (
	id UUID NOT NULL, 
	user_id UUID NOT NULL, 
	token TEXT NOT NULL, 
	expires_at DATETIME NOT NULL, 
	created_at DATETIME DEFAULT CURRENT_TIMESTAMP NOT NULL, 
	revoked_at DATETIME, 
	PRIMARY KEY (id), 
	FOREIGN KEY(user_id) REFERENCES users (id) ON DELETE CASCADE
)


{"asctime": "2026-01-15 13:06:27,599", "levelname": "INFO", "name": "sqlalchemy.engine.Engine", "message": "\nCREATE TABLE refresh_tokens (\n\tid UUID NOT NULL, \n\tuser_id UUID NOT NULL, \n\ttoken TEXT NOT NULL, \n\texpires_at DATETIME NOT NULL, \n\tcreated_at DATETIME DEFAULT CURRENT_TIMESTAMP NOT NULL, \n\trevoked_at DATETIME, \n\tPRIMARY KEY (id), \n\tFOREIGN KEY(user_id) REFERENCES users (id) ON DELETE CASCADE\n)\n\n"}
2026-01-15 13:06:27,599 INFO sqlalchemy.engine.Engine [no key 0.00008s] ()
{"asctime": "2026-01-15 13:06:27,599", "levelname": "INFO", "name": "sqlalchemy.engine.Engine", "message": "[no key 0.00008s] ()"}
2026-01-15 13:06:27,599 INFO sqlalchemy.engine.Engine CREATE INDEX idx_refresh_tokens_expires_at ON refresh_tokens (expires_at)
{"asctime": "2026-01-15 13:06:27,599", "levelname": "INFO", "name": "sqlalchemy.engine.Engine", "message": "CREATE INDEX idx_refresh_tokens_expires_at ON refresh_tokens (expires_at)"}
2026-01-15 13:06:27,599 INFO sqlalchemy.engine.Engine [no key 0.00008s] ()
{"asctime": "2026-01-15 13:06:27,599", "levelname": "INFO", "name": "sqlalchemy.engine.Engine", "message": "[no key 0.00008s] ()"}
2026-01-15 13:06:27,600 INFO sqlalchemy.engine.Engine CREATE INDEX idx_refresh_tokens_token ON refresh_tokens (token)
{"asctime": "2026-01-15 13:06:27,600", "levelname": "INFO", "name": "sqlalchemy.engine.Engine", "message": "CREATE INDEX idx_refresh_tokens_token ON refresh_tokens (token)"}
2026-01-15 13:06:27,600 INFO sqlalchemy.engine.Engine [no key 0.00009s] ()
{"asctime": "2026-01-15 13:06:27,600", "levelname": "INFO", "name": "sqlalchemy.engine.Engine", "message": "[no key 0.00009s] ()"}
2026-01-15 13:06:27,600 INFO sqlalchemy.engine.Engine CREATE INDEX idx_refresh_tokens_user_id ON refresh_tokens (user_id)
{"asctime": "2026-01-15 13:06:27,600", "levelname": "INFO", "name": "sqlalchemy.engine.Engine", "message": "CREATE INDEX idx_refresh_tokens_user_id ON refresh_tokens (user_id)"}
2026-01-15 13:06:27,600 INFO sqlalchemy.engine.Engine [no key 0.00013s] ()
{"asctime": "2026-01-15 13:06:27,600", "levelname": "INFO", "name": "sqlalchemy.engine.Engine", "message": "[no key 0.00013s] ()"}
2026-01-15 13:06:27,601 INFO sqlalchemy.engine.Engine CREATE INDEX ix_refresh_tokens_user_id ON refresh_tokens (user_id)
{"asctime": "2026-01-15 13:06:27,601", "levelname": "INFO", "name": "sqlalchemy.engine.Engine", "message": "CREATE INDEX ix_refresh_tokens_user_id ON refresh_tokens (user_id)"}
2026-01-15 13:06:27,601 INFO sqlalchemy.engine.Engine [no key 0.00012s] ()
{"asctime": "2026-01-15 13:06:27,601", "levelname": "INFO", "name": "sqlalchemy.engine.Engine", "message": "[no key 0.00012s] ()"}
2026-01-15 13:06:27,601 INFO sqlalchemy.engine.Engine CREATE UNIQUE INDEX ix_refresh_tokens_token ON refresh_tokens (token)
{"asctime": "2026-01-15 13:06:27,601", "levelname": "INFO", "name": "sqlalchemy.engine.Engine", "message": "CREATE UNIQUE INDEX ix_refresh_tokens_token ON refresh_tokens (token)"}
2026-01-15 13:06:27,601 INFO sqlalchemy.engine.Engine [no key 0.00008s] ()
{"asctime": "2026-01-15 13:06:27,601", "levelname": "INFO", "name": "sqlalchemy.engine.Engine", "message": "[no key 0.00008s] ()"}
2026-01-15 13:06:27,602 INFO sqlalchemy.engine.Engine 
CREATE TABLE workspaces (
	id UUID NOT NULL, 
	name VARCHAR(255) NOT NULL, 
	description TEXT, 
	type VARCHAR(50) NOT NULL, 
	color VARCHAR(7) NOT NULL, 
	icon VARCHAR(255), 
	owner_id UUID NOT NULL, 
	is_active BOOLEAN DEFAULT 'false' NOT NULL, 
	last_accessed DATETIME, 
	created_at DATETIME DEFAULT 'now()' NOT NULL, 
	updated_at DATETIME DEFAULT 'now()' NOT NULL, 
	deleted_at DATETIME, 
	PRIMARY KEY (id), 
	FOREIGN KEY(owner_id) REFERENCES users (id) ON DELETE CASCADE
)


{"asctime": "2026-01-15 13:06:27,602", "levelname": "INFO", "name": "sqlalchemy.engine.Engine", "message": "\nCREATE TABLE workspaces (\n\tid UUID NOT NULL, \n\tname VARCHAR(255) NOT NULL, \n\tdescription TEXT, \n\ttype VARCHAR(50) NOT NULL, \n\tcolor VARCHAR(7) NOT NULL, \n\ticon VARCHAR(255), \n\towner_id UUID NOT NULL, \n\tis_active BOOLEAN DEFAULT 'false' NOT NULL, \n\tlast_accessed DATETIME, \n\tcreated_at DATETIME DEFAULT 'now()' NOT NULL, \n\tupdated_at DATETIME DEFAULT 'now()' NOT NULL, \n\tdeleted_at DATETIME, \n\tPRIMARY KEY (id), \n\tFOREIGN KEY(owner_id) REFERENCES users (id) ON DELETE CASCADE\n)\n\n"}
2026-01-15 13:06:27,602 INFO sqlalchemy.engine.Engine [no key 0.00010s] ()
{"asctime": "2026-01-15 13:06:27,602", "levelname": "INFO", "name": "sqlalchemy.engine.Engine", "message": "[no key 0.00010s] ()"}
2026-01-15 13:06:27,602 INFO sqlalchemy.engine.Engine CREATE INDEX idx_workspaces_last_accessed ON workspaces (last_accessed)
{"asctime": "2026-01-15 13:06:27,602", "levelname": "INFO", "name": "sqlalchemy.engine.Engine", "message": "CREATE INDEX idx_workspaces_last_accessed ON workspaces (last_accessed)"}
2026-01-15 13:06:27,602 INFO sqlalchemy.engine.Engine [no key 0.00007s] ()
{"asctime": "2026-01-15 13:06:27,602", "levelname": "INFO", "name": "sqlalchemy.engine.Engine", "message": "[no key 0.00007s] ()"}
2026-01-15 13:06:27,603 INFO sqlalchemy.engine.Engine CREATE INDEX idx_workspaces_is_active ON workspaces (is_active)
{"asctime": "2026-01-15 13:06:27,603", "levelname": "INFO", "name": "sqlalchemy.engine.Engine", "message": "CREATE INDEX idx_workspaces_is_active ON workspaces (is_active)"}
2026-01-15 13:06:27,603 INFO sqlalchemy.engine.Engine [no key 0.00008s] ()
{"asctime": "2026-01-15 13:06:27,603", "levelname": "INFO", "name": "sqlalchemy.engine.Engine", "message": "[no key 0.00008s] ()"}
2026-01-15 13:06:27,603 INFO sqlalchemy.engine.Engine CREATE INDEX idx_workspaces_type ON workspaces (type)
{"asctime": "2026-01-15 13:06:27,603", "levelname": "INFO", "name": "sqlalchemy.engine.Engine", "message": "CREATE INDEX idx_workspaces_type ON workspaces (type)"}
2026-01-15 13:06:27,603 INFO sqlalchemy.engine.Engine [no key 0.00010s] ()
{"asctime": "2026-01-15 13:06:27,603", "levelname": "INFO", "name": "sqlalchemy.engine.Engine", "message": "[no key 0.00010s] ()"}
2026-01-15 13:06:27,604 INFO sqlalchemy.engine.Engine CREATE INDEX idx_workspaces_owner_id ON workspaces (owner_id)
{"asctime": "2026-01-15 13:06:27,604", "levelname": "INFO", "name": "sqlalchemy.engine.Engine", "message": "CREATE INDEX idx_workspaces_owner_id ON workspaces (owner_id)"}
2026-01-15 13:06:27,604 INFO sqlalchemy.engine.Engine [no key 0.00008s] ()
{"asctime": "2026-01-15 13:06:27,604", "levelname": "INFO", "name": "sqlalchemy.engine.Engine", "message": "[no key 0.00008s] ()"}
2026-01-15 13:06:27,604 INFO sqlalchemy.engine.Engine 
CREATE TABLE connection_metadata (
	id UUID NOT NULL, 
	connection_id UUID NOT NULL, 
	tables JSON, 
	schemas JSON, 
	documents JSON, 
	endpoints JSON, 
	last_metadata_update DATETIME DEFAULT 'now()' NOT NULL, 
	created_at DATETIME DEFAULT 'now()' NOT NULL, 
	updated_at DATETIME DEFAULT 'now()' NOT NULL, 
	PRIMARY KEY (id), 
	FOREIGN KEY(connection_id) REFERENCES data_connections (id) ON DELETE CASCADE
)


{"asctime": "2026-01-15 13:06:27,604", "levelname": "INFO", "name": "sqlalchemy.engine.Engine", "message": "\nCREATE TABLE connection_metadata (\n\tid UUID NOT NULL, \n\tconnection_id UUID NOT NULL, \n\ttables JSON, \n\tschemas JSON, \n\tdocuments JSON, \n\tendpoints JSON, \n\tlast_metadata_update DATETIME DEFAULT 'now()' NOT NULL, \n\tcreated_at DATETIME DEFAULT 'now()' NOT NULL, \n\tupdated_at DATETIME DEFAULT 'now()' NOT NULL, \n\tPRIMARY KEY (id), \n\tFOREIGN KEY(connection_id) REFERENCES data_connections (id) ON DELETE CASCADE\n)\n\n"}
2026-01-15 13:06:27,604 INFO sqlalchemy.engine.Engine [no key 0.00009s] ()
{"asctime": "2026-01-15 13:06:27,604", "levelname": "INFO", "name": "sqlalchemy.engine.Engine", "message": "[no key 0.00009s] ()"}
2026-01-15 13:06:27,605 INFO sqlalchemy.engine.Engine CREATE INDEX idx_connection_metadata_connection_id ON connection_metadata (connection_id)
{"asctime": "2026-01-15 13:06:27,605", "levelname": "INFO", "name": "sqlalchemy.engine.Engine", "message": "CREATE INDEX idx_connection_metadata_connection_id ON connection_metadata (connection_id)"}
2026-01-15 13:06:27,605 INFO sqlalchemy.engine.Engine [no key 0.00008s] ()
{"asctime": "2026-01-15 13:06:27,605", "levelname": "INFO", "name": "sqlalchemy.engine.Engine", "message": "[no key 0.00008s] ()"}
2026-01-15 13:06:27,605 INFO sqlalchemy.engine.Engine CREATE UNIQUE INDEX ix_connection_metadata_connection_id ON connection_metadata (connection_id)
{"asctime": "2026-01-15 13:06:27,605", "levelname": "INFO", "name": "sqlalchemy.engine.Engine", "message": "CREATE UNIQUE INDEX ix_connection_metadata_connection_id ON connection_metadata (connection_id)"}
2026-01-15 13:06:27,605 INFO sqlalchemy.engine.Engine [no key 0.00007s] ()
{"asctime": "2026-01-15 13:06:27,605", "levelname": "INFO", "name": "sqlalchemy.engine.Engine", "message": "[no key 0.00007s] ()"}
2026-01-15 13:06:27,606 INFO sqlalchemy.engine.Engine 
CREATE TABLE crews (
	id UUID NOT NULL, 
	name VARCHAR(255) NOT NULL, 
	description TEXT, 
	space_id UUID NOT NULL, 
	created_by UUID NOT NULL, 
	created_at DATETIME DEFAULT 'now()' NOT NULL, 
	updated_at DATETIME DEFAULT 'now()' NOT NULL, 
	deleted_at DATETIME, 
	PRIMARY KEY (id), 
	FOREIGN KEY(space_id) REFERENCES spaces (id) ON DELETE CASCADE, 
	FOREIGN KEY(created_by) REFERENCES users (id) ON DELETE CASCADE
)


{"asctime": "2026-01-15 13:06:27,606", "levelname": "INFO", "name": "sqlalchemy.engine.Engine", "message": "\nCREATE TABLE crews (\n\tid UUID NOT NULL, \n\tname VARCHAR(255) NOT NULL, \n\tdescription TEXT, \n\tspace_id UUID NOT NULL, \n\tcreated_by UUID NOT NULL, \n\tcreated_at DATETIME DEFAULT 'now()' NOT NULL, \n\tupdated_at DATETIME DEFAULT 'now()' NOT NULL, \n\tdeleted_at DATETIME, \n\tPRIMARY KEY (id), \n\tFOREIGN KEY(space_id) REFERENCES spaces (id) ON DELETE CASCADE, \n\tFOREIGN KEY(created_by) REFERENCES users (id) ON DELETE CASCADE\n)\n\n"}
2026-01-15 13:06:27,606 INFO sqlalchemy.engine.Engine [no key 0.00009s] ()
{"asctime": "2026-01-15 13:06:27,606", "levelname": "INFO", "name": "sqlalchemy.engine.Engine", "message": "[no key 0.00009s] ()"}
2026-01-15 13:06:27,606 INFO sqlalchemy.engine.Engine CREATE INDEX idx_crews_space_id ON crews (space_id)
{"asctime": "2026-01-15 13:06:27,606", "levelname": "INFO", "name": "sqlalchemy.engine.Engine", "message": "CREATE INDEX idx_crews_space_id ON crews (space_id)"}
2026-01-15 13:06:27,606 INFO sqlalchemy.engine.Engine [no key 0.00009s] ()
{"asctime": "2026-01-15 13:06:27,606", "levelname": "INFO", "name": "sqlalchemy.engine.Engine", "message": "[no key 0.00009s] ()"}
2026-01-15 13:06:27,607 INFO sqlalchemy.engine.Engine CREATE INDEX idx_crews_created_by ON crews (created_by)
{"asctime": "2026-01-15 13:06:27,607", "levelname": "INFO", "name": "sqlalchemy.engine.Engine", "message": "CREATE INDEX idx_crews_created_by ON crews (created_by)"}
2026-01-15 13:06:27,607 INFO sqlalchemy.engine.Engine [no key 0.00011s] ()
{"asctime": "2026-01-15 13:06:27,607", "levelname": "INFO", "name": "sqlalchemy.engine.Engine", "message": "[no key 0.00011s] ()"}
2026-01-15 13:06:27,607 INFO sqlalchemy.engine.Engine CREATE INDEX ix_crews_space_id ON crews (space_id)
{"asctime": "2026-01-15 13:06:27,607", "levelname": "INFO", "name": "sqlalchemy.engine.Engine", "message": "CREATE INDEX ix_crews_space_id ON crews (space_id)"}
2026-01-15 13:06:27,607 INFO sqlalchemy.engine.Engine [no key 0.00011s] ()
{"asctime": "2026-01-15 13:06:27,607", "levelname": "INFO", "name": "sqlalchemy.engine.Engine", "message": "[no key 0.00011s] ()"}
2026-01-15 13:06:27,608 INFO sqlalchemy.engine.Engine 
CREATE TABLE dashboards (
	id UUID NOT NULL, 
	name VARCHAR(255) NOT NULL, 
	description TEXT, 
	planet_id UUID NOT NULL, 
	template_id UUID, 
	canvas_settings JSON, 
	is_locked BOOLEAN DEFAULT 'false' NOT NULL, 
	created_by UUID, 
	created_at DATETIME DEFAULT CURRENT_TIMESTAMP NOT NULL, 
	updated_at DATETIME DEFAULT CURRENT_TIMESTAMP NOT NULL, 
	deleted_at DATETIME, 
	PRIMARY KEY (id), 
	FOREIGN KEY(planet_id) REFERENCES planets (id) ON DELETE CASCADE, 
	FOREIGN KEY(template_id) REFERENCES templates (id) ON DELETE SET NULL, 
	FOREIGN KEY(created_by) REFERENCES users (id) ON DELETE SET NULL
)


{"asctime": "2026-01-15 13:06:27,608", "levelname": "INFO", "name": "sqlalchemy.engine.Engine", "message": "\nCREATE TABLE dashboards (\n\tid UUID NOT NULL, \n\tname VARCHAR(255) NOT NULL, \n\tdescription TEXT, \n\tplanet_id UUID NOT NULL, \n\ttemplate_id UUID, \n\tcanvas_settings JSON, \n\tis_locked BOOLEAN DEFAULT 'false' NOT NULL, \n\tcreated_by UUID, \n\tcreated_at DATETIME DEFAULT CURRENT_TIMESTAMP NOT NULL, \n\tupdated_at DATETIME DEFAULT CURRENT_TIMESTAMP NOT NULL, \n\tdeleted_at DATETIME, \n\tPRIMARY KEY (id), \n\tFOREIGN KEY(planet_id) REFERENCES planets (id) ON DELETE CASCADE, \n\tFOREIGN KEY(template_id) REFERENCES templates (id) ON DELETE SET NULL, \n\tFOREIGN KEY(created_by) REFERENCES users (id) ON DELETE SET NULL\n)\n\n"}
2026-01-15 13:06:27,608 INFO sqlalchemy.engine.Engine [no key 0.00009s] ()
{"asctime": "2026-01-15 13:06:27,608", "levelname": "INFO", "name": "sqlalchemy.engine.Engine", "message": "[no key 0.00009s] ()"}
2026-01-15 13:06:27,608 INFO sqlalchemy.engine.Engine CREATE INDEX idx_dashboards_planet_id ON dashboards (planet_id)
{"asctime": "2026-01-15 13:06:27,608", "levelname": "INFO", "name": "sqlalchemy.engine.Engine", "message": "CREATE INDEX idx_dashboards_planet_id ON dashboards (planet_id)"}
2026-01-15 13:06:27,608 INFO sqlalchemy.engine.Engine [no key 0.00011s] ()
{"asctime": "2026-01-15 13:06:27,608", "levelname": "INFO", "name": "sqlalchemy.engine.Engine", "message": "[no key 0.00011s] ()"}
2026-01-15 13:06:27,609 INFO sqlalchemy.engine.Engine CREATE INDEX ix_dashboards_planet_id ON dashboards (planet_id)
{"asctime": "2026-01-15 13:06:27,609", "levelname": "INFO", "name": "sqlalchemy.engine.Engine", "message": "CREATE INDEX ix_dashboards_planet_id ON dashboards (planet_id)"}
2026-01-15 13:06:27,609 INFO sqlalchemy.engine.Engine [no key 0.00011s] ()
{"asctime": "2026-01-15 13:06:27,609", "levelname": "INFO", "name": "sqlalchemy.engine.Engine", "message": "[no key 0.00011s] ()"}
2026-01-15 13:06:27,610 INFO sqlalchemy.engine.Engine CREATE INDEX idx_dashboards_created_by ON dashboards (created_by)
{"asctime": "2026-01-15 13:06:27,610", "levelname": "INFO", "name": "sqlalchemy.engine.Engine", "message": "CREATE INDEX idx_dashboards_created_by ON dashboards (created_by)"}
2026-01-15 13:06:27,610 INFO sqlalchemy.engine.Engine [no key 0.00008s] ()
{"asctime": "2026-01-15 13:06:27,610", "levelname": "INFO", "name": "sqlalchemy.engine.Engine", "message": "[no key 0.00008s] ()"}
2026-01-15 13:06:27,610 INFO sqlalchemy.engine.Engine CREATE INDEX idx_dashboards_created_at ON dashboards (created_at)
{"asctime": "2026-01-15 13:06:27,610", "levelname": "INFO", "name": "sqlalchemy.engine.Engine", "message": "CREATE INDEX idx_dashboards_created_at ON dashboards (created_at)"}
2026-01-15 13:06:27,610 INFO sqlalchemy.engine.Engine [no key 0.00008s] ()
{"asctime": "2026-01-15 13:06:27,610", "levelname": "INFO", "name": "sqlalchemy.engine.Engine", "message": "[no key 0.00008s] ()"}
2026-01-15 13:06:27,611 INFO sqlalchemy.engine.Engine 
CREATE TABLE sync_logs (
	id UUID NOT NULL, 
	connection_id UUID NOT NULL, 
	status VARCHAR(50) NOT NULL, 
	records_synced INTEGER, 
	duration INTEGER, 
	error TEXT, 
	started_at DATETIME DEFAULT 'now()' NOT NULL, 
	completed_at DATETIME, 
	created_at DATETIME DEFAULT 'now()' NOT NULL, 
	PRIMARY KEY (id), 
	FOREIGN KEY(connection_id) REFERENCES data_connections (id) ON DELETE CASCADE
)


{"asctime": "2026-01-15 13:06:27,611", "levelname": "INFO", "name": "sqlalchemy.engine.Engine", "message": "\nCREATE TABLE sync_logs (\n\tid UUID NOT NULL, \n\tconnection_id UUID NOT NULL, \n\tstatus VARCHAR(50) NOT NULL, \n\trecords_synced INTEGER, \n\tduration INTEGER, \n\terror TEXT, \n\tstarted_at DATETIME DEFAULT 'now()' NOT NULL, \n\tcompleted_at DATETIME, \n\tcreated_at DATETIME DEFAULT 'now()' NOT NULL, \n\tPRIMARY KEY (id), \n\tFOREIGN KEY(connection_id) REFERENCES data_connections (id) ON DELETE CASCADE\n)\n\n"}
2026-01-15 13:06:27,611 INFO sqlalchemy.engine.Engine [no key 0.00008s] ()
{"asctime": "2026-01-15 13:06:27,611", "levelname": "INFO", "name": "sqlalchemy.engine.Engine", "message": "[no key 0.00008s] ()"}
2026-01-15 13:06:27,611 INFO sqlalchemy.engine.Engine CREATE INDEX idx_sync_logs_status ON sync_logs (status)
{"asctime": "2026-01-15 13:06:27,611", "levelname": "INFO", "name": "sqlalchemy.engine.Engine", "message": "CREATE INDEX idx_sync_logs_status ON sync_logs (status)"}
2026-01-15 13:06:27,611 INFO sqlalchemy.engine.Engine [no key 0.00007s] ()
{"asctime": "2026-01-15 13:06:27,611", "levelname": "INFO", "name": "sqlalchemy.engine.Engine", "message": "[no key 0.00007s] ()"}
2026-01-15 13:06:27,611 INFO sqlalchemy.engine.Engine CREATE INDEX idx_sync_logs_started_at ON sync_logs (started_at)
{"asctime": "2026-01-15 13:06:27,611", "levelname": "INFO", "name": "sqlalchemy.engine.Engine", "message": "CREATE INDEX idx_sync_logs_started_at ON sync_logs (started_at)"}
2026-01-15 13:06:27,611 INFO sqlalchemy.engine.Engine [no key 0.00009s] ()
{"asctime": "2026-01-15 13:06:27,611", "levelname": "INFO", "name": "sqlalchemy.engine.Engine", "message": "[no key 0.00009s] ()"}
2026-01-15 13:06:27,612 INFO sqlalchemy.engine.Engine CREATE INDEX ix_sync_logs_started_at ON sync_logs (started_at)
{"asctime": "2026-01-15 13:06:27,612", "levelname": "INFO", "name": "sqlalchemy.engine.Engine", "message": "CREATE INDEX ix_sync_logs_started_at ON sync_logs (started_at)"}
2026-01-15 13:06:27,612 INFO sqlalchemy.engine.Engine [no key 0.00007s] ()
{"asctime": "2026-01-15 13:06:27,612", "levelname": "INFO", "name": "sqlalchemy.engine.Engine", "message": "[no key 0.00007s] ()"}
2026-01-15 13:06:27,612 INFO sqlalchemy.engine.Engine CREATE INDEX idx_sync_logs_connection_id ON sync_logs (connection_id)
{"asctime": "2026-01-15 13:06:27,612", "levelname": "INFO", "name": "sqlalchemy.engine.Engine", "message": "CREATE INDEX idx_sync_logs_connection_id ON sync_logs (connection_id)"}
2026-01-15 13:06:27,612 INFO sqlalchemy.engine.Engine [no key 0.00008s] ()
{"asctime": "2026-01-15 13:06:27,612", "levelname": "INFO", "name": "sqlalchemy.engine.Engine", "message": "[no key 0.00008s] ()"}
2026-01-15 13:06:27,613 INFO sqlalchemy.engine.Engine CREATE INDEX ix_sync_logs_connection_id ON sync_logs (connection_id)
{"asctime": "2026-01-15 13:06:27,613", "levelname": "INFO", "name": "sqlalchemy.engine.Engine", "message": "CREATE INDEX ix_sync_logs_connection_id ON sync_logs (connection_id)"}
2026-01-15 13:06:27,613 INFO sqlalchemy.engine.Engine [no key 0.00008s] ()
{"asctime": "2026-01-15 13:06:27,613", "levelname": "INFO", "name": "sqlalchemy.engine.Engine", "message": "[no key 0.00008s] ()"}
2026-01-15 13:06:27,613 INFO sqlalchemy.engine.Engine 
CREATE TABLE planet_members (
	id UUID NOT NULL, 
	planet_id UUID NOT NULL, 
	user_id UUID NOT NULL, 
	role VARCHAR(50) NOT NULL, 
	joined_at DATETIME DEFAULT CURRENT_TIMESTAMP NOT NULL, 
	created_at DATETIME DEFAULT CURRENT_TIMESTAMP NOT NULL, 
	PRIMARY KEY (id), 
	FOREIGN KEY(planet_id) REFERENCES planets (id) ON DELETE CASCADE, 
	FOREIGN KEY(user_id) REFERENCES users (id) ON DELETE CASCADE
)


{"asctime": "2026-01-15 13:06:27,613", "levelname": "INFO", "name": "sqlalchemy.engine.Engine", "message": "\nCREATE TABLE planet_members (\n\tid UUID NOT NULL, \n\tplanet_id UUID NOT NULL, \n\tuser_id UUID NOT NULL, \n\trole VARCHAR(50) NOT NULL, \n\tjoined_at DATETIME DEFAULT CURRENT_TIMESTAMP NOT NULL, \n\tcreated_at DATETIME DEFAULT CURRENT_TIMESTAMP NOT NULL, \n\tPRIMARY KEY (id), \n\tFOREIGN KEY(planet_id) REFERENCES planets (id) ON DELETE CASCADE, \n\tFOREIGN KEY(user_id) REFERENCES users (id) ON DELETE CASCADE\n)\n\n"}
2026-01-15 13:06:27,613 INFO sqlalchemy.engine.Engine [no key 0.00008s] ()
{"asctime": "2026-01-15 13:06:27,613", "levelname": "INFO", "name": "sqlalchemy.engine.Engine", "message": "[no key 0.00008s] ()"}
2026-01-15 13:06:27,614 INFO sqlalchemy.engine.Engine CREATE UNIQUE INDEX idx_planet_members_planet_user ON planet_members (planet_id, user_id)
{"asctime": "2026-01-15 13:06:27,614", "levelname": "INFO", "name": "sqlalchemy.engine.Engine", "message": "CREATE UNIQUE INDEX idx_planet_members_planet_user ON planet_members (planet_id, user_id)"}
2026-01-15 13:06:27,614 INFO sqlalchemy.engine.Engine [no key 0.00008s] ()
{"asctime": "2026-01-15 13:06:27,614", "levelname": "INFO", "name": "sqlalchemy.engine.Engine", "message": "[no key 0.00008s] ()"}
2026-01-15 13:06:27,614 INFO sqlalchemy.engine.Engine CREATE INDEX ix_planet_members_user_id ON planet_members (user_id)
{"asctime": "2026-01-15 13:06:27,614", "levelname": "INFO", "name": "sqlalchemy.engine.Engine", "message": "CREATE INDEX ix_planet_members_user_id ON planet_members (user_id)"}
2026-01-15 13:06:27,614 INFO sqlalchemy.engine.Engine [no key 0.00008s] ()
{"asctime": "2026-01-15 13:06:27,614", "levelname": "INFO", "name": "sqlalchemy.engine.Engine", "message": "[no key 0.00008s] ()"}
2026-01-15 13:06:27,615 INFO sqlalchemy.engine.Engine CREATE INDEX ix_planet_members_planet_id ON planet_members (planet_id)
{"asctime": "2026-01-15 13:06:27,615", "levelname": "INFO", "name": "sqlalchemy.engine.Engine", "message": "CREATE INDEX ix_planet_members_planet_id ON planet_members (planet_id)"}
2026-01-15 13:06:27,615 INFO sqlalchemy.engine.Engine [no key 0.00009s] ()
{"asctime": "2026-01-15 13:06:27,615", "levelname": "INFO", "name": "sqlalchemy.engine.Engine", "message": "[no key 0.00009s] ()"}
2026-01-15 13:06:27,615 INFO sqlalchemy.engine.Engine 
CREATE TABLE space_connections (
	space_id UUID NOT NULL, 
	connection_id UUID NOT NULL, 
	PRIMARY KEY (space_id, connection_id), 
	FOREIGN KEY(space_id) REFERENCES spaces (id) ON DELETE CASCADE, 
	FOREIGN KEY(connection_id) REFERENCES data_connections (id) ON DELETE CASCADE
)


{"asctime": "2026-01-15 13:06:27,615", "levelname": "INFO", "name": "sqlalchemy.engine.Engine", "message": "\nCREATE TABLE space_connections (\n\tspace_id UUID NOT NULL, \n\tconnection_id UUID NOT NULL, \n\tPRIMARY KEY (space_id, connection_id), \n\tFOREIGN KEY(space_id) REFERENCES spaces (id) ON DELETE CASCADE, \n\tFOREIGN KEY(connection_id) REFERENCES data_connections (id) ON DELETE CASCADE\n)\n\n"}
2026-01-15 13:06:27,615 INFO sqlalchemy.engine.Engine [no key 0.00008s] ()
{"asctime": "2026-01-15 13:06:27,615", "levelname": "INFO", "name": "sqlalchemy.engine.Engine", "message": "[no key 0.00008s] ()"}
2026-01-15 13:06:27,616 INFO sqlalchemy.engine.Engine CREATE INDEX ix_space_connections_connection_id ON space_connections (connection_id)
{"asctime": "2026-01-15 13:06:27,616", "levelname": "INFO", "name": "sqlalchemy.engine.Engine", "message": "CREATE INDEX ix_space_connections_connection_id ON space_connections (connection_id)"}
2026-01-15 13:06:27,616 INFO sqlalchemy.engine.Engine [no key 0.00007s] ()
{"asctime": "2026-01-15 13:06:27,616", "levelname": "INFO", "name": "sqlalchemy.engine.Engine", "message": "[no key 0.00007s] ()"}
2026-01-15 13:06:27,616 INFO sqlalchemy.engine.Engine CREATE INDEX ix_space_connections_space_id ON space_connections (space_id)
{"asctime": "2026-01-15 13:06:27,616", "levelname": "INFO", "name": "sqlalchemy.engine.Engine", "message": "CREATE INDEX ix_space_connections_space_id ON space_connections (space_id)"}
2026-01-15 13:06:27,616 INFO sqlalchemy.engine.Engine [no key 0.00008s] ()
{"asctime": "2026-01-15 13:06:27,616", "levelname": "INFO", "name": "sqlalchemy.engine.Engine", "message": "[no key 0.00008s] ()"}
2026-01-15 13:06:27,616 INFO sqlalchemy.engine.Engine CREATE INDEX idx_space_connections_connection_id ON space_connections (connection_id)
{"asctime": "2026-01-15 13:06:27,616", "levelname": "INFO", "name": "sqlalchemy.engine.Engine", "message": "CREATE INDEX idx_space_connections_connection_id ON space_connections (connection_id)"}
2026-01-15 13:06:27,616 INFO sqlalchemy.engine.Engine [no key 0.00008s] ()
{"asctime": "2026-01-15 13:06:27,616", "levelname": "INFO", "name": "sqlalchemy.engine.Engine", "message": "[no key 0.00008s] ()"}
2026-01-15 13:06:27,617 INFO sqlalchemy.engine.Engine CREATE INDEX idx_space_connections_space_id ON space_connections (space_id)
{"asctime": "2026-01-15 13:06:27,617", "levelname": "INFO", "name": "sqlalchemy.engine.Engine", "message": "CREATE INDEX idx_space_connections_space_id ON space_connections (space_id)"}
2026-01-15 13:06:27,617 INFO sqlalchemy.engine.Engine [no key 0.00007s] ()
{"asctime": "2026-01-15 13:06:27,617", "levelname": "INFO", "name": "sqlalchemy.engine.Engine", "message": "[no key 0.00007s] ()"}
2026-01-15 13:06:27,617 INFO sqlalchemy.engine.Engine 
CREATE TABLE space_members (
	id UUID NOT NULL, 
	space_id UUID NOT NULL, 
	user_id UUID NOT NULL, 
	created_at DATETIME DEFAULT 'now()' NOT NULL, 
	PRIMARY KEY (id), 
	FOREIGN KEY(space_id) REFERENCES spaces (id) ON DELETE CASCADE, 
	FOREIGN KEY(user_id) REFERENCES users (id) ON DELETE CASCADE
)


{"asctime": "2026-01-15 13:06:27,617", "levelname": "INFO", "name": "sqlalchemy.engine.Engine", "message": "\nCREATE TABLE space_members (\n\tid UUID NOT NULL, \n\tspace_id UUID NOT NULL, \n\tuser_id UUID NOT NULL, \n\tcreated_at DATETIME DEFAULT 'now()' NOT NULL, \n\tPRIMARY KEY (id), \n\tFOREIGN KEY(space_id) REFERENCES spaces (id) ON DELETE CASCADE, \n\tFOREIGN KEY(user_id) REFERENCES users (id) ON DELETE CASCADE\n)\n\n"}
2026-01-15 13:06:27,617 INFO sqlalchemy.engine.Engine [no key 0.00008s] ()
{"asctime": "2026-01-15 13:06:27,617", "levelname": "INFO", "name": "sqlalchemy.engine.Engine", "message": "[no key 0.00008s] ()"}
2026-01-15 13:06:27,618 INFO sqlalchemy.engine.Engine CREATE INDEX ix_space_members_user_id ON space_members (user_id)
{"asctime": "2026-01-15 13:06:27,618", "levelname": "INFO", "name": "sqlalchemy.engine.Engine", "message": "CREATE INDEX ix_space_members_user_id ON space_members (user_id)"}
2026-01-15 13:06:27,618 INFO sqlalchemy.engine.Engine [no key 0.00010s] ()
{"asctime": "2026-01-15 13:06:27,618", "levelname": "INFO", "name": "sqlalchemy.engine.Engine", "message": "[no key 0.00010s] ()"}
2026-01-15 13:06:27,618 INFO sqlalchemy.engine.Engine CREATE UNIQUE INDEX idx_space_members_space_user ON space_members (space_id, user_id)
{"asctime": "2026-01-15 13:06:27,618", "levelname": "INFO", "name": "sqlalchemy.engine.Engine", "message": "CREATE UNIQUE INDEX idx_space_members_space_user ON space_members (space_id, user_id)"}
2026-01-15 13:06:27,619 INFO sqlalchemy.engine.Engine [no key 0.00010s] ()
{"asctime": "2026-01-15 13:06:27,619", "levelname": "INFO", "name": "sqlalchemy.engine.Engine", "message": "[no key 0.00010s] ()"}
2026-01-15 13:06:27,619 INFO sqlalchemy.engine.Engine CREATE INDEX ix_space_members_space_id ON space_members (space_id)
{"asctime": "2026-01-15 13:06:27,619", "levelname": "INFO", "name": "sqlalchemy.engine.Engine", "message": "CREATE INDEX ix_space_members_space_id ON space_members (space_id)"}
2026-01-15 13:06:27,619 INFO sqlalchemy.engine.Engine [no key 0.00008s] ()
{"asctime": "2026-01-15 13:06:27,619", "levelname": "INFO", "name": "sqlalchemy.engine.Engine", "message": "[no key 0.00008s] ()"}
2026-01-15 13:06:27,619 INFO sqlalchemy.engine.Engine 
CREATE TABLE workspace_members (
	id UUID NOT NULL, 
	workspace_id UUID NOT NULL, 
	user_id UUID NOT NULL, 
	role VARCHAR(50) NOT NULL, 
	joined_at DATETIME DEFAULT 'now()' NOT NULL, 
	created_at DATETIME DEFAULT 'now()' NOT NULL, 
	PRIMARY KEY (id), 
	FOREIGN KEY(workspace_id) REFERENCES workspaces (id) ON DELETE CASCADE, 
	FOREIGN KEY(user_id) REFERENCES users (id) ON DELETE CASCADE
)


{"asctime": "2026-01-15 13:06:27,619", "levelname": "INFO", "name": "sqlalchemy.engine.Engine", "message": "\nCREATE TABLE workspace_members (\n\tid UUID NOT NULL, \n\tworkspace_id UUID NOT NULL, \n\tuser_id UUID NOT NULL, \n\trole VARCHAR(50) NOT NULL, \n\tjoined_at DATETIME DEFAULT 'now()' NOT NULL, \n\tcreated_at DATETIME DEFAULT 'now()' NOT NULL, \n\tPRIMARY KEY (id), \n\tFOREIGN KEY(workspace_id) REFERENCES workspaces (id) ON DELETE CASCADE, \n\tFOREIGN KEY(user_id) REFERENCES users (id) ON DELETE CASCADE\n)\n\n"}
2026-01-15 13:06:27,620 INFO sqlalchemy.engine.Engine [no key 0.00012s] ()
{"asctime": "2026-01-15 13:06:27,620", "levelname": "INFO", "name": "sqlalchemy.engine.Engine", "message": "[no key 0.00012s] ()"}
2026-01-15 13:06:27,620 INFO sqlalchemy.engine.Engine CREATE INDEX ix_workspace_members_user_id ON workspace_members (user_id)
{"asctime": "2026-01-15 13:06:27,620", "levelname": "INFO", "name": "sqlalchemy.engine.Engine", "message": "CREATE INDEX ix_workspace_members_user_id ON workspace_members (user_id)"}
2026-01-15 13:06:27,620 INFO sqlalchemy.engine.Engine [no key 0.00010s] ()
{"asctime": "2026-01-15 13:06:27,620", "levelname": "INFO", "name": "sqlalchemy.engine.Engine", "message": "[no key 0.00010s] ()"}
2026-01-15 13:06:27,621 INFO sqlalchemy.engine.Engine CREATE UNIQUE INDEX idx_workspace_members_workspace_user ON workspace_members (workspace_id, user_id)
{"asctime": "2026-01-15 13:06:27,621", "levelname": "INFO", "name": "sqlalchemy.engine.Engine", "message": "CREATE UNIQUE INDEX idx_workspace_members_workspace_user ON workspace_members (workspace_id, user_id)"}
2026-01-15 13:06:27,621 INFO sqlalchemy.engine.Engine [no key 0.00012s] ()
{"asctime": "2026-01-15 13:06:27,621", "levelname": "INFO", "name": "sqlalchemy.engine.Engine", "message": "[no key 0.00012s] ()"}
2026-01-15 13:06:27,621 INFO sqlalchemy.engine.Engine CREATE INDEX ix_workspace_members_workspace_id ON workspace_members (workspace_id)
{"asctime": "2026-01-15 13:06:27,621", "levelname": "INFO", "name": "sqlalchemy.engine.Engine", "message": "CREATE INDEX ix_workspace_members_workspace_id ON workspace_members (workspace_id)"}
2026-01-15 13:06:27,621 INFO sqlalchemy.engine.Engine [no key 0.00008s] ()
{"asctime": "2026-01-15 13:06:27,621", "levelname": "INFO", "name": "sqlalchemy.engine.Engine", "message": "[no key 0.00008s] ()"}
2026-01-15 13:06:27,622 INFO sqlalchemy.engine.Engine 
CREATE TABLE notifications (
	id UUID NOT NULL, 
	user_id UUID NOT NULL, 
	space_id UUID, 
	type VARCHAR(50) NOT NULL, 
	title VARCHAR(255) NOT NULL, 
	description TEXT, 
	entity_type VARCHAR(50), 
	entity_id UUID, 
	deep_link VARCHAR(500), 
	is_read BOOLEAN NOT NULL, 
	read_at DATETIME, 
	created_at DATETIME DEFAULT CURRENT_TIMESTAMP NOT NULL, 
	updated_at DATETIME DEFAULT CURRENT_TIMESTAMP NOT NULL, 
	PRIMARY KEY (id), 
	FOREIGN KEY(user_id) REFERENCES users (id) ON DELETE CASCADE, 
	FOREIGN KEY(space_id) REFERENCES spaces (id) ON DELETE CASCADE
)


{"asctime": "2026-01-15 13:06:27,622", "levelname": "INFO", "name": "sqlalchemy.engine.Engine", "message": "\nCREATE TABLE notifications (\n\tid UUID NOT NULL, \n\tuser_id UUID NOT NULL, \n\tspace_id UUID, \n\ttype VARCHAR(50) NOT NULL, \n\ttitle VARCHAR(255) NOT NULL, \n\tdescription TEXT, \n\tentity_type VARCHAR(50), \n\tentity_id UUID, \n\tdeep_link VARCHAR(500), \n\tis_read BOOLEAN NOT NULL, \n\tread_at DATETIME, \n\tcreated_at DATETIME DEFAULT CURRENT_TIMESTAMP NOT NULL, \n\tupdated_at DATETIME DEFAULT CURRENT_TIMESTAMP NOT NULL, \n\tPRIMARY KEY (id), \n\tFOREIGN KEY(user_id) REFERENCES users (id) ON DELETE CASCADE, \n\tFOREIGN KEY(space_id) REFERENCES spaces (id) ON DELETE CASCADE\n)\n\n"}
2026-01-15 13:06:27,622 INFO sqlalchemy.engine.Engine [no key 0.00009s] ()
{"asctime": "2026-01-15 13:06:27,622", "levelname": "INFO", "name": "sqlalchemy.engine.Engine", "message": "[no key 0.00009s] ()"}
2026-01-15 13:06:27,622 INFO sqlalchemy.engine.Engine CREATE INDEX ix_notifications_user_id ON notifications (user_id)
{"asctime": "2026-01-15 13:06:27,622", "levelname": "INFO", "name": "sqlalchemy.engine.Engine", "message": "CREATE INDEX ix_notifications_user_id ON notifications (user_id)"}
2026-01-15 13:06:27,622 INFO sqlalchemy.engine.Engine [no key 0.00011s] ()
{"asctime": "2026-01-15 13:06:27,622", "levelname": "INFO", "name": "sqlalchemy.engine.Engine", "message": "[no key 0.00011s] ()"}
2026-01-15 13:06:27,623 INFO sqlalchemy.engine.Engine CREATE INDEX ix_notifications_space_id ON notifications (space_id)
{"asctime": "2026-01-15 13:06:27,623", "levelname": "INFO", "name": "sqlalchemy.engine.Engine", "message": "CREATE INDEX ix_notifications_space_id ON notifications (space_id)"}
2026-01-15 13:06:27,623 INFO sqlalchemy.engine.Engine [no key 0.00009s] ()
{"asctime": "2026-01-15 13:06:27,623", "levelname": "INFO", "name": "sqlalchemy.engine.Engine", "message": "[no key 0.00009s] ()"}
2026-01-15 13:06:27,623 INFO sqlalchemy.engine.Engine CREATE INDEX ix_notifications_is_read ON notifications (is_read)
{"asctime": "2026-01-15 13:06:27,623", "levelname": "INFO", "name": "sqlalchemy.engine.Engine", "message": "CREATE INDEX ix_notifications_is_read ON notifications (is_read)"}
2026-01-15 13:06:27,623 INFO sqlalchemy.engine.Engine [no key 0.00007s] ()
{"asctime": "2026-01-15 13:06:27,623", "levelname": "INFO", "name": "sqlalchemy.engine.Engine", "message": "[no key 0.00007s] ()"}
2026-01-15 13:06:27,624 INFO sqlalchemy.engine.Engine 
CREATE TABLE crew_members (
	id UUID NOT NULL, 
	crew_id UUID NOT NULL, 
	user_id UUID NOT NULL, 
	role VARCHAR(50) NOT NULL, 
	joined_at DATETIME DEFAULT 'now()' NOT NULL, 
	created_at DATETIME DEFAULT 'now()' NOT NULL, 
	PRIMARY KEY (id), 
	CONSTRAINT uq_crew_members_crew_user UNIQUE (crew_id, user_id), 
	FOREIGN KEY(crew_id) REFERENCES crews (id) ON DELETE CASCADE, 
	FOREIGN KEY(user_id) REFERENCES users (id) ON DELETE CASCADE
)


{"asctime": "2026-01-15 13:06:27,624", "levelname": "INFO", "name": "sqlalchemy.engine.Engine", "message": "\nCREATE TABLE crew_members (\n\tid UUID NOT NULL, \n\tcrew_id UUID NOT NULL, \n\tuser_id UUID NOT NULL, \n\trole VARCHAR(50) NOT NULL, \n\tjoined_at DATETIME DEFAULT 'now()' NOT NULL, \n\tcreated_at DATETIME DEFAULT 'now()' NOT NULL, \n\tPRIMARY KEY (id), \n\tCONSTRAINT uq_crew_members_crew_user UNIQUE (crew_id, user_id), \n\tFOREIGN KEY(crew_id) REFERENCES crews (id) ON DELETE CASCADE, \n\tFOREIGN KEY(user_id) REFERENCES users (id) ON DELETE CASCADE\n)\n\n"}
2026-01-15 13:06:27,624 INFO sqlalchemy.engine.Engine [no key 0.00008s] ()
{"asctime": "2026-01-15 13:06:27,624", "levelname": "INFO", "name": "sqlalchemy.engine.Engine", "message": "[no key 0.00008s] ()"}
2026-01-15 13:06:27,624 INFO sqlalchemy.engine.Engine CREATE INDEX idx_crew_members_user_id ON crew_members (user_id)
{"asctime": "2026-01-15 13:06:27,624", "levelname": "INFO", "name": "sqlalchemy.engine.Engine", "message": "CREATE INDEX idx_crew_members_user_id ON crew_members (user_id)"}
2026-01-15 13:06:27,624 INFO sqlalchemy.engine.Engine [no key 0.00009s] ()
{"asctime": "2026-01-15 13:06:27,624", "levelname": "INFO", "name": "sqlalchemy.engine.Engine", "message": "[no key 0.00009s] ()"}
2026-01-15 13:06:27,625 INFO sqlalchemy.engine.Engine CREATE INDEX idx_crew_members_crew_id ON crew_members (crew_id)
{"asctime": "2026-01-15 13:06:27,625", "levelname": "INFO", "name": "sqlalchemy.engine.Engine", "message": "CREATE INDEX idx_crew_members_crew_id ON crew_members (crew_id)"}
2026-01-15 13:06:27,625 INFO sqlalchemy.engine.Engine [no key 0.00014s] ()
{"asctime": "2026-01-15 13:06:27,625", "levelname": "INFO", "name": "sqlalchemy.engine.Engine", "message": "[no key 0.00014s] ()"}
2026-01-15 13:06:27,625 INFO sqlalchemy.engine.Engine CREATE INDEX ix_crew_members_user_id ON crew_members (user_id)
{"asctime": "2026-01-15 13:06:27,625", "levelname": "INFO", "name": "sqlalchemy.engine.Engine", "message": "CREATE INDEX ix_crew_members_user_id ON crew_members (user_id)"}
2026-01-15 13:06:27,625 INFO sqlalchemy.engine.Engine [no key 0.00012s] ()
{"asctime": "2026-01-15 13:06:27,625", "levelname": "INFO", "name": "sqlalchemy.engine.Engine", "message": "[no key 0.00012s] ()"}
2026-01-15 13:06:27,626 INFO sqlalchemy.engine.Engine CREATE INDEX ix_crew_members_crew_id ON crew_members (crew_id)
{"asctime": "2026-01-15 13:06:27,626", "levelname": "INFO", "name": "sqlalchemy.engine.Engine", "message": "CREATE INDEX ix_crew_members_crew_id ON crew_members (crew_id)"}
2026-01-15 13:06:27,626 INFO sqlalchemy.engine.Engine [no key 0.00009s] ()
{"asctime": "2026-01-15 13:06:27,626", "levelname": "INFO", "name": "sqlalchemy.engine.Engine", "message": "[no key 0.00009s] ()"}
2026-01-15 13:06:27,627 INFO sqlalchemy.engine.Engine 
CREATE TABLE crew_connections (
	crew_id UUID NOT NULL, 
	connection_id UUID NOT NULL, 
	PRIMARY KEY (crew_id, connection_id), 
	FOREIGN KEY(crew_id) REFERENCES crews (id) ON DELETE CASCADE, 
	FOREIGN KEY(connection_id) REFERENCES data_connections (id) ON DELETE CASCADE
)


{"asctime": "2026-01-15 13:06:27,627", "levelname": "INFO", "name": "sqlalchemy.engine.Engine", "message": "\nCREATE TABLE crew_connections (\n\tcrew_id UUID NOT NULL, \n\tconnection_id UUID NOT NULL, \n\tPRIMARY KEY (crew_id, connection_id), \n\tFOREIGN KEY(crew_id) REFERENCES crews (id) ON DELETE CASCADE, \n\tFOREIGN KEY(connection_id) REFERENCES data_connections (id) ON DELETE CASCADE\n)\n\n"}
2026-01-15 13:06:27,627 INFO sqlalchemy.engine.Engine [no key 0.00012s] ()
{"asctime": "2026-01-15 13:06:27,627", "levelname": "INFO", "name": "sqlalchemy.engine.Engine", "message": "[no key 0.00012s] ()"}
2026-01-15 13:06:27,627 INFO sqlalchemy.engine.Engine CREATE INDEX idx_crew_connections_crew_id ON crew_connections (crew_id)
{"asctime": "2026-01-15 13:06:27,627", "levelname": "INFO", "name": "sqlalchemy.engine.Engine", "message": "CREATE INDEX idx_crew_connections_crew_id ON crew_connections (crew_id)"}
2026-01-15 13:06:27,627 INFO sqlalchemy.engine.Engine [no key 0.00008s] ()
{"asctime": "2026-01-15 13:06:27,627", "levelname": "INFO", "name": "sqlalchemy.engine.Engine", "message": "[no key 0.00008s] ()"}
2026-01-15 13:06:27,627 INFO sqlalchemy.engine.Engine CREATE INDEX idx_crew_connections_connection_id ON crew_connections (connection_id)
{"asctime": "2026-01-15 13:06:27,627", "levelname": "INFO", "name": "sqlalchemy.engine.Engine", "message": "CREATE INDEX idx_crew_connections_connection_id ON crew_connections (connection_id)"}
2026-01-15 13:06:27,628 INFO sqlalchemy.engine.Engine [no key 0.00009s] ()
{"asctime": "2026-01-15 13:06:27,628", "levelname": "INFO", "name": "sqlalchemy.engine.Engine", "message": "[no key 0.00009s] ()"}
2026-01-15 13:06:27,628 INFO sqlalchemy.engine.Engine CREATE INDEX ix_crew_connections_connection_id ON crew_connections (connection_id)
{"asctime": "2026-01-15 13:06:27,628", "levelname": "INFO", "name": "sqlalchemy.engine.Engine", "message": "CREATE INDEX ix_crew_connections_connection_id ON crew_connections (connection_id)"}
2026-01-15 13:06:27,628 INFO sqlalchemy.engine.Engine [no key 0.00008s] ()
{"asctime": "2026-01-15 13:06:27,628", "levelname": "INFO", "name": "sqlalchemy.engine.Engine", "message": "[no key 0.00008s] ()"}
2026-01-15 13:06:27,628 INFO sqlalchemy.engine.Engine CREATE INDEX ix_crew_connections_crew_id ON crew_connections (crew_id)
{"asctime": "2026-01-15 13:06:27,628", "levelname": "INFO", "name": "sqlalchemy.engine.Engine", "message": "CREATE INDEX ix_crew_connections_crew_id ON crew_connections (crew_id)"}
2026-01-15 13:06:27,628 INFO sqlalchemy.engine.Engine [no key 0.00007s] ()
{"asctime": "2026-01-15 13:06:27,628", "levelname": "INFO", "name": "sqlalchemy.engine.Engine", "message": "[no key 0.00007s] ()"}
2026-01-15 13:06:27,629 INFO sqlalchemy.engine.Engine 
CREATE TABLE widget_connections (
	id UUID NOT NULL, 
	dashboard_id UUID NOT NULL, 
	from_widget_id UUID NOT NULL, 
	to_widget_id UUID NOT NULL, 
	from_anchor VARCHAR(10) NOT NULL, 
	to_anchor VARCHAR(10) NOT NULL, 
	created_at DATETIME DEFAULT CURRENT_TIMESTAMP NOT NULL, 
	PRIMARY KEY (id), 
	FOREIGN KEY(dashboard_id) REFERENCES dashboards (id) ON DELETE CASCADE, 
	FOREIGN KEY(from_widget_id) REFERENCES widgets (id) ON DELETE CASCADE, 
	FOREIGN KEY(to_widget_id) REFERENCES widgets (id) ON DELETE CASCADE
)


{"asctime": "2026-01-15 13:06:27,629", "levelname": "INFO", "name": "sqlalchemy.engine.Engine", "message": "\nCREATE TABLE widget_connections (\n\tid UUID NOT NULL, \n\tdashboard_id UUID NOT NULL, \n\tfrom_widget_id UUID NOT NULL, \n\tto_widget_id UUID NOT NULL, \n\tfrom_anchor VARCHAR(10) NOT NULL, \n\tto_anchor VARCHAR(10) NOT NULL, \n\tcreated_at DATETIME DEFAULT CURRENT_TIMESTAMP NOT NULL, \n\tPRIMARY KEY (id), \n\tFOREIGN KEY(dashboard_id) REFERENCES dashboards (id) ON DELETE CASCADE, \n\tFOREIGN KEY(from_widget_id) REFERENCES widgets (id) ON DELETE CASCADE, \n\tFOREIGN KEY(to_widget_id) REFERENCES widgets (id) ON DELETE CASCADE\n)\n\n"}
2026-01-15 13:06:27,629 INFO sqlalchemy.engine.Engine [no key 0.00009s] ()
{"asctime": "2026-01-15 13:06:27,629", "levelname": "INFO", "name": "sqlalchemy.engine.Engine", "message": "[no key 0.00009s] ()"}
2026-01-15 13:06:27,629 INFO sqlalchemy.engine.Engine CREATE INDEX ix_widget_connections_dashboard_id ON widget_connections (dashboard_id)
{"asctime": "2026-01-15 13:06:27,629", "levelname": "INFO", "name": "sqlalchemy.engine.Engine", "message": "CREATE INDEX ix_widget_connections_dashboard_id ON widget_connections (dashboard_id)"}
2026-01-15 13:06:27,629 INFO sqlalchemy.engine.Engine [no key 0.00008s] ()
{"asctime": "2026-01-15 13:06:27,629", "levelname": "INFO", "name": "sqlalchemy.engine.Engine", "message": "[no key 0.00008s] ()"}
2026-01-15 13:06:27,630 INFO sqlalchemy.engine.Engine CREATE INDEX idx_widget_connections_from_to ON widget_connections (from_widget_id, to_widget_id)
{"asctime": "2026-01-15 13:06:27,630", "levelname": "INFO", "name": "sqlalchemy.engine.Engine", "message": "CREATE INDEX idx_widget_connections_from_to ON widget_connections (from_widget_id, to_widget_id)"}
2026-01-15 13:06:27,630 INFO sqlalchemy.engine.Engine [no key 0.00008s] ()
{"asctime": "2026-01-15 13:06:27,630", "levelname": "INFO", "name": "sqlalchemy.engine.Engine", "message": "[no key 0.00008s] ()"}
2026-01-15 13:06:27,630 INFO sqlalchemy.engine.Engine CREATE INDEX idx_widget_connections_dashboard_id ON widget_connections (dashboard_id)
{"asctime": "2026-01-15 13:06:27,630", "levelname": "INFO", "name": "sqlalchemy.engine.Engine", "message": "CREATE INDEX idx_widget_connections_dashboard_id ON widget_connections (dashboard_id)"}
2026-01-15 13:06:27,630 INFO sqlalchemy.engine.Engine [no key 0.00009s] ()
{"asctime": "2026-01-15 13:06:27,630", "levelname": "INFO", "name": "sqlalchemy.engine.Engine", "message": "[no key 0.00009s] ()"}
2026-01-15 13:06:27,631 INFO sqlalchemy.engine.Engine 
CREATE TABLE dashboard_build_jobs (
	id UUID NOT NULL, 
	user_id UUID NOT NULL, 
	planet_id UUID NOT NULL, 
	space_id UUID, 
	connection_id UUID, 
	goal VARCHAR(255) NOT NULL, 
	language VARCHAR(8) DEFAULT 'en' NOT NULL, 
	max_widgets INTEGER DEFAULT '8' NOT NULL, 
	status VARCHAR(20) DEFAULT 'queued' NOT NULL, 
	total_widgets INTEGER DEFAULT '0' NOT NULL, 
	completed_widgets INTEGER DEFAULT '0' NOT NULL, 
	dashboard_id UUID, 
	created_widget_ids JSON, 
	"plan" JSON, 
	error TEXT, 
	created_at DATETIME DEFAULT 'now()' NOT NULL, 
	updated_at DATETIME DEFAULT 'now()' NOT NULL, 
	started_at DATETIME, 
	finished_at DATETIME, 
	PRIMARY KEY (id), 
	FOREIGN KEY(user_id) REFERENCES users (id) ON DELETE CASCADE, 
	FOREIGN KEY(planet_id) REFERENCES planets (id) ON DELETE CASCADE, 
	FOREIGN KEY(space_id) REFERENCES spaces (id) ON DELETE SET NULL, 
	FOREIGN KEY(connection_id) REFERENCES data_connections (id) ON DELETE SET NULL, 
	FOREIGN KEY(dashboard_id) REFERENCES dashboards (id) ON DELETE SET NULL
)


{"asctime": "2026-01-15 13:06:27,631", "levelname": "INFO", "name": "sqlalchemy.engine.Engine", "message": "\nCREATE TABLE dashboard_build_jobs (\n\tid UUID NOT NULL, \n\tuser_id UUID NOT NULL, \n\tplanet_id UUID NOT NULL, \n\tspace_id UUID, \n\tconnection_id UUID, \n\tgoal VARCHAR(255) NOT NULL, \n\tlanguage VARCHAR(8) DEFAULT 'en' NOT NULL, \n\tmax_widgets INTEGER DEFAULT '8' NOT NULL, \n\tstatus VARCHAR(20) DEFAULT 'queued' NOT NULL, \n\ttotal_widgets INTEGER DEFAULT '0' NOT NULL, \n\tcompleted_widgets INTEGER DEFAULT '0' NOT NULL, \n\tdashboard_id UUID, \n\tcreated_widget_ids JSON, \n\t\"plan\" JSON, \n\terror TEXT, \n\tcreated_at DATETIME DEFAULT 'now()' NOT NULL, \n\tupdated_at DATETIME DEFAULT 'now()' NOT NULL, \n\tstarted_at DATETIME, \n\tfinished_at DATETIME, \n\tPRIMARY KEY (id), \n\tFOREIGN KEY(user_id) REFERENCES users (id) ON DELETE CASCADE, \n\tFOREIGN KEY(planet_id) REFERENCES planets (id) ON DELETE CASCADE, \n\tFOREIGN KEY(space_id) REFERENCES spaces (id) ON DELETE SET NULL, \n\tFOREIGN KEY(connection_id) REFERENCES data_connections (id) ON DELETE SET NULL, \n\tFOREIGN KEY(dashboard_id) REFERENCES dashboards (id) ON DELETE SET NULL\n)\n\n"}
2026-01-15 13:06:27,631 INFO sqlalchemy.engine.Engine [no key 0.00010s] ()
{"asctime": "2026-01-15 13:06:27,631", "levelname": "INFO", "name": "sqlalchemy.engine.Engine", "message": "[no key 0.00010s] ()"}
2026-01-15 13:06:27,632 INFO sqlalchemy.engine.Engine CREATE INDEX ix_dashboard_build_jobs_status ON dashboard_build_jobs (status)
{"asctime": "2026-01-15 13:06:27,632", "levelname": "INFO", "name": "sqlalchemy.engine.Engine", "message": "CREATE INDEX ix_dashboard_build_jobs_status ON dashboard_build_jobs (status)"}
2026-01-15 13:06:27,632 INFO sqlalchemy.engine.Engine [no key 0.00008s] ()
{"asctime": "2026-01-15 13:06:27,632", "levelname": "INFO", "name": "sqlalchemy.engine.Engine", "message": "[no key 0.00008s] ()"}
2026-01-15 13:06:27,632 INFO sqlalchemy.engine.Engine CREATE INDEX ix_dashboard_build_jobs_connection_id ON dashboard_build_jobs (connection_id)
{"asctime": "2026-01-15 13:06:27,632", "levelname": "INFO", "name": "sqlalchemy.engine.Engine", "message": "CREATE INDEX ix_dashboard_build_jobs_connection_id ON dashboard_build_jobs (connection_id)"}
2026-01-15 13:06:27,632 INFO sqlalchemy.engine.Engine [no key 0.00008s] ()
{"asctime": "2026-01-15 13:06:27,632", "levelname": "INFO", "name": "sqlalchemy.engine.Engine", "message": "[no key 0.00008s] ()"}
2026-01-15 13:06:27,632 INFO sqlalchemy.engine.Engine CREATE INDEX ix_dashboard_build_jobs_dashboard_id ON dashboard_build_jobs (dashboard_id)
{"asctime": "2026-01-15 13:06:27,632", "levelname": "INFO", "name": "sqlalchemy.engine.Engine", "message": "CREATE INDEX ix_dashboard_build_jobs_dashboard_id ON dashboard_build_jobs (dashboard_id)"}
2026-01-15 13:06:27,632 INFO sqlalchemy.engine.Engine [no key 0.00007s] ()
{"asctime": "2026-01-15 13:06:27,632", "levelname": "INFO", "name": "sqlalchemy.engine.Engine", "message": "[no key 0.00007s] ()"}
2026-01-15 13:06:27,633 INFO sqlalchemy.engine.Engine CREATE INDEX idx_dashboard_build_jobs_user_status ON dashboard_build_jobs (user_id, status)
{"asctime": "2026-01-15 13:06:27,633", "levelname": "INFO", "name": "sqlalchemy.engine.Engine", "message": "CREATE INDEX idx_dashboard_build_jobs_user_status ON dashboard_build_jobs (user_id, status)"}
2026-01-15 13:06:27,633 INFO sqlalchemy.engine.Engine [no key 0.00008s] ()
{"asctime": "2026-01-15 13:06:27,633", "levelname": "INFO", "name": "sqlalchemy.engine.Engine", "message": "[no key 0.00008s] ()"}
2026-01-15 13:06:27,633 INFO sqlalchemy.engine.Engine CREATE INDEX ix_dashboard_build_jobs_space_id ON dashboard_build_jobs (space_id)
{"asctime": "2026-01-15 13:06:27,633", "levelname": "INFO", "name": "sqlalchemy.engine.Engine", "message": "CREATE INDEX ix_dashboard_build_jobs_space_id ON dashboard_build_jobs (space_id)"}
2026-01-15 13:06:27,633 INFO sqlalchemy.engine.Engine [no key 0.00009s] ()
{"asctime": "2026-01-15 13:06:27,633", "levelname": "INFO", "name": "sqlalchemy.engine.Engine", "message": "[no key 0.00009s] ()"}
2026-01-15 13:06:27,634 INFO sqlalchemy.engine.Engine CREATE INDEX idx_dashboard_build_jobs_created_at ON dashboard_build_jobs (created_at)
{"asctime": "2026-01-15 13:06:27,634", "levelname": "INFO", "name": "sqlalchemy.engine.Engine", "message": "CREATE INDEX idx_dashboard_build_jobs_created_at ON dashboard_build_jobs (created_at)"}
2026-01-15 13:06:27,634 INFO sqlalchemy.engine.Engine [no key 0.00008s] ()
{"asctime": "2026-01-15 13:06:27,634", "levelname": "INFO", "name": "sqlalchemy.engine.Engine", "message": "[no key 0.00008s] ()"}
2026-01-15 13:06:27,634 INFO sqlalchemy.engine.Engine CREATE INDEX ix_dashboard_build_jobs_user_id ON dashboard_build_jobs (user_id)
{"asctime": "2026-01-15 13:06:27,634", "levelname": "INFO", "name": "sqlalchemy.engine.Engine", "message": "CREATE INDEX ix_dashboard_build_jobs_user_id ON dashboard_build_jobs (user_id)"}
2026-01-15 13:06:27,634 INFO sqlalchemy.engine.Engine [no key 0.00008s] ()
{"asctime": "2026-01-15 13:06:27,634", "levelname": "INFO", "name": "sqlalchemy.engine.Engine", "message": "[no key 0.00008s] ()"}
2026-01-15 13:06:27,635 INFO sqlalchemy.engine.Engine CREATE INDEX ix_dashboard_build_jobs_planet_id ON dashboard_build_jobs (planet_id)
{"asctime": "2026-01-15 13:06:27,635", "levelname": "INFO", "name": "sqlalchemy.engine.Engine", "message": "CREATE INDEX ix_dashboard_build_jobs_planet_id ON dashboard_build_jobs (planet_id)"}
2026-01-15 13:06:27,635 INFO sqlalchemy.engine.Engine [no key 0.00007s] ()
{"asctime": "2026-01-15 13:06:27,635", "levelname": "INFO", "name": "sqlalchemy.engine.Engine", "message": "[no key 0.00007s] ()"}
2026-01-15 13:06:27,635 INFO sqlalchemy.engine.Engine 
CREATE TABLE connection_permissions (
	id UUID NOT NULL, 
	connection_id UUID NOT NULL, 
	space_id UUID, 
	crew_id UUID, 
	access_level VARCHAR(50) NOT NULL, 
	table_access JSON, 
	created_at DATETIME DEFAULT 'now()' NOT NULL, 
	updated_at DATETIME DEFAULT 'now()' NOT NULL, 
	PRIMARY KEY (id), 
	CONSTRAINT uq_connection_permissions UNIQUE (connection_id, space_id, crew_id), 
	FOREIGN KEY(connection_id) REFERENCES data_connections (id) ON DELETE CASCADE, 
	FOREIGN KEY(space_id) REFERENCES spaces (id) ON DELETE CASCADE, 
	FOREIGN KEY(crew_id) REFERENCES crews (id) ON DELETE CASCADE
)


{"asctime": "2026-01-15 13:06:27,635", "levelname": "INFO", "name": "sqlalchemy.engine.Engine", "message": "\nCREATE TABLE connection_permissions (\n\tid UUID NOT NULL, \n\tconnection_id UUID NOT NULL, \n\tspace_id UUID, \n\tcrew_id UUID, \n\taccess_level VARCHAR(50) NOT NULL, \n\ttable_access JSON, \n\tcreated_at DATETIME DEFAULT 'now()' NOT NULL, \n\tupdated_at DATETIME DEFAULT 'now()' NOT NULL, \n\tPRIMARY KEY (id), \n\tCONSTRAINT uq_connection_permissions UNIQUE (connection_id, space_id, crew_id), \n\tFOREIGN KEY(connection_id) REFERENCES data_connections (id) ON DELETE CASCADE, \n\tFOREIGN KEY(space_id) REFERENCES spaces (id) ON DELETE CASCADE, \n\tFOREIGN KEY(crew_id) REFERENCES crews (id) ON DELETE CASCADE\n)\n\n"}
2026-01-15 13:06:27,635 INFO sqlalchemy.engine.Engine [no key 0.00011s] ()
{"asctime": "2026-01-15 13:06:27,635", "levelname": "INFO", "name": "sqlalchemy.engine.Engine", "message": "[no key 0.00011s] ()"}
2026-01-15 13:06:27,636 INFO sqlalchemy.engine.Engine CREATE INDEX idx_connection_permissions_connection_id ON connection_permissions (connection_id)
{"asctime": "2026-01-15 13:06:27,636", "levelname": "INFO", "name": "sqlalchemy.engine.Engine", "message": "CREATE INDEX idx_connection_permissions_connection_id ON connection_permissions (connection_id)"}
2026-01-15 13:06:27,636 INFO sqlalchemy.engine.Engine [no key 0.00011s] ()
{"asctime": "2026-01-15 13:06:27,636", "levelname": "INFO", "name": "sqlalchemy.engine.Engine", "message": "[no key 0.00011s] ()"}
2026-01-15 13:06:27,636 INFO sqlalchemy.engine.Engine CREATE INDEX idx_connection_permissions_space_id ON connection_permissions (space_id)
{"asctime": "2026-01-15 13:06:27,636", "levelname": "INFO", "name": "sqlalchemy.engine.Engine", "message": "CREATE INDEX idx_connection_permissions_space_id ON connection_permissions (space_id)"}
2026-01-15 13:06:27,637 INFO sqlalchemy.engine.Engine [no key 0.00007s] ()
{"asctime": "2026-01-15 13:06:27,637", "levelname": "INFO", "name": "sqlalchemy.engine.Engine", "message": "[no key 0.00007s] ()"}
2026-01-15 13:06:27,637 INFO sqlalchemy.engine.Engine CREATE INDEX ix_connection_permissions_space_id ON connection_permissions (space_id)
{"asctime": "2026-01-15 13:06:27,637", "levelname": "INFO", "name": "sqlalchemy.engine.Engine", "message": "CREATE INDEX ix_connection_permissions_space_id ON connection_permissions (space_id)"}
2026-01-15 13:06:27,637 INFO sqlalchemy.engine.Engine [no key 0.00008s] ()
{"asctime": "2026-01-15 13:06:27,637", "levelname": "INFO", "name": "sqlalchemy.engine.Engine", "message": "[no key 0.00008s] ()"}
2026-01-15 13:06:27,637 INFO sqlalchemy.engine.Engine CREATE INDEX idx_connection_permissions_crew_id ON connection_permissions (crew_id)
{"asctime": "2026-01-15 13:06:27,637", "levelname": "INFO", "name": "sqlalchemy.engine.Engine", "message": "CREATE INDEX idx_connection_permissions_crew_id ON connection_permissions (crew_id)"}
2026-01-15 13:06:27,637 INFO sqlalchemy.engine.Engine [no key 0.00007s] ()
{"asctime": "2026-01-15 13:06:27,637", "levelname": "INFO", "name": "sqlalchemy.engine.Engine", "message": "[no key 0.00007s] ()"}
2026-01-15 13:06:27,638 INFO sqlalchemy.engine.Engine CREATE INDEX ix_connection_permissions_connection_id ON connection_permissions (connection_id)
{"asctime": "2026-01-15 13:06:27,638", "levelname": "INFO", "name": "sqlalchemy.engine.Engine", "message": "CREATE INDEX ix_connection_permissions_connection_id ON connection_permissions (connection_id)"}
2026-01-15 13:06:27,638 INFO sqlalchemy.engine.Engine [no key 0.00007s] ()
{"asctime": "2026-01-15 13:06:27,638", "levelname": "INFO", "name": "sqlalchemy.engine.Engine", "message": "[no key 0.00007s] ()"}
2026-01-15 13:06:27,638 INFO sqlalchemy.engine.Engine CREATE INDEX ix_connection_permissions_crew_id ON connection_permissions (crew_id)
{"asctime": "2026-01-15 13:06:27,638", "levelname": "INFO", "name": "sqlalchemy.engine.Engine", "message": "CREATE INDEX ix_connection_permissions_crew_id ON connection_permissions (crew_id)"}
2026-01-15 13:06:27,638 INFO sqlalchemy.engine.Engine [no key 0.00008s] ()
{"asctime": "2026-01-15 13:06:27,638", "levelname": "INFO", "name": "sqlalchemy.engine.Engine", "message": "[no key 0.00008s] ()"}
2026-01-15 13:06:27,639 INFO sqlalchemy.engine.Engine 
CREATE TABLE comments (
	id UUID NOT NULL, 
	user_id UUID NOT NULL, 
	dashboard_id UUID NOT NULL, 
	widget_id UUID, 
	content TEXT NOT NULL, 
	mentions JSON NOT NULL, 
	created_at DATETIME DEFAULT CURRENT_TIMESTAMP NOT NULL, 
	updated_at DATETIME DEFAULT CURRENT_TIMESTAMP NOT NULL, 
	PRIMARY KEY (id), 
	FOREIGN KEY(user_id) REFERENCES users (id) ON DELETE CASCADE, 
	FOREIGN KEY(dashboard_id) REFERENCES dashboards (id) ON DELETE CASCADE, 
	FOREIGN KEY(widget_id) REFERENCES widgets (id) ON DELETE CASCADE
)


{"asctime": "2026-01-15 13:06:27,639", "levelname": "INFO", "name": "sqlalchemy.engine.Engine", "message": "\nCREATE TABLE comments (\n\tid UUID NOT NULL, \n\tuser_id UUID NOT NULL, \n\tdashboard_id UUID NOT NULL, \n\twidget_id UUID, \n\tcontent TEXT NOT NULL, \n\tmentions JSON NOT NULL, \n\tcreated_at DATETIME DEFAULT CURRENT_TIMESTAMP NOT NULL, \n\tupdated_at DATETIME DEFAULT CURRENT_TIMESTAMP NOT NULL, \n\tPRIMARY KEY (id), \n\tFOREIGN KEY(user_id) REFERENCES users (id) ON DELETE CASCADE, \n\tFOREIGN KEY(dashboard_id) REFERENCES dashboards (id) ON DELETE CASCADE, \n\tFOREIGN KEY(widget_id) REFERENCES widgets (id) ON DELETE CASCADE\n)\n\n"}
2026-01-15 13:06:27,639 INFO sqlalchemy.engine.Engine [no key 0.00009s] ()
{"asctime": "2026-01-15 13:06:27,639", "levelname": "INFO", "name": "sqlalchemy.engine.Engine", "message": "[no key 0.00009s] ()"}
2026-01-15 13:06:27,639 INFO sqlalchemy.engine.Engine CREATE INDEX ix_comments_user_id ON comments (user_id)
{"asctime": "2026-01-15 13:06:27,639", "levelname": "INFO", "name": "sqlalchemy.engine.Engine", "message": "CREATE INDEX ix_comments_user_id ON comments (user_id)"}
2026-01-15 13:06:27,639 INFO sqlalchemy.engine.Engine [no key 0.00008s] ()
{"asctime": "2026-01-15 13:06:27,639", "levelname": "INFO", "name": "sqlalchemy.engine.Engine", "message": "[no key 0.00008s] ()"}
2026-01-15 13:06:27,640 INFO sqlalchemy.engine.Engine CREATE INDEX ix_comments_widget_id ON comments (widget_id)
{"asctime": "2026-01-15 13:06:27,640", "levelname": "INFO", "name": "sqlalchemy.engine.Engine", "message": "CREATE INDEX ix_comments_widget_id ON comments (widget_id)"}
2026-01-15 13:06:27,640 INFO sqlalchemy.engine.Engine [no key 0.00010s] ()
{"asctime": "2026-01-15 13:06:27,640", "levelname": "INFO", "name": "sqlalchemy.engine.Engine", "message": "[no key 0.00010s] ()"}
2026-01-15 13:06:27,640 INFO sqlalchemy.engine.Engine CREATE INDEX ix_comments_dashboard_id ON comments (dashboard_id)
{"asctime": "2026-01-15 13:06:27,640", "levelname": "INFO", "name": "sqlalchemy.engine.Engine", "message": "CREATE INDEX ix_comments_dashboard_id ON comments (dashboard_id)"}
2026-01-15 13:06:27,640 INFO sqlalchemy.engine.Engine [no key 0.00008s] ()
{"asctime": "2026-01-15 13:06:27,640", "levelname": "INFO", "name": "sqlalchemy.engine.Engine", "message": "[no key 0.00008s] ()"}
2026-01-15 13:06:27,641 INFO sqlalchemy.engine.Engine 
CREATE TABLE table_member_permissions (
	id UUID NOT NULL, 
	connection_id UUID NOT NULL, 
	table_name VARCHAR(255) NOT NULL, 
	crew_id UUID NOT NULL, 
	member_id UUID NOT NULL, 
	has_access VARCHAR(10) DEFAULT 'true' NOT NULL, 
	created_at DATETIME DEFAULT 'now()' NOT NULL, 
	updated_at DATETIME DEFAULT 'now()' NOT NULL, 
	PRIMARY KEY (id), 
	CONSTRAINT uq_table_member_permissions UNIQUE (connection_id, table_name, member_id), 
	FOREIGN KEY(connection_id) REFERENCES data_connections (id) ON DELETE CASCADE, 
	FOREIGN KEY(crew_id) REFERENCES crews (id) ON DELETE CASCADE, 
	FOREIGN KEY(member_id) REFERENCES crew_members (id) ON DELETE CASCADE
)


{"asctime": "2026-01-15 13:06:27,641", "levelname": "INFO", "name": "sqlalchemy.engine.Engine", "message": "\nCREATE TABLE table_member_permissions (\n\tid UUID NOT NULL, \n\tconnection_id UUID NOT NULL, \n\ttable_name VARCHAR(255) NOT NULL, \n\tcrew_id UUID NOT NULL, \n\tmember_id UUID NOT NULL, \n\thas_access VARCHAR(10) DEFAULT 'true' NOT NULL, \n\tcreated_at DATETIME DEFAULT 'now()' NOT NULL, \n\tupdated_at DATETIME DEFAULT 'now()' NOT NULL, \n\tPRIMARY KEY (id), \n\tCONSTRAINT uq_table_member_permissions UNIQUE (connection_id, table_name, member_id), \n\tFOREIGN KEY(connection_id) REFERENCES data_connections (id) ON DELETE CASCADE, \n\tFOREIGN KEY(crew_id) REFERENCES crews (id) ON DELETE CASCADE, \n\tFOREIGN KEY(member_id) REFERENCES crew_members (id) ON DELETE CASCADE\n)\n\n"}
2026-01-15 13:06:27,641 INFO sqlalchemy.engine.Engine [no key 0.00009s] ()
{"asctime": "2026-01-15 13:06:27,641", "levelname": "INFO", "name": "sqlalchemy.engine.Engine", "message": "[no key 0.00009s] ()"}
2026-01-15 13:06:27,641 INFO sqlalchemy.engine.Engine CREATE INDEX idx_table_member_permissions_crew_id ON table_member_permissions (crew_id)
{"asctime": "2026-01-15 13:06:27,641", "levelname": "INFO", "name": "sqlalchemy.engine.Engine", "message": "CREATE INDEX idx_table_member_permissions_crew_id ON table_member_permissions (crew_id)"}
2026-01-15 13:06:27,641 INFO sqlalchemy.engine.Engine [no key 0.00009s] ()
{"asctime": "2026-01-15 13:06:27,641", "levelname": "INFO", "name": "sqlalchemy.engine.Engine", "message": "[no key 0.00009s] ()"}
2026-01-15 13:06:27,642 INFO sqlalchemy.engine.Engine CREATE INDEX ix_table_member_permissions_connection_id ON table_member_permissions (connection_id)
{"asctime": "2026-01-15 13:06:27,642", "levelname": "INFO", "name": "sqlalchemy.engine.Engine", "message": "CREATE INDEX ix_table_member_permissions_connection_id ON table_member_permissions (connection_id)"}
2026-01-15 13:06:27,642 INFO sqlalchemy.engine.Engine [no key 0.00007s] ()
{"asctime": "2026-01-15 13:06:27,642", "levelname": "INFO", "name": "sqlalchemy.engine.Engine", "message": "[no key 0.00007s] ()"}
2026-01-15 13:06:27,642 INFO sqlalchemy.engine.Engine CREATE INDEX idx_table_member_permissions_member_id ON table_member_permissions (member_id)
{"asctime": "2026-01-15 13:06:27,642", "levelname": "INFO", "name": "sqlalchemy.engine.Engine", "message": "CREATE INDEX idx_table_member_permissions_member_id ON table_member_permissions (member_id)"}
2026-01-15 13:06:27,642 INFO sqlalchemy.engine.Engine [no key 0.00007s] ()
{"asctime": "2026-01-15 13:06:27,642", "levelname": "INFO", "name": "sqlalchemy.engine.Engine", "message": "[no key 0.00007s] ()"}
2026-01-15 13:06:27,643 INFO sqlalchemy.engine.Engine CREATE INDEX ix_table_member_permissions_crew_id ON table_member_permissions (crew_id)
{"asctime": "2026-01-15 13:06:27,643", "levelname": "INFO", "name": "sqlalchemy.engine.Engine", "message": "CREATE INDEX ix_table_member_permissions_crew_id ON table_member_permissions (crew_id)"}
2026-01-15 13:06:27,643 INFO sqlalchemy.engine.Engine [no key 0.00008s] ()
{"asctime": "2026-01-15 13:06:27,643", "levelname": "INFO", "name": "sqlalchemy.engine.Engine", "message": "[no key 0.00008s] ()"}
2026-01-15 13:06:27,643 INFO sqlalchemy.engine.Engine CREATE INDEX ix_table_member_permissions_member_id ON table_member_permissions (member_id)
{"asctime": "2026-01-15 13:06:27,643", "levelname": "INFO", "name": "sqlalchemy.engine.Engine", "message": "CREATE INDEX ix_table_member_permissions_member_id ON table_member_permissions (member_id)"}
2026-01-15 13:06:27,643 INFO sqlalchemy.engine.Engine [no key 0.00009s] ()
{"asctime": "2026-01-15 13:06:27,643", "levelname": "INFO", "name": "sqlalchemy.engine.Engine", "message": "[no key 0.00009s] ()"}
2026-01-15 13:06:27,644 INFO sqlalchemy.engine.Engine CREATE INDEX idx_table_member_permissions_connection_id ON table_member_permissions (connection_id)
{"asctime": "2026-01-15 13:06:27,644", "levelname": "INFO", "name": "sqlalchemy.engine.Engine", "message": "CREATE INDEX idx_table_member_permissions_connection_id ON table_member_permissions (connection_id)"}
2026-01-15 13:06:27,644 INFO sqlalchemy.engine.Engine [no key 0.00008s] ()
{"asctime": "2026-01-15 13:06:27,644", "levelname": "INFO", "name": "sqlalchemy.engine.Engine", "message": "[no key 0.00008s] ()"}
2026-01-15 13:06:27,644 INFO sqlalchemy.engine.Engine CREATE INDEX idx_table_member_permissions_table_name ON table_member_permissions (table_name)
{"asctime": "2026-01-15 13:06:27,644", "levelname": "INFO", "name": "sqlalchemy.engine.Engine", "message": "CREATE INDEX idx_table_member_permissions_table_name ON table_member_permissions (table_name)"}
2026-01-15 13:06:27,644 INFO sqlalchemy.engine.Engine [no key 0.00008s] ()
{"asctime": "2026-01-15 13:06:27,644", "levelname": "INFO", "name": "sqlalchemy.engine.Engine", "message": "[no key 0.00008s] ()"}
2026-01-15 13:06:27,644 INFO sqlalchemy.engine.Engine COMMIT
{"asctime": "2026-01-15 13:06:27,644", "levelname": "INFO", "name": "sqlalchemy.engine.Engine", "message": "COMMIT"}
{"asctime": "2026-01-15 13:06:27,645", "levelname": "ERROR", "name": "src.config.redis", "message": "Failed to connect to Redis: Redis URL must specify one of the following schemes (redis://, rediss://, unix://). Continuing without Redis (OK for local development)"}
{"asctime": "2026-01-15 13:06:27,645", "levelname": "ERROR", "name": "src.config.database", "message": "Error logging connection stats: 'StaticPool' object has no attribute 'size'"}
{"asctime": "2026-01-15 13:06:27,645", "levelname": "INFO", "name": "src.main", "message": "Application started successfully"}
------------------------------ Captured log setup ------------------------------
INFO     src.main:main.py:40 Starting application...
INFO     sqlalchemy.engine.Engine:base.py:1099 BEGIN (implicit)
INFO     sqlalchemy.engine.Engine:base.py:1899 PRAGMA main.table_info("ai_queries")
INFO     sqlalchemy.engine.Engine:base.py:1904 [raw sql] ()
INFO     sqlalchemy.engine.Engine:base.py:1899 PRAGMA temp.table_info("ai_queries")
INFO     sqlalchemy.engine.Engine:base.py:1904 [raw sql] ()
INFO     sqlalchemy.engine.Engine:base.py:1899 PRAGMA main.table_info("ai_history")
INFO     sqlalchemy.engine.Engine:base.py:1904 [raw sql] ()
INFO     sqlalchemy.engine.Engine:base.py:1899 PRAGMA temp.table_info("ai_history")
INFO     sqlalchemy.engine.Engine:base.py:1904 [raw sql] ()
INFO     sqlalchemy.engine.Engine:base.py:1899 PRAGMA main.table_info("pipelines")
INFO     sqlalchemy.engine.Engine:base.py:1904 [raw sql] ()
INFO     sqlalchemy.engine.Engine:base.py:1899 PRAGMA temp.table_info("pipelines")
INFO     sqlalchemy.engine.Engine:base.py:1904 [raw sql] ()
INFO     sqlalchemy.engine.Engine:base.py:1899 PRAGMA main.table_info("chat_messages")
INFO     sqlalchemy.engine.Engine:base.py:1904 [raw sql] ()
INFO     sqlalchemy.engine.Engine:base.py:1899 PRAGMA temp.table_info("chat_messages")
INFO     sqlalchemy.engine.Engine:base.py:1904 [raw sql] ()
INFO     sqlalchemy.engine.Engine:base.py:1899 PRAGMA main.table_info("ai_responses")
INFO     sqlalchemy.engine.Engine:base.py:1904 [raw sql] ()
INFO     sqlalchemy.engine.Engine:base.py:1899 PRAGMA temp.table_info("ai_responses")
INFO     sqlalchemy.engine.Engine:base.py:1904 [raw sql] ()
INFO     sqlalchemy.engine.Engine:base.py:1899 PRAGMA main.table_info("ai_feedback")
INFO     sqlalchemy.engine.Engine:base.py:1904 [raw sql] ()
INFO     sqlalchemy.engine.Engine:base.py:1899 PRAGMA temp.table_info("ai_feedback")
INFO     sqlalchemy.engine.Engine:base.py:1904 [raw sql] ()
INFO     sqlalchemy.engine.Engine:base.py:1899 PRAGMA main.table_info("data_connections")
INFO     sqlalchemy.engine.Engine:base.py:1904 [raw sql] ()
INFO     sqlalchemy.engine.Engine:base.py:1899 PRAGMA temp.table_info("data_connections")
INFO     sqlalchemy.engine.Engine:base.py:1904 [raw sql] ()
INFO     sqlalchemy.engine.Engine:base.py:1899 PRAGMA main.table_info("connection_metadata")
INFO     sqlalchemy.engine.Engine:base.py:1904 [raw sql] ()
INFO     sqlalchemy.engine.Engine:base.py:1899 PRAGMA temp.table_info("connection_metadata")
INFO     sqlalchemy.engine.Engine:base.py:1904 [raw sql] ()
INFO     sqlalchemy.engine.Engine:base.py:1899 PRAGMA main.table_info("crews")
INFO     sqlalchemy.engine.Engine:base.py:1904 [raw sql] ()
INFO     sqlalchemy.engine.Engine:base.py:1899 PRAGMA temp.table_info("crews")
INFO     sqlalchemy.engine.Engine:base.py:1904 [raw sql] ()
INFO     sqlalchemy.engine.Engine:base.py:1899 PRAGMA main.table_info("crew_members")
INFO     sqlalchemy.engine.Engine:base.py:1904 [raw sql] ()
INFO     sqlalchemy.engine.Engine:base.py:1899 PRAGMA temp.table_info("crew_members")
INFO     sqlalchemy.engine.Engine:base.py:1904 [raw sql] ()
INFO     sqlalchemy.engine.Engine:base.py:1899 PRAGMA main.table_info("crew_connections")
INFO     sqlalchemy.engine.Engine:base.py:1904 [raw sql] ()
INFO     sqlalchemy.engine.Engine:base.py:1899 PRAGMA temp.table_info("crew_connections")
INFO     sqlalchemy.engine.Engine:base.py:1904 [raw sql] ()
INFO     sqlalchemy.engine.Engine:base.py:1899 PRAGMA main.table_info("dashboards")
INFO     sqlalchemy.engine.Engine:base.py:1904 [raw sql] ()
INFO     sqlalchemy.engine.Engine:base.py:1899 PRAGMA temp.table_info("dashboards")
INFO     sqlalchemy.engine.Engine:base.py:1904 [raw sql] ()
INFO     sqlalchemy.engine.Engine:base.py:1899 PRAGMA main.table_info("widgets")
INFO     sqlalchemy.engine.Engine:base.py:1904 [raw sql] ()
INFO     sqlalchemy.engine.Engine:base.py:1899 PRAGMA temp.table_info("widgets")
INFO     sqlalchemy.engine.Engine:base.py:1904 [raw sql] ()
INFO     sqlalchemy.engine.Engine:base.py:1899 PRAGMA main.table_info("widget_connections")
INFO     sqlalchemy.engine.Engine:base.py:1904 [raw sql] ()
INFO     sqlalchemy.engine.Engine:base.py:1899 PRAGMA temp.table_info("widget_connections")
INFO     sqlalchemy.engine.Engine:base.py:1904 [raw sql] ()
INFO     sqlalchemy.engine.Engine:base.py:1899 PRAGMA main.table_info("dashboard_build_jobs")
INFO     sqlalchemy.engine.Engine:base.py:1904 [raw sql] ()
INFO     sqlalchemy.engine.Engine:base.py:1899 PRAGMA temp.table_info("dashboard_build_jobs")
INFO     sqlalchemy.engine.Engine:base.py:1904 [raw sql] ()
INFO     sqlalchemy.engine.Engine:base.py:1899 PRAGMA main.table_info("user_datasets")
INFO     sqlalchemy.engine.Engine:base.py:1904 [raw sql] ()
INFO     sqlalchemy.engine.Engine:base.py:1899 PRAGMA temp.table_info("user_datasets")
INFO     sqlalchemy.engine.Engine:base.py:1904 [raw sql] ()
INFO     sqlalchemy.engine.Engine:base.py:1899 PRAGMA main.table_info("file_uploads")
INFO     sqlalchemy.engine.Engine:base.py:1904 [raw sql] ()
INFO     sqlalchemy.engine.Engine:base.py:1899 PRAGMA temp.table_info("file_uploads")
INFO     sqlalchemy.engine.Engine:base.py:1904 [raw sql] ()
INFO     sqlalchemy.engine.Engine:base.py:1899 PRAGMA main.table_info("sync_logs")
INFO     sqlalchemy.engine.Engine:base.py:1904 [raw sql] ()
INFO     sqlalchemy.engine.Engine:base.py:1899 PRAGMA temp.table_info("sync_logs")
INFO     sqlalchemy.engine.Engine:base.py:1904 [raw sql] ()
INFO     sqlalchemy.engine.Engine:base.py:1899 PRAGMA main.table_info("connection_permissions")
INFO     sqlalchemy.engine.Engine:base.py:1904 [raw sql] ()
INFO     sqlalchemy.engine.Engine:base.py:1899 PRAGMA temp.table_info("connection_permissions")
INFO     sqlalchemy.engine.Engine:base.py:1904 [raw sql] ()
INFO     sqlalchemy.engine.Engine:base.py:1899 PRAGMA main.table_info("table_member_permissions")
INFO     sqlalchemy.engine.Engine:base.py:1904 [raw sql] ()
INFO     sqlalchemy.engine.Engine:base.py:1899 PRAGMA temp.table_info("table_member_permissions")
INFO     sqlalchemy.engine.Engine:base.py:1904 [raw sql] ()
INFO     sqlalchemy.engine.Engine:base.py:1899 PRAGMA main.table_info("api_keys")
INFO     sqlalchemy.engine.Engine:base.py:1904 [raw sql] ()
INFO     sqlalchemy.engine.Engine:base.py:1899 PRAGMA temp.table_info("api_keys")
INFO     sqlalchemy.engine.Engine:base.py:1904 [raw sql] ()
INFO     sqlalchemy.engine.Engine:base.py:1899 PRAGMA main.table_info("integrations")
INFO     sqlalchemy.engine.Engine:base.py:1904 [raw sql] ()
INFO     sqlalchemy.engine.Engine:base.py:1899 PRAGMA temp.table_info("integrations")
INFO     sqlalchemy.engine.Engine:base.py:1904 [raw sql] ()
INFO     sqlalchemy.engine.Engine:base.py:1899 PRAGMA main.table_info("role_permissions")
INFO     sqlalchemy.engine.Engine:base.py:1904 [raw sql] ()
INFO     sqlalchemy.engine.Engine:base.py:1899 PRAGMA temp.table_info("role_permissions")
INFO     sqlalchemy.engine.Engine:base.py:1904 [raw sql] ()
INFO     sqlalchemy.engine.Engine:base.py:1899 PRAGMA main.table_info("planets")
INFO     sqlalchemy.engine.Engine:base.py:1904 [raw sql] ()
INFO     sqlalchemy.engine.Engine:base.py:1899 PRAGMA temp.table_info("planets")
INFO     sqlalchemy.engine.Engine:base.py:1904 [raw sql] ()
INFO     sqlalchemy.engine.Engine:base.py:1899 PRAGMA main.table_info("planet_members")
INFO     sqlalchemy.engine.Engine:base.py:1904 [raw sql] ()
INFO     sqlalchemy.engine.Engine:base.py:1899 PRAGMA temp.table_info("planet_members")
INFO     sqlalchemy.engine.Engine:base.py:1904 [raw sql] ()
INFO     sqlalchemy.engine.Engine:base.py:1899 PRAGMA main.table_info("spaces")
INFO     sqlalchemy.engine.Engine:base.py:1904 [raw sql] ()
INFO     sqlalchemy.engine.Engine:base.py:1899 PRAGMA temp.table_info("spaces")
INFO     sqlalchemy.engine.Engine:base.py:1904 [raw sql] ()
INFO     sqlalchemy.engine.Engine:base.py:1899 PRAGMA main.table_info("space_connections")
INFO     sqlalchemy.engine.Engine:base.py:1904 [raw sql] ()
INFO     sqlalchemy.engine.Engine:base.py:1899 PRAGMA temp.table_info("space_connections")
INFO     sqlalchemy.engine.Engine:base.py:1904 [raw sql] ()
INFO     sqlalchemy.engine.Engine:base.py:1899 PRAGMA main.table_info("space_members")
INFO     sqlalchemy.engine.Engine:base.py:1904 [raw sql] ()
INFO     sqlalchemy.engine.Engine:base.py:1899 PRAGMA temp.table_info("space_members")
INFO     sqlalchemy.engine.Engine:base.py:1904 [raw sql] ()
INFO     sqlalchemy.engine.Engine:base.py:1899 PRAGMA main.table_info("starred_items")
INFO     sqlalchemy.engine.Engine:base.py:1904 [raw sql] ()
INFO     sqlalchemy.engine.Engine:base.py:1899 PRAGMA temp.table_info("starred_items")
INFO     sqlalchemy.engine.Engine:base.py:1904 [raw sql] ()
INFO     sqlalchemy.engine.Engine:base.py:1899 PRAGMA main.table_info("templates")
INFO     sqlalchemy.engine.Engine:base.py:1904 [raw sql] ()
INFO     sqlalchemy.engine.Engine:base.py:1899 PRAGMA temp.table_info("templates")
INFO     sqlalchemy.engine.Engine:base.py:1904 [raw sql] ()
INFO     sqlalchemy.engine.Engine:base.py:1899 PRAGMA main.table_info("users")
INFO     sqlalchemy.engine.Engine:base.py:1904 [raw sql] ()
INFO     sqlalchemy.engine.Engine:base.py:1899 PRAGMA temp.table_info("users")
INFO     sqlalchemy.engine.Engine:base.py:1904 [raw sql] ()
INFO     sqlalchemy.engine.Engine:base.py:1899 PRAGMA main.table_info("refresh_tokens")
INFO     sqlalchemy.engine.Engine:base.py:1904 [raw sql] ()
INFO     sqlalchemy.engine.Engine:base.py:1899 PRAGMA temp.table_info("refresh_tokens")
INFO     sqlalchemy.engine.Engine:base.py:1904 [raw sql] ()
INFO     sqlalchemy.engine.Engine:base.py:1899 PRAGMA main.table_info("workspaces")
INFO     sqlalchemy.engine.Engine:base.py:1904 [raw sql] ()
INFO     sqlalchemy.engine.Engine:base.py:1899 PRAGMA temp.table_info("workspaces")
INFO     sqlalchemy.engine.Engine:base.py:1904 [raw sql] ()
INFO     sqlalchemy.engine.Engine:base.py:1899 PRAGMA main.table_info("workspace_members")
INFO     sqlalchemy.engine.Engine:base.py:1904 [raw sql] ()
INFO     sqlalchemy.engine.Engine:base.py:1899 PRAGMA temp.table_info("workspace_members")
INFO     sqlalchemy.engine.Engine:base.py:1904 [raw sql] ()
INFO     sqlalchemy.engine.Engine:base.py:1899 PRAGMA main.table_info("notifications")
INFO     sqlalchemy.engine.Engine:base.py:1904 [raw sql] ()
INFO     sqlalchemy.engine.Engine:base.py:1899 PRAGMA temp.table_info("notifications")
INFO     sqlalchemy.engine.Engine:base.py:1904 [raw sql] ()
INFO     sqlalchemy.engine.Engine:base.py:1899 PRAGMA main.table_info("comments")
INFO     sqlalchemy.engine.Engine:base.py:1904 [raw sql] ()
INFO     sqlalchemy.engine.Engine:base.py:1899 PRAGMA temp.table_info("comments")
INFO     sqlalchemy.engine.Engine:base.py:1904 [raw sql] ()
INFO     sqlalchemy.engine.Engine:base.py:1899 
CREATE TABLE ai_queries (
	id UUID NOT NULL, 
	user_id UUID NOT NULL, 
	widget_id UUID, 
	question TEXT NOT NULL, 
	answer TEXT, 
	data_sample JSON, 
	sql TEXT, 
	status VARCHAR(50) DEFAULT 'processing' NOT NULL, 
	configure_data JSON NOT NULL, 
	pipeline_id UUID, 
	created_at DATETIME DEFAULT 'now()' NOT NULL, 
	updated_at DATETIME DEFAULT 'now()' NOT NULL, 
	PRIMARY KEY (id), 
	FOREIGN KEY(user_id) REFERENCES users (id) ON DELETE CASCADE, 
	FOREIGN KEY(widget_id) REFERENCES widgets (id) ON DELETE SET NULL, 
	FOREIGN KEY(pipeline_id) REFERENCES pipelines (id) ON DELETE SET NULL
)


INFO     sqlalchemy.engine.Engine:base.py:1904 [no key 0.00011s] ()
INFO     sqlalchemy.engine.Engine:base.py:1899 CREATE INDEX idx_ai_queries_created_at ON ai_queries (created_at)
INFO     sqlalchemy.engine.Engine:base.py:1904 [no key 0.00008s] ()
INFO     sqlalchemy.engine.Engine:base.py:1899 CREATE INDEX idx_ai_queries_status ON ai_queries (status)
INFO     sqlalchemy.engine.Engine:base.py:1904 [no key 0.00011s] ()
INFO     sqlalchemy.engine.Engine:base.py:1899 CREATE INDEX idx_ai_queries_user_id ON ai_queries (user_id)
INFO     sqlalchemy.engine.Engine:base.py:1904 [no key 0.00010s] ()
INFO     sqlalchemy.engine.Engine:base.py:1899 CREATE INDEX ix_ai_queries_widget_id ON ai_queries (widget_id)
INFO     sqlalchemy.engine.Engine:base.py:1904 [no key 0.00013s] ()
INFO     sqlalchemy.engine.Engine:base.py:1899 CREATE INDEX ix_ai_queries_user_id ON ai_queries (user_id)
INFO     sqlalchemy.engine.Engine:base.py:1904 [no key 0.00007s] ()
INFO     sqlalchemy.engine.Engine:base.py:1899 CREATE INDEX idx_ai_queries_widget_id ON ai_queries (widget_id)
INFO     sqlalchemy.engine.Engine:base.py:1904 [no key 0.00008s] ()
INFO     sqlalchemy.engine.Engine:base.py:1899 
CREATE TABLE pipelines (
	id UUID NOT NULL, 
	query_id UUID NOT NULL, 
	status VARCHAR(50) DEFAULT 'processing' NOT NULL, 
	steps JSON DEFAULT '[]' NOT NULL, 
	current_step VARCHAR(255), 
	errors JSON, 
	logs TEXT, 
	started_at DATETIME DEFAULT 'now()' NOT NULL, 
	completed_at DATETIME, 
	created_at DATETIME DEFAULT 'now()' NOT NULL, 
	updated_at DATETIME DEFAULT 'now()' NOT NULL, 
	PRIMARY KEY (id), 
	FOREIGN KEY(query_id) REFERENCES ai_queries (id) ON DELETE CASCADE
)


INFO     sqlalchemy.engine.Engine:base.py:1904 [no key 0.00008s] ()
INFO     sqlalchemy.engine.Engine:base.py:1899 CREATE INDEX idx_pipelines_status ON pipelines (status)
INFO     sqlalchemy.engine.Engine:base.py:1904 [no key 0.00007s] ()
INFO     sqlalchemy.engine.Engine:base.py:1899 CREATE INDEX ix_pipelines_started_at ON pipelines (started_at)
INFO     sqlalchemy.engine.Engine:base.py:1904 [no key 0.00007s] ()
INFO     sqlalchemy.engine.Engine:base.py:1899 CREATE INDEX idx_pipelines_started_at ON pipelines (started_at)
INFO     sqlalchemy.engine.Engine:base.py:1904 [no key 0.00007s] ()
INFO     sqlalchemy.engine.Engine:base.py:1899 CREATE INDEX idx_pipelines_query_id ON pipelines (query_id)
INFO     sqlalchemy.engine.Engine:base.py:1904 [no key 0.00007s] ()
INFO     sqlalchemy.engine.Engine:base.py:1899 CREATE INDEX ix_pipelines_query_id ON pipelines (query_id)
INFO     sqlalchemy.engine.Engine:base.py:1904 [no key 0.00007s] ()
INFO     sqlalchemy.engine.Engine:base.py:1899 
CREATE TABLE widgets (
	id UUID NOT NULL, 
	dashboard_id UUID NOT NULL, 
	type VARCHAR(50) NOT NULL, 
	title VARCHAR(255) NOT NULL, 
	position JSON NOT NULL, 
	size JSON NOT NULL, 
	data JSON, 
	config JSON, 
	connection_id UUID, 
	query_id UUID, 
	created_at DATETIME DEFAULT CURRENT_TIMESTAMP NOT NULL, 
	updated_at DATETIME DEFAULT CURRENT_TIMESTAMP NOT NULL, 
	PRIMARY KEY (id), 
	FOREIGN KEY(dashboard_id) REFERENCES dashboards (id) ON DELETE CASCADE, 
	FOREIGN KEY(connection_id) REFERENCES data_connections (id) ON DELETE SET NULL, 
	FOREIGN KEY(query_id) REFERENCES ai_queries (id) ON DELETE SET NULL
)


INFO     sqlalchemy.engine.Engine:base.py:1904 [no key 0.00009s] ()
INFO     sqlalchemy.engine.Engine:base.py:1899 CREATE INDEX idx_widgets_type ON widgets (type)
INFO     sqlalchemy.engine.Engine:base.py:1904 [no key 0.00007s] ()
INFO     sqlalchemy.engine.Engine:base.py:1899 CREATE INDEX ix_widgets_query_id ON widgets (query_id)
INFO     sqlalchemy.engine.Engine:base.py:1904 [no key 0.00007s] ()
INFO     sqlalchemy.engine.Engine:base.py:1899 CREATE INDEX idx_widgets_connection_id ON widgets (connection_id)
INFO     sqlalchemy.engine.Engine:base.py:1904 [no key 0.00007s] ()
INFO     sqlalchemy.engine.Engine:base.py:1899 CREATE INDEX idx_widgets_query_id ON widgets (query_id)
INFO     sqlalchemy.engine.Engine:base.py:1904 [no key 0.00008s] ()
INFO     sqlalchemy.engine.Engine:base.py:1899 CREATE INDEX ix_widgets_dashboard_id ON widgets (dashboard_id)
INFO     sqlalchemy.engine.Engine:base.py:1904 [no key 0.00007s] ()
INFO     sqlalchemy.engine.Engine:base.py:1899 CREATE INDEX ix_widgets_connection_id ON widgets (connection_id)
INFO     sqlalchemy.engine.Engine:base.py:1904 [no key 0.00007s] ()
INFO     sqlalchemy.engine.Engine:base.py:1899 CREATE INDEX idx_widgets_dashboard_id ON widgets (dashboard_id)
INFO     sqlalchemy.engine.Engine:base.py:1904 [no key 0.00008s] ()
INFO     sqlalchemy.engine.Engine:base.py:1899 
CREATE TABLE role_permissions (
	id UUID NOT NULL, 
	role VARCHAR(50) NOT NULL, 
	permissions JSON NOT NULL, 
	created_at DATETIME DEFAULT 'now()' NOT NULL, 
	updated_at DATETIME DEFAULT 'now()' NOT NULL, 
	PRIMARY KEY (id)
)


INFO     sqlalchemy.engine.Engine:base.py:1904 [no key 0.00012s] ()
INFO     sqlalchemy.engine.Engine:base.py:1899 CREATE UNIQUE INDEX ix_role_permissions_role ON role_permissions (role)
INFO     sqlalchemy.engine.Engine:base.py:1904 [no key 0.00008s] ()
INFO     sqlalchemy.engine.Engine:base.py:1899 CREATE INDEX idx_role_permissions_role ON role_permissions (role)
INFO     sqlalchemy.engine.Engine:base.py:1904 [no key 0.00009s] ()
INFO     sqlalchemy.engine.Engine:base.py:1899 
CREATE TABLE templates (
	id UUID NOT NULL, 
	name VARCHAR(255) NOT NULL, 
	creator VARCHAR(255) NOT NULL, 
	category VARCHAR(100) NOT NULL, 
	description TEXT, 
	thumbnail TEXT, 
	question TEXT, 
	widgets JSON DEFAULT '[]' NOT NULL, 
	icon VARCHAR(255), 
	color VARCHAR(7) NOT NULL, 
	popular BOOLEAN DEFAULT 'false' NOT NULL, 
	enterprise BOOLEAN DEFAULT 'false' NOT NULL, 
	created_at DATETIME DEFAULT 'now()' NOT NULL, 
	updated_at DATETIME DEFAULT 'now()' NOT NULL, 
	PRIMARY KEY (id)
)


INFO     sqlalchemy.engine.Engine:base.py:1904 [no key 0.00008s] ()
INFO     sqlalchemy.engine.Engine:base.py:1899 CREATE INDEX idx_templates_enterprise ON templates (enterprise)
INFO     sqlalchemy.engine.Engine:base.py:1904 [no key 0.00008s] ()
INFO     sqlalchemy.engine.Engine:base.py:1899 CREATE INDEX idx_templates_category ON templates (category)
INFO     sqlalchemy.engine.Engine:base.py:1904 [no key 0.00009s] ()
INFO     sqlalchemy.engine.Engine:base.py:1899 CREATE INDEX ix_templates_enterprise ON templates (enterprise)
INFO     sqlalchemy.engine.Engine:base.py:1904 [no key 0.00007s] ()
INFO     sqlalchemy.engine.Engine:base.py:1899 CREATE INDEX ix_templates_category ON templates (category)
INFO     sqlalchemy.engine.Engine:base.py:1904 [no key 0.00008s] ()
INFO     sqlalchemy.engine.Engine:base.py:1899 CREATE INDEX idx_templates_popular ON templates (popular)
INFO     sqlalchemy.engine.Engine:base.py:1904 [no key 0.00007s] ()
INFO     sqlalchemy.engine.Engine:base.py:1899 CREATE INDEX ix_templates_popular ON templates (popular)
INFO     sqlalchemy.engine.Engine:base.py:1904 [no key 0.00007s] ()
INFO     sqlalchemy.engine.Engine:base.py:1899 
CREATE TABLE users (
	id UUID NOT NULL, 
	email VARCHAR(255) NOT NULL, 
	password_hash VARCHAR(255) NOT NULL, 
	name VARCHAR(255) NOT NULL, 
	avatar TEXT, 
	role VARCHAR(50) DEFAULT 'user' NOT NULL, 
	email_verified BOOLEAN DEFAULT 'false' NOT NULL, 
	email_verified_at DATETIME, 
	onboarding_step VARCHAR(50) DEFAULT '0' NOT NULL, 
	has_completed_onboarding BOOLEAN DEFAULT 'false' NOT NULL, 
	selected_domain VARCHAR(255), 
	last_login_at DATETIME, 
	auth0_id VARCHAR(255), 
	auth_provider VARCHAR(50) DEFAULT 'local' NOT NULL, 
	auth_provider_id VARCHAR(255), 
	invite_token VARCHAR(255), 
	invite_expires_at DATETIME, 
	invited_by UUID, 
	sso_metadata JSON, 
	created_at DATETIME DEFAULT CURRENT_TIMESTAMP NOT NULL, 
	updated_at DATETIME DEFAULT CURRENT_TIMESTAMP NOT NULL, 
	deleted_at DATETIME, 
	PRIMARY KEY (id), 
	FOREIGN KEY(invited_by) REFERENCES users (id) ON DELETE SET NULL
)


INFO     sqlalchemy.engine.Engine:base.py:1904 [no key 0.00010s] ()
INFO     sqlalchemy.engine.Engine:base.py:1899 CREATE UNIQUE INDEX ix_users_email ON users (email)
INFO     sqlalchemy.engine.Engine:base.py:1904 [no key 0.00008s] ()
INFO     sqlalchemy.engine.Engine:base.py:1899 CREATE UNIQUE INDEX ix_users_auth0_id ON users (auth0_id)
INFO     sqlalchemy.engine.Engine:base.py:1904 [no key 0.00008s] ()
INFO     sqlalchemy.engine.Engine:base.py:1899 CREATE INDEX idx_users_created_at ON users (created_at)
INFO     sqlalchemy.engine.Engine:base.py:1904 [no key 0.00007s] ()
INFO     sqlalchemy.engine.Engine:base.py:1899 CREATE INDEX idx_users_email ON users (email)
INFO     sqlalchemy.engine.Engine:base.py:1904 [no key 0.00007s] ()
INFO     sqlalchemy.engine.Engine:base.py:1899 CREATE INDEX ix_users_invite_token ON users (invite_token)
INFO     sqlalchemy.engine.Engine:base.py:1904 [no key 0.00007s] ()
INFO     sqlalchemy.engine.Engine:base.py:1899 CREATE INDEX idx_users_auth0_id ON users (auth0_id)
INFO     sqlalchemy.engine.Engine:base.py:1904 [no key 0.00009s] ()
INFO     sqlalchemy.engine.Engine:base.py:1899 CREATE INDEX idx_users_invite_token ON users (invite_token)
INFO     sqlalchemy.engine.Engine:base.py:1904 [no key 0.00011s] ()
INFO     sqlalchemy.engine.Engine:base.py:1899 CREATE INDEX ix_users_auth_provider_id ON users (auth_provider_id)
INFO     sqlalchemy.engine.Engine:base.py:1904 [no key 0.00012s] ()
INFO     sqlalchemy.engine.Engine:base.py:1899 CREATE INDEX idx_users_role ON users (role)
INFO     sqlalchemy.engine.Engine:base.py:1904 [no key 0.00008s] ()
INFO     sqlalchemy.engine.Engine:base.py:1899 CREATE INDEX idx_users_auth_provider ON users (auth_provider)
INFO     sqlalchemy.engine.Engine:base.py:1904 [no key 0.00012s] ()
INFO     sqlalchemy.engine.Engine:base.py:1899 
CREATE TABLE ai_history (
	id UUID NOT NULL, 
	user_id UUID NOT NULL, 
	"query" TEXT NOT NULL, 
	preview TEXT NOT NULL, 
	answer TEXT NOT NULL, 
	date DATETIME DEFAULT 'now()' NOT NULL, 
	tags JSON DEFAULT '[]' NOT NULL, 
	category VARCHAR(50), 
	pinned BOOLEAN DEFAULT 'false' NOT NULL, 
	created_at DATETIME DEFAULT 'now()' NOT NULL, 
	updated_at DATETIME DEFAULT 'now()' NOT NULL, 
	PRIMARY KEY (id), 
	FOREIGN KEY(user_id) REFERENCES users (id) ON DELETE CASCADE
)


INFO     sqlalchemy.engine.Engine:base.py:1904 [no key 0.00012s] ()
INFO     sqlalchemy.engine.Engine:base.py:1899 CREATE INDEX idx_ai_history_pinned ON ai_history (pinned)
INFO     sqlalchemy.engine.Engine:base.py:1904 [no key 0.00010s] ()
INFO     sqlalchemy.engine.Engine:base.py:1899 CREATE INDEX ix_ai_history_user_id ON ai_history (user_id)
INFO     sqlalchemy.engine.Engine:base.py:1904 [no key 0.00007s] ()
INFO     sqlalchemy.engine.Engine:base.py:1899 CREATE INDEX ix_ai_history_pinned ON ai_history (pinned)
INFO     sqlalchemy.engine.Engine:base.py:1904 [no key 0.00008s] ()
INFO     sqlalchemy.engine.Engine:base.py:1899 CREATE INDEX idx_ai_history_category ON ai_history (category)
INFO     sqlalchemy.engine.Engine:base.py:1904 [no key 0.00007s] ()
INFO     sqlalchemy.engine.Engine:base.py:1899 CREATE INDEX idx_ai_history_date ON ai_history (date)
INFO     sqlalchemy.engine.Engine:base.py:1904 [no key 0.00007s] ()
INFO     sqlalchemy.engine.Engine:base.py:1899 CREATE INDEX idx_ai_history_user_id ON ai_history (user_id)
INFO     sqlalchemy.engine.Engine:base.py:1904 [no key 0.00007s] ()
INFO     sqlalchemy.engine.Engine:base.py:1899 CREATE INDEX idx_ai_history_user_date ON ai_history (user_id, date)
INFO     sqlalchemy.engine.Engine:base.py:1904 [no key 0.00007s] ()
INFO     sqlalchemy.engine.Engine:base.py:1899 CREATE INDEX ix_ai_history_date ON ai_history (date)
INFO     sqlalchemy.engine.Engine:base.py:1904 [no key 0.00007s] ()
INFO     sqlalchemy.engine.Engine:base.py:1899 
CREATE TABLE chat_messages (
	id UUID NOT NULL, 
	widget_id UUID NOT NULL, 
	type VARCHAR(50) NOT NULL, 
	content TEXT NOT NULL, 
	timestamp DATETIME DEFAULT 'now()' NOT NULL, 
	created_at DATETIME DEFAULT 'now()' NOT NULL, 
	PRIMARY KEY (id), 
	FOREIGN KEY(widget_id) REFERENCES widgets (id) ON DELETE CASCADE
)


INFO     sqlalchemy.engine.Engine:base.py:1904 [no key 0.00008s] ()
INFO     sqlalchemy.engine.Engine:base.py:1899 CREATE INDEX idx_chat_messages_widget_id ON chat_messages (widget_id)
INFO     sqlalchemy.engine.Engine:base.py:1904 [no key 0.00008s] ()
INFO     sqlalchemy.engine.Engine:base.py:1899 CREATE INDEX idx_chat_messages_timestamp ON chat_messages (timestamp)
INFO     sqlalchemy.engine.Engine:base.py:1904 [no key 0.00007s] ()
INFO     sqlalchemy.engine.Engine:base.py:1899 CREATE INDEX ix_chat_messages_timestamp ON chat_messages (timestamp)
INFO     sqlalchemy.engine.Engine:base.py:1904 [no key 0.00007s] ()
INFO     sqlalchemy.engine.Engine:base.py:1899 CREATE INDEX ix_chat_messages_widget_id ON chat_messages (widget_id)
INFO     sqlalchemy.engine.Engine:base.py:1904 [no key 0.00007s] ()
INFO     sqlalchemy.engine.Engine:base.py:1899 
CREATE TABLE ai_responses (
	id UUID NOT NULL, 
	widget_id UUID NOT NULL, 
	content TEXT NOT NULL, 
	timestamp DATETIME DEFAULT 'now()' NOT NULL, 
	is_active BOOLEAN DEFAULT 'true' NOT NULL, 
	created_at DATETIME DEFAULT 'now()' NOT NULL, 
	PRIMARY KEY (id), 
	FOREIGN KEY(widget_id) REFERENCES widgets (id) ON DELETE CASCADE
)


INFO     sqlalchemy.engine.Engine:base.py:1904 [no key 0.00008s] ()
INFO     sqlalchemy.engine.Engine:base.py:1899 CREATE INDEX idx_ai_responses_timestamp ON ai_responses (timestamp)
INFO     sqlalchemy.engine.Engine:base.py:1904 [no key 0.00008s] ()
INFO     sqlalchemy.engine.Engine:base.py:1899 CREATE INDEX idx_ai_responses_widget_id ON ai_responses (widget_id)
INFO     sqlalchemy.engine.Engine:base.py:1904 [no key 0.00008s] ()
INFO     sqlalchemy.engine.Engine:base.py:1899 CREATE INDEX ix_ai_responses_is_active ON ai_responses (is_active)
INFO     sqlalchemy.engine.Engine:base.py:1904 [no key 0.00007s] ()
INFO     sqlalchemy.engine.Engine:base.py:1899 CREATE INDEX ix_ai_responses_widget_id ON ai_responses (widget_id)
INFO     sqlalchemy.engine.Engine:base.py:1904 [no key 0.00008s] ()
INFO     sqlalchemy.engine.Engine:base.py:1899 CREATE INDEX ix_ai_responses_timestamp ON ai_responses (timestamp)
INFO     sqlalchemy.engine.Engine:base.py:1904 [no key 0.00008s] ()
INFO     sqlalchemy.engine.Engine:base.py:1899 CREATE INDEX idx_ai_responses_is_active ON ai_responses (is_active)
INFO     sqlalchemy.engine.Engine:base.py:1904 [no key 0.00008s] ()
INFO     sqlalchemy.engine.Engine:base.py:1899 
CREATE TABLE ai_feedback (
	id UUID NOT NULL, 
	query_id UUID NOT NULL, 
	user_id UUID NOT NULL, 
	rating VARCHAR(10) NOT NULL, 
	comment TEXT, 
	created_at DATETIME DEFAULT 'now()' NOT NULL, 
	updated_at DATETIME DEFAULT 'now()' NOT NULL, 
	PRIMARY KEY (id), 
	CONSTRAINT ck_ai_feedback_rating CHECK (rating IN ('good', 'bad')), 
	CONSTRAINT uq_ai_feedback_query_user UNIQUE (query_id, user_id), 
	FOREIGN KEY(query_id) REFERENCES ai_queries (id) ON DELETE CASCADE, 
	FOREIGN KEY(user_id) REFERENCES users (id) ON DELETE CASCADE
)


INFO     sqlalchemy.engine.Engine:base.py:1904 [no key 0.00008s] ()
INFO     sqlalchemy.engine.Engine:base.py:1899 CREATE INDEX ix_ai_feedback_query_id ON ai_feedback (query_id)
INFO     sqlalchemy.engine.Engine:base.py:1904 [no key 0.00007s] ()
INFO     sqlalchemy.engine.Engine:base.py:1899 CREATE INDEX idx_ai_feedback_user_id ON ai_feedback (user_id)
INFO     sqlalchemy.engine.Engine:base.py:1904 [no key 0.00007s] ()
INFO     sqlalchemy.engine.Engine:base.py:1899 CREATE INDEX idx_ai_feedback_created_at ON ai_feedback (created_at)
INFO     sqlalchemy.engine.Engine:base.py:1904 [no key 0.00007s] ()
INFO     sqlalchemy.engine.Engine:base.py:1899 CREATE INDEX ix_ai_feedback_user_id ON ai_feedback (user_id)
INFO     sqlalchemy.engine.Engine:base.py:1904 [no key 0.00007s] ()
INFO     sqlalchemy.engine.Engine:base.py:1899 CREATE INDEX idx_ai_feedback_query_id ON ai_feedback (query_id)
INFO     sqlalchemy.engine.Engine:base.py:1904 [no key 0.00007s] ()
INFO     sqlalchemy.engine.Engine:base.py:1899 
CREATE TABLE data_connections (
	id UUID NOT NULL, 
	name VARCHAR(255) NOT NULL, 
	connector_id VARCHAR(100) NOT NULL, 
	description TEXT, 
	status VARCHAR(50) DEFAULT 'inactive' NOT NULL, 
	config JSON NOT NULL, 
	sync_frequency VARCHAR(100), 
	last_sync DATETIME, 
	next_sync DATETIME, 
	last_metadata_update DATETIME, 
	error JSON, 
	created_by UUID NOT NULL, 
	created_at DATETIME DEFAULT 'now()' NOT NULL, 
	updated_at DATETIME DEFAULT 'now()' NOT NULL, 
	deleted_at DATETIME, 
	PRIMARY KEY (id), 
	FOREIGN KEY(created_by) REFERENCES users (id) ON DELETE CASCADE
)


INFO     sqlalchemy.engine.Engine:base.py:1904 [no key 0.00009s] ()
INFO     sqlalchemy.engine.Engine:base.py:1899 CREATE INDEX idx_data_connections_status ON data_connections (status)
INFO     sqlalchemy.engine.Engine:base.py:1904 [no key 0.00007s] ()
INFO     sqlalchemy.engine.Engine:base.py:1899 CREATE INDEX ix_data_connections_created_by ON data_connections (created_by)
INFO     sqlalchemy.engine.Engine:base.py:1904 [no key 0.00008s] ()
INFO     sqlalchemy.engine.Engine:base.py:1899 CREATE INDEX idx_data_connections_connector_id ON data_connections (connector_id)
INFO     sqlalchemy.engine.Engine:base.py:1904 [no key 0.00008s] ()
INFO     sqlalchemy.engine.Engine:base.py:1899 CREATE INDEX idx_data_connections_last_sync ON data_connections (last_sync)
INFO     sqlalchemy.engine.Engine:base.py:1904 [no key 0.00007s] ()
INFO     sqlalchemy.engine.Engine:base.py:1899 CREATE INDEX idx_data_connections_created_by ON data_connections (created_by)
INFO     sqlalchemy.engine.Engine:base.py:1904 [no key 0.00009s] ()
INFO     sqlalchemy.engine.Engine:base.py:1899 
CREATE TABLE user_datasets (
	id UUID NOT NULL, 
	user_id UUID NOT NULL, 
	dataset_id VARCHAR(255) NOT NULL, 
	dataset_type VARCHAR(50) NOT NULL, 
	created_at DATETIME DEFAULT 'now()' NOT NULL, 
	PRIMARY KEY (id), 
	CONSTRAINT uq_user_datasets UNIQUE (user_id, dataset_id), 
	FOREIGN KEY(user_id) REFERENCES users (id) ON DELETE CASCADE
)


INFO     sqlalchemy.engine.Engine:base.py:1904 [no key 0.00009s] ()
INFO     sqlalchemy.engine.Engine:base.py:1899 CREATE INDEX ix_user_datasets_user_id ON user_datasets (user_id)
INFO     sqlalchemy.engine.Engine:base.py:1904 [no key 0.00008s] ()
INFO     sqlalchemy.engine.Engine:base.py:1899 CREATE INDEX idx_user_datasets_user_id ON user_datasets (user_id)
INFO     sqlalchemy.engine.Engine:base.py:1904 [no key 0.00007s] ()
INFO     sqlalchemy.engine.Engine:base.py:1899 CREATE INDEX idx_user_datasets_dataset_id ON user_datasets (dataset_id)
INFO     sqlalchemy.engine.Engine:base.py:1904 [no key 0.00016s] ()
INFO     sqlalchemy.engine.Engine:base.py:1899 
CREATE TABLE file_uploads (
	id UUID NOT NULL, 
	user_id UUID NOT NULL, 
	filename VARCHAR(255) NOT NULL, 
	original_name VARCHAR(255) NOT NULL, 
	mime_type VARCHAR(100) NOT NULL, 
	size BIGINT NOT NULL, 
	url TEXT NOT NULL, 
	storage VARCHAR(50) NOT NULL, 
	widget_id UUID, 
	parsed_data JSON, 
	created_at DATETIME DEFAULT 'now()' NOT NULL, 
	updated_at DATETIME DEFAULT 'now()' NOT NULL, 
	PRIMARY KEY (id), 
	FOREIGN KEY(user_id) REFERENCES users (id) ON DELETE CASCADE, 
	FOREIGN KEY(widget_id) REFERENCES widgets (id) ON DELETE SET NULL
)


INFO     sqlalchemy.engine.Engine:base.py:1904 [no key 0.00012s] ()
INFO     sqlalchemy.engine.Engine:base.py:1899 CREATE INDEX ix_file_uploads_mime_type ON file_uploads (mime_type)
INFO     sqlalchemy.engine.Engine:base.py:1904 [no key 0.00009s] ()
INFO     sqlalchemy.engine.Engine:base.py:1899 CREATE INDEX ix_file_uploads_created_at ON file_uploads (created_at)
INFO     sqlalchemy.engine.Engine:base.py:1904 [no key 0.00010s] ()
INFO     sqlalchemy.engine.Engine:base.py:1899 CREATE INDEX idx_file_uploads_user_id ON file_uploads (user_id)
INFO     sqlalchemy.engine.Engine:base.py:1904 [no key 0.00008s] ()
INFO     sqlalchemy.engine.Engine:base.py:1899 CREATE INDEX ix_file_uploads_user_id ON file_uploads (user_id)
INFO     sqlalchemy.engine.Engine:base.py:1904 [no key 0.00008s] ()
INFO     sqlalchemy.engine.Engine:base.py:1899 CREATE INDEX idx_file_uploads_created_at ON file_uploads (created_at)
INFO     sqlalchemy.engine.Engine:base.py:1904 [no key 0.00007s] ()
INFO     sqlalchemy.engine.Engine:base.py:1899 CREATE INDEX idx_file_uploads_mime_type ON file_uploads (mime_type)
INFO     sqlalchemy.engine.Engine:base.py:1904 [no key 0.00007s] ()
INFO     sqlalchemy.engine.Engine:base.py:1899 CREATE INDEX ix_file_uploads_widget_id ON file_uploads (widget_id)
INFO     sqlalchemy.engine.Engine:base.py:1904 [no key 0.00007s] ()
INFO     sqlalchemy.engine.Engine:base.py:1899 CREATE INDEX idx_file_uploads_widget_id ON file_uploads (widget_id)
INFO     sqlalchemy.engine.Engine:base.py:1904 [no key 0.00007s] ()
INFO     sqlalchemy.engine.Engine:base.py:1899 
CREATE TABLE api_keys (
	id UUID NOT NULL, 
	user_id UUID NOT NULL, 
	name VARCHAR(255) NOT NULL, 
	key_hash VARCHAR(255) NOT NULL, 
	key_prefix VARCHAR(20) NOT NULL, 
	permissions JSON, 
	last_used_at DATETIME, 
	expires_at DATETIME, 
	revoked_at DATETIME, 
	created_at DATETIME DEFAULT 'now()' NOT NULL, 
	updated_at DATETIME DEFAULT 'now()' NOT NULL, 
	PRIMARY KEY (id), 
	FOREIGN KEY(user_id) REFERENCES users (id) ON DELETE CASCADE
)


INFO     sqlalchemy.engine.Engine:base.py:1904 [no key 0.00008s] ()
INFO     sqlalchemy.engine.Engine:base.py:1899 CREATE INDEX ix_api_keys_user_id ON api_keys (user_id)
INFO     sqlalchemy.engine.Engine:base.py:1904 [no key 0.00007s] ()
INFO     sqlalchemy.engine.Engine:base.py:1899 CREATE INDEX idx_api_keys_expires_at ON api_keys (expires_at)
INFO     sqlalchemy.engine.Engine:base.py:1904 [no key 0.00007s] ()
INFO     sqlalchemy.engine.Engine:base.py:1899 CREATE INDEX idx_api_keys_user_id ON api_keys (user_id)
INFO     sqlalchemy.engine.Engine:base.py:1904 [no key 0.00007s] ()
INFO     sqlalchemy.engine.Engine:base.py:1899 CREATE INDEX idx_api_keys_key_hash ON api_keys (key_hash)
INFO     sqlalchemy.engine.Engine:base.py:1904 [no key 0.00007s] ()
INFO     sqlalchemy.engine.Engine:base.py:1899 CREATE UNIQUE INDEX ix_api_keys_key_hash ON api_keys (key_hash)
INFO     sqlalchemy.engine.Engine:base.py:1904 [no key 0.00012s] ()
INFO     sqlalchemy.engine.Engine:base.py:1899 
CREATE TABLE integrations (
	id UUID NOT NULL, 
	user_id UUID NOT NULL, 
	name VARCHAR(255) NOT NULL, 
	type VARCHAR(100) NOT NULL, 
	config JSON NOT NULL, 
	enabled VARCHAR(10) DEFAULT 'true' NOT NULL, 
	created_at DATETIME DEFAULT 'now()' NOT NULL, 
	updated_at DATETIME DEFAULT 'now()' NOT NULL, 
	PRIMARY KEY (id), 
	FOREIGN KEY(user_id) REFERENCES users (id) ON DELETE CASCADE
)


INFO     sqlalchemy.engine.Engine:base.py:1904 [no key 0.00013s] ()
INFO     sqlalchemy.engine.Engine:base.py:1899 CREATE INDEX idx_integrations_type ON integrations (type)
INFO     sqlalchemy.engine.Engine:base.py:1904 [no key 0.00009s] ()
INFO     sqlalchemy.engine.Engine:base.py:1899 CREATE INDEX idx_integrations_user_id ON integrations (user_id)
INFO     sqlalchemy.engine.Engine:base.py:1904 [no key 0.00007s] ()
INFO     sqlalchemy.engine.Engine:base.py:1899 CREATE INDEX ix_integrations_user_id ON integrations (user_id)
INFO     sqlalchemy.engine.Engine:base.py:1904 [no key 0.00008s] ()
INFO     sqlalchemy.engine.Engine:base.py:1899 
CREATE TABLE planets (
	id UUID NOT NULL, 
	name VARCHAR(255) NOT NULL, 
	description TEXT, 
	type VARCHAR(50) NOT NULL, 
	color VARCHAR(7) NOT NULL, 
	icon VARCHAR(255), 
	owner_id UUID NOT NULL, 
	is_active BOOLEAN DEFAULT 'false' NOT NULL, 
	last_accessed DATETIME, 
	created_at DATETIME DEFAULT CURRENT_TIMESTAMP NOT NULL, 
	updated_at DATETIME DEFAULT CURRENT_TIMESTAMP NOT NULL, 
	deleted_at DATETIME, 
	PRIMARY KEY (id), 
	FOREIGN KEY(owner_id) REFERENCES users (id) ON DELETE CASCADE
)


INFO     sqlalchemy.engine.Engine:base.py:1904 [no key 0.00008s] ()
INFO     sqlalchemy.engine.Engine:base.py:1899 CREATE INDEX idx_planets_last_accessed ON planets (last_accessed)
INFO     sqlalchemy.engine.Engine:base.py:1904 [no key 0.00007s] ()
INFO     sqlalchemy.engine.Engine:base.py:1899 CREATE INDEX idx_planets_is_active ON planets (is_active)
INFO     sqlalchemy.engine.Engine:base.py:1904 [no key 0.00007s] ()
INFO     sqlalchemy.engine.Engine:base.py:1899 CREATE INDEX idx_planets_type ON planets (type)
INFO     sqlalchemy.engine.Engine:base.py:1904 [no key 0.00008s] ()
INFO     sqlalchemy.engine.Engine:base.py:1899 CREATE INDEX idx_planets_owner_id ON planets (owner_id)
INFO     sqlalchemy.engine.Engine:base.py:1904 [no key 0.00007s] ()
INFO     sqlalchemy.engine.Engine:base.py:1899 
CREATE TABLE spaces (
	id UUID NOT NULL, 
	name VARCHAR(255) NOT NULL, 
	description TEXT, 
	color VARCHAR(7), 
	icon VARCHAR(255), 
	created_by UUID NOT NULL, 
	created_at DATETIME DEFAULT 'now()' NOT NULL, 
	updated_at DATETIME DEFAULT 'now()' NOT NULL, 
	deleted_at DATETIME, 
	PRIMARY KEY (id), 
	FOREIGN KEY(created_by) REFERENCES users (id) ON DELETE CASCADE
)


INFO     sqlalchemy.engine.Engine:base.py:1904 [no key 0.00008s] ()
INFO     sqlalchemy.engine.Engine:base.py:1899 CREATE INDEX idx_spaces_created_by ON spaces (created_by)
INFO     sqlalchemy.engine.Engine:base.py:1904 [no key 0.00008s] ()
INFO     sqlalchemy.engine.Engine:base.py:1899 
CREATE TABLE starred_items (
	id UUID NOT NULL, 
	user_id UUID NOT NULL, 
	item_id UUID NOT NULL, 
	item_type VARCHAR(50) NOT NULL, 
	created_at DATETIME DEFAULT CURRENT_TIMESTAMP NOT NULL, 
	updated_at DATETIME DEFAULT CURRENT_TIMESTAMP NOT NULL, 
	deleted_at DATETIME, 
	PRIMARY KEY (id), 
	FOREIGN KEY(user_id) REFERENCES users (id) ON DELETE CASCADE
)


INFO     sqlalchemy.engine.Engine:base.py:1904 [no key 0.00008s] ()
INFO     sqlalchemy.engine.Engine:base.py:1899 CREATE INDEX idx_starred_items_user_id ON starred_items (user_id)
INFO     sqlalchemy.engine.Engine:base.py:1904 [no key 0.00007s] ()
INFO     sqlalchemy.engine.Engine:base.py:1899 CREATE INDEX idx_starred_items_item ON starred_items (item_id, item_type)
INFO     sqlalchemy.engine.Engine:base.py:1904 [no key 0.00007s] ()
INFO     sqlalchemy.engine.Engine:base.py:1899 
CREATE TABLE refresh_tokens (
	id UUID NOT NULL, 
	user_id UUID NOT NULL, 
	token TEXT NOT NULL, 
	expires_at DATETIME NOT NULL, 
	created_at DATETIME DEFAULT CURRENT_TIMESTAMP NOT NULL, 
	revoked_at DATETIME, 
	PRIMARY KEY (id), 
	FOREIGN KEY(user_id) REFERENCES users (id) ON DELETE CASCADE
)


INFO     sqlalchemy.engine.Engine:base.py:1904 [no key 0.00008s] ()
INFO     sqlalchemy.engine.Engine:base.py:1899 CREATE INDEX idx_refresh_tokens_expires_at ON refresh_tokens (expires_at)
INFO     sqlalchemy.engine.Engine:base.py:1904 [no key 0.00008s] ()
INFO     sqlalchemy.engine.Engine:base.py:1899 CREATE INDEX idx_refresh_tokens_token ON refresh_tokens (token)
INFO     sqlalchemy.engine.Engine:base.py:1904 [no key 0.00009s] ()
INFO     sqlalchemy.engine.Engine:base.py:1899 CREATE INDEX idx_refresh_tokens_user_id ON refresh_tokens (user_id)
INFO     sqlalchemy.engine.Engine:base.py:1904 [no key 0.00013s] ()
INFO     sqlalchemy.engine.Engine:base.py:1899 CREATE INDEX ix_refresh_tokens_user_id ON refresh_tokens (user_id)
INFO     sqlalchemy.engine.Engine:base.py:1904 [no key 0.00012s] ()
INFO     sqlalchemy.engine.Engine:base.py:1899 CREATE UNIQUE INDEX ix_refresh_tokens_token ON refresh_tokens (token)
INFO     sqlalchemy.engine.Engine:base.py:1904 [no key 0.00008s] ()
INFO     sqlalchemy.engine.Engine:base.py:1899 
CREATE TABLE workspaces (
	id UUID NOT NULL, 
	name VARCHAR(255) NOT NULL, 
	description TEXT, 
	type VARCHAR(50) NOT NULL, 
	color VARCHAR(7) NOT NULL, 
	icon VARCHAR(255), 
	owner_id UUID NOT NULL, 
	is_active BOOLEAN DEFAULT 'false' NOT NULL, 
	last_accessed DATETIME, 
	created_at DATETIME DEFAULT 'now()' NOT NULL, 
	updated_at DATETIME DEFAULT 'now()' NOT NULL, 
	deleted_at DATETIME, 
	PRIMARY KEY (id), 
	FOREIGN KEY(owner_id) REFERENCES users (id) ON DELETE CASCADE
)


INFO     sqlalchemy.engine.Engine:base.py:1904 [no key 0.00010s] ()
INFO     sqlalchemy.engine.Engine:base.py:1899 CREATE INDEX idx_workspaces_last_accessed ON workspaces (last_accessed)
INFO     sqlalchemy.engine.Engine:base.py:1904 [no key 0.00007s] ()
INFO     sqlalchemy.engine.Engine:base.py:1899 CREATE INDEX idx_workspaces_is_active ON workspaces (is_active)
INFO     sqlalchemy.engine.Engine:base.py:1904 [no key 0.00008s] ()
INFO     sqlalchemy.engine.Engine:base.py:1899 CREATE INDEX idx_workspaces_type ON workspaces (type)
INFO     sqlalchemy.engine.Engine:base.py:1904 [no key 0.00010s] ()
INFO     sqlalchemy.engine.Engine:base.py:1899 CREATE INDEX idx_workspaces_owner_id ON workspaces (owner_id)
INFO     sqlalchemy.engine.Engine:base.py:1904 [no key 0.00008s] ()
INFO     sqlalchemy.engine.Engine:base.py:1899 
CREATE TABLE connection_metadata (
	id UUID NOT NULL, 
	connection_id UUID NOT NULL, 
	tables JSON, 
	schemas JSON, 
	documents JSON, 
	endpoints JSON, 
	last_metadata_update DATETIME DEFAULT 'now()' NOT NULL, 
	created_at DATETIME DEFAULT 'now()' NOT NULL, 
	updated_at DATETIME DEFAULT 'now()' NOT NULL, 
	PRIMARY KEY (id), 
	FOREIGN KEY(connection_id) REFERENCES data_connections (id) ON DELETE CASCADE
)


INFO     sqlalchemy.engine.Engine:base.py:1904 [no key 0.00009s] ()
INFO     sqlalchemy.engine.Engine:base.py:1899 CREATE INDEX idx_connection_metadata_connection_id ON connection_metadata (connection_id)
INFO     sqlalchemy.engine.Engine:base.py:1904 [no key 0.00008s] ()
INFO     sqlalchemy.engine.Engine:base.py:1899 CREATE UNIQUE INDEX ix_connection_metadata_connection_id ON connection_metadata (connection_id)
INFO     sqlalchemy.engine.Engine:base.py:1904 [no key 0.00007s] ()
INFO     sqlalchemy.engine.Engine:base.py:1899 
CREATE TABLE crews (
	id UUID NOT NULL, 
	name VARCHAR(255) NOT NULL, 
	description TEXT, 
	space_id UUID NOT NULL, 
	created_by UUID NOT NULL, 
	created_at DATETIME DEFAULT 'now()' NOT NULL, 
	updated_at DATETIME DEFAULT 'now()' NOT NULL, 
	deleted_at DATETIME, 
	PRIMARY KEY (id), 
	FOREIGN KEY(space_id) REFERENCES spaces (id) ON DELETE CASCADE, 
	FOREIGN KEY(created_by) REFERENCES users (id) ON DELETE CASCADE
)


INFO     sqlalchemy.engine.Engine:base.py:1904 [no key 0.00009s] ()
INFO     sqlalchemy.engine.Engine:base.py:1899 CREATE INDEX idx_crews_space_id ON crews (space_id)
INFO     sqlalchemy.engine.Engine:base.py:1904 [no key 0.00009s] ()
INFO     sqlalchemy.engine.Engine:base.py:1899 CREATE INDEX idx_crews_created_by ON crews (created_by)
INFO     sqlalchemy.engine.Engine:base.py:1904 [no key 0.00011s] ()
INFO     sqlalchemy.engine.Engine:base.py:1899 CREATE INDEX ix_crews_space_id ON crews (space_id)
INFO     sqlalchemy.engine.Engine:base.py:1904 [no key 0.00011s] ()
INFO     sqlalchemy.engine.Engine:base.py:1899 
CREATE TABLE dashboards (
	id UUID NOT NULL, 
	name VARCHAR(255) NOT NULL, 
	description TEXT, 
	planet_id UUID NOT NULL, 
	template_id UUID, 
	canvas_settings JSON, 
	is_locked BOOLEAN DEFAULT 'false' NOT NULL, 
	created_by UUID, 
	created_at DATETIME DEFAULT CURRENT_TIMESTAMP NOT NULL, 
	updated_at DATETIME DEFAULT CURRENT_TIMESTAMP NOT NULL, 
	deleted_at DATETIME, 
	PRIMARY KEY (id), 
	FOREIGN KEY(planet_id) REFERENCES planets (id) ON DELETE CASCADE, 
	FOREIGN KEY(template_id) REFERENCES templates (id) ON DELETE SET NULL, 
	FOREIGN KEY(created_by) REFERENCES users (id) ON DELETE SET NULL
)


INFO     sqlalchemy.engine.Engine:base.py:1904 [no key 0.00009s] ()
INFO     sqlalchemy.engine.Engine:base.py:1899 CREATE INDEX idx_dashboards_planet_id ON dashboards (planet_id)
INFO     sqlalchemy.engine.Engine:base.py:1904 [no key 0.00011s] ()
INFO     sqlalchemy.engine.Engine:base.py:1899 CREATE INDEX ix_dashboards_planet_id ON dashboards (planet_id)
INFO     sqlalchemy.engine.Engine:base.py:1904 [no key 0.00011s] ()
INFO     sqlalchemy.engine.Engine:base.py:1899 CREATE INDEX idx_dashboards_created_by ON dashboards (created_by)
INFO     sqlalchemy.engine.Engine:base.py:1904 [no key 0.00008s] ()
INFO     sqlalchemy.engine.Engine:base.py:1899 CREATE INDEX idx_dashboards_created_at ON dashboards (created_at)
INFO     sqlalchemy.engine.Engine:base.py:1904 [no key 0.00008s] ()
INFO     sqlalchemy.engine.Engine:base.py:1899 
CREATE TABLE sync_logs (
	id UUID NOT NULL, 
	connection_id UUID NOT NULL, 
	status VARCHAR(50) NOT NULL, 
	records_synced INTEGER, 
	duration INTEGER, 
	error TEXT, 
	started_at DATETIME DEFAULT 'now()' NOT NULL, 
	completed_at DATETIME, 
	created_at DATETIME DEFAULT 'now()' NOT NULL, 
	PRIMARY KEY (id), 
	FOREIGN KEY(connection_id) REFERENCES data_connections (id) ON DELETE CASCADE
)


INFO     sqlalchemy.engine.Engine:base.py:1904 [no key 0.00008s] ()
INFO     sqlalchemy.engine.Engine:base.py:1899 CREATE INDEX idx_sync_logs_status ON sync_logs (status)
INFO     sqlalchemy.engine.Engine:base.py:1904 [no key 0.00007s] ()
INFO     sqlalchemy.engine.Engine:base.py:1899 CREATE INDEX idx_sync_logs_started_at ON sync_logs (started_at)
INFO     sqlalchemy.engine.Engine:base.py:1904 [no key 0.00009s] ()
INFO     sqlalchemy.engine.Engine:base.py:1899 CREATE INDEX ix_sync_logs_started_at ON sync_logs (started_at)
INFO     sqlalchemy.engine.Engine:base.py:1904 [no key 0.00007s] ()
INFO     sqlalchemy.engine.Engine:base.py:1899 CREATE INDEX idx_sync_logs_connection_id ON sync_logs (connection_id)
INFO     sqlalchemy.engine.Engine:base.py:1904 [no key 0.00008s] ()
INFO     sqlalchemy.engine.Engine:base.py:1899 CREATE INDEX ix_sync_logs_connection_id ON sync_logs (connection_id)
INFO     sqlalchemy.engine.Engine:base.py:1904 [no key 0.00008s] ()
INFO     sqlalchemy.engine.Engine:base.py:1899 
CREATE TABLE planet_members (
	id UUID NOT NULL, 
	planet_id UUID NOT NULL, 
	user_id UUID NOT NULL, 
	role VARCHAR(50) NOT NULL, 
	joined_at DATETIME DEFAULT CURRENT_TIMESTAMP NOT NULL, 
	created_at DATETIME DEFAULT CURRENT_TIMESTAMP NOT NULL, 
	PRIMARY KEY (id), 
	FOREIGN KEY(planet_id) REFERENCES planets (id) ON DELETE CASCADE, 
	FOREIGN KEY(user_id) REFERENCES users (id) ON DELETE CASCADE
)


INFO     sqlalchemy.engine.Engine:base.py:1904 [no key 0.00008s] ()
INFO     sqlalchemy.engine.Engine:base.py:1899 CREATE UNIQUE INDEX idx_planet_members_planet_user ON planet_members (planet_id, user_id)
INFO     sqlalchemy.engine.Engine:base.py:1904 [no key 0.00008s] ()
INFO     sqlalchemy.engine.Engine:base.py:1899 CREATE INDEX ix_planet_members_user_id ON planet_members (user_id)
INFO     sqlalchemy.engine.Engine:base.py:1904 [no key 0.00008s] ()
INFO     sqlalchemy.engine.Engine:base.py:1899 CREATE INDEX ix_planet_members_planet_id ON planet_members (planet_id)
INFO     sqlalchemy.engine.Engine:base.py:1904 [no key 0.00009s] ()
INFO     sqlalchemy.engine.Engine:base.py:1899 
CREATE TABLE space_connections (
	space_id UUID NOT NULL, 
	connection_id UUID NOT NULL, 
	PRIMARY KEY (space_id, connection_id), 
	FOREIGN KEY(space_id) REFERENCES spaces (id) ON DELETE CASCADE, 
	FOREIGN KEY(connection_id) REFERENCES data_connections (id) ON DELETE CASCADE
)


INFO     sqlalchemy.engine.Engine:base.py:1904 [no key 0.00008s] ()
INFO     sqlalchemy.engine.Engine:base.py:1899 CREATE INDEX ix_space_connections_connection_id ON space_connections (connection_id)
INFO     sqlalchemy.engine.Engine:base.py:1904 [no key 0.00007s] ()
INFO     sqlalchemy.engine.Engine:base.py:1899 CREATE INDEX ix_space_connections_space_id ON space_connections (space_id)
INFO     sqlalchemy.engine.Engine:base.py:1904 [no key 0.00008s] ()
INFO     sqlalchemy.engine.Engine:base.py:1899 CREATE INDEX idx_space_connections_connection_id ON space_connections (connection_id)
INFO     sqlalchemy.engine.Engine:base.py:1904 [no key 0.00008s] ()
INFO     sqlalchemy.engine.Engine:base.py:1899 CREATE INDEX idx_space_connections_space_id ON space_connections (space_id)
INFO     sqlalchemy.engine.Engine:base.py:1904 [no key 0.00007s] ()
INFO     sqlalchemy.engine.Engine:base.py:1899 
CREATE TABLE space_members (
	id UUID NOT NULL, 
	space_id UUID NOT NULL, 
	user_id UUID NOT NULL, 
	created_at DATETIME DEFAULT 'now()' NOT NULL, 
	PRIMARY KEY (id), 
	FOREIGN KEY(space_id) REFERENCES spaces (id) ON DELETE CASCADE, 
	FOREIGN KEY(user_id) REFERENCES users (id) ON DELETE CASCADE
)


INFO     sqlalchemy.engine.Engine:base.py:1904 [no key 0.00008s] ()
INFO     sqlalchemy.engine.Engine:base.py:1899 CREATE INDEX ix_space_members_user_id ON space_members (user_id)
INFO     sqlalchemy.engine.Engine:base.py:1904 [no key 0.00010s] ()
INFO     sqlalchemy.engine.Engine:base.py:1899 CREATE UNIQUE INDEX idx_space_members_space_user ON space_members (space_id, user_id)
INFO     sqlalchemy.engine.Engine:base.py:1904 [no key 0.00010s] ()
INFO     sqlalchemy.engine.Engine:base.py:1899 CREATE INDEX ix_space_members_space_id ON space_members (space_id)
INFO     sqlalchemy.engine.Engine:base.py:1904 [no key 0.00008s] ()
INFO     sqlalchemy.engine.Engine:base.py:1899 
CREATE TABLE workspace_members (
	id UUID NOT NULL, 
	workspace_id UUID NOT NULL, 
	user_id UUID NOT NULL, 
	role VARCHAR(50) NOT NULL, 
	joined_at DATETIME DEFAULT 'now()' NOT NULL, 
	created_at DATETIME DEFAULT 'now()' NOT NULL, 
	PRIMARY KEY (id), 
	FOREIGN KEY(workspace_id) REFERENCES workspaces (id) ON DELETE CASCADE, 
	FOREIGN KEY(user_id) REFERENCES users (id) ON DELETE CASCADE
)


INFO     sqlalchemy.engine.Engine:base.py:1904 [no key 0.00012s] ()
INFO     sqlalchemy.engine.Engine:base.py:1899 CREATE INDEX ix_workspace_members_user_id ON workspace_members (user_id)
INFO     sqlalchemy.engine.Engine:base.py:1904 [no key 0.00010s] ()
INFO     sqlalchemy.engine.Engine:base.py:1899 CREATE UNIQUE INDEX idx_workspace_members_workspace_user ON workspace_members (workspace_id, user_id)
INFO     sqlalchemy.engine.Engine:base.py:1904 [no key 0.00012s] ()
INFO     sqlalchemy.engine.Engine:base.py:1899 CREATE INDEX ix_workspace_members_workspace_id ON workspace_members (workspace_id)
INFO     sqlalchemy.engine.Engine:base.py:1904 [no key 0.00008s] ()
INFO     sqlalchemy.engine.Engine:base.py:1899 
CREATE TABLE notifications (
	id UUID NOT NULL, 
	user_id UUID NOT NULL, 
	space_id UUID, 
	type VARCHAR(50) NOT NULL, 
	title VARCHAR(255) NOT NULL, 
	description TEXT, 
	entity_type VARCHAR(50), 
	entity_id UUID, 
	deep_link VARCHAR(500), 
	is_read BOOLEAN NOT NULL, 
	read_at DATETIME, 
	created_at DATETIME DEFAULT CURRENT_TIMESTAMP NOT NULL, 
	updated_at DATETIME DEFAULT CURRENT_TIMESTAMP NOT NULL, 
	PRIMARY KEY (id), 
	FOREIGN KEY(user_id) REFERENCES users (id) ON DELETE CASCADE, 
	FOREIGN KEY(space_id) REFERENCES spaces (id) ON DELETE CASCADE
)


INFO     sqlalchemy.engine.Engine:base.py:1904 [no key 0.00009s] ()
INFO     sqlalchemy.engine.Engine:base.py:1899 CREATE INDEX ix_notifications_user_id ON notifications (user_id)
INFO     sqlalchemy.engine.Engine:base.py:1904 [no key 0.00011s] ()
INFO     sqlalchemy.engine.Engine:base.py:1899 CREATE INDEX ix_notifications_space_id ON notifications (space_id)
INFO     sqlalchemy.engine.Engine:base.py:1904 [no key 0.00009s] ()
INFO     sqlalchemy.engine.Engine:base.py:1899 CREATE INDEX ix_notifications_is_read ON notifications (is_read)
INFO     sqlalchemy.engine.Engine:base.py:1904 [no key 0.00007s] ()
INFO     sqlalchemy.engine.Engine:base.py:1899 
CREATE TABLE crew_members (
	id UUID NOT NULL, 
	crew_id UUID NOT NULL, 
	user_id UUID NOT NULL, 
	role VARCHAR(50) NOT NULL, 
	joined_at DATETIME DEFAULT 'now()' NOT NULL, 
	created_at DATETIME DEFAULT 'now()' NOT NULL, 
	PRIMARY KEY (id), 
	CONSTRAINT uq_crew_members_crew_user UNIQUE (crew_id, user_id), 
	FOREIGN KEY(crew_id) REFERENCES crews (id) ON DELETE CASCADE, 
	FOREIGN KEY(user_id) REFERENCES users (id) ON DELETE CASCADE
)


INFO     sqlalchemy.engine.Engine:base.py:1904 [no key 0.00008s] ()
INFO     sqlalchemy.engine.Engine:base.py:1899 CREATE INDEX idx_crew_members_user_id ON crew_members (user_id)
INFO     sqlalchemy.engine.Engine:base.py:1904 [no key 0.00009s] ()
INFO     sqlalchemy.engine.Engine:base.py:1899 CREATE INDEX idx_crew_members_crew_id ON crew_members (crew_id)
INFO     sqlalchemy.engine.Engine:base.py:1904 [no key 0.00014s] ()
INFO     sqlalchemy.engine.Engine:base.py:1899 CREATE INDEX ix_crew_members_user_id ON crew_members (user_id)
INFO     sqlalchemy.engine.Engine:base.py:1904 [no key 0.00012s] ()
INFO     sqlalchemy.engine.Engine:base.py:1899 CREATE INDEX ix_crew_members_crew_id ON crew_members (crew_id)
INFO     sqlalchemy.engine.Engine:base.py:1904 [no key 0.00009s] ()
INFO     sqlalchemy.engine.Engine:base.py:1899 
CREATE TABLE crew_connections (
	crew_id UUID NOT NULL, 
	connection_id UUID NOT NULL, 
	PRIMARY KEY (crew_id, connection_id), 
	FOREIGN KEY(crew_id) REFERENCES crews (id) ON DELETE CASCADE, 
	FOREIGN KEY(connection_id) REFERENCES data_connections (id) ON DELETE CASCADE
)


INFO     sqlalchemy.engine.Engine:base.py:1904 [no key 0.00012s] ()
INFO     sqlalchemy.engine.Engine:base.py:1899 CREATE INDEX idx_crew_connections_crew_id ON crew_connections (crew_id)
INFO     sqlalchemy.engine.Engine:base.py:1904 [no key 0.00008s] ()
INFO     sqlalchemy.engine.Engine:base.py:1899 CREATE INDEX idx_crew_connections_connection_id ON crew_connections (connection_id)
INFO     sqlalchemy.engine.Engine:base.py:1904 [no key 0.00009s] ()
INFO     sqlalchemy.engine.Engine:base.py:1899 CREATE INDEX ix_crew_connections_connection_id ON crew_connections (connection_id)
INFO     sqlalchemy.engine.Engine:base.py:1904 [no key 0.00008s] ()
INFO     sqlalchemy.engine.Engine:base.py:1899 CREATE INDEX ix_crew_connections_crew_id ON crew_connections (crew_id)
INFO     sqlalchemy.engine.Engine:base.py:1904 [no key 0.00007s] ()
INFO     sqlalchemy.engine.Engine:base.py:1899 
CREATE TABLE widget_connections (
	id UUID NOT NULL, 
	dashboard_id UUID NOT NULL, 
	from_widget_id UUID NOT NULL, 
	to_widget_id UUID NOT NULL, 
	from_anchor VARCHAR(10) NOT NULL, 
	to_anchor VARCHAR(10) NOT NULL, 
	created_at DATETIME DEFAULT CURRENT_TIMESTAMP NOT NULL, 
	PRIMARY KEY (id), 
	FOREIGN KEY(dashboard_id) REFERENCES dashboards (id) ON DELETE CASCADE, 
	FOREIGN KEY(from_widget_id) REFERENCES widgets (id) ON DELETE CASCADE, 
	FOREIGN KEY(to_widget_id) REFERENCES widgets (id) ON DELETE CASCADE
)


INFO     sqlalchemy.engine.Engine:base.py:1904 [no key 0.00009s] ()
INFO     sqlalchemy.engine.Engine:base.py:1899 CREATE INDEX ix_widget_connections_dashboard_id ON widget_connections (dashboard_id)
INFO     sqlalchemy.engine.Engine:base.py:1904 [no key 0.00008s] ()
INFO     sqlalchemy.engine.Engine:base.py:1899 CREATE INDEX idx_widget_connections_from_to ON widget_connections (from_widget_id, to_widget_id)
INFO     sqlalchemy.engine.Engine:base.py:1904 [no key 0.00008s] ()
INFO     sqlalchemy.engine.Engine:base.py:1899 CREATE INDEX idx_widget_connections_dashboard_id ON widget_connections (dashboard_id)
INFO     sqlalchemy.engine.Engine:base.py:1904 [no key 0.00009s] ()
INFO     sqlalchemy.engine.Engine:base.py:1899 
CREATE TABLE dashboard_build_jobs (
	id UUID NOT NULL, 
	user_id UUID NOT NULL, 
	planet_id UUID NOT NULL, 
	space_id UUID, 
	connection_id UUID, 
	goal VARCHAR(255) NOT NULL, 
	language VARCHAR(8) DEFAULT 'en' NOT NULL, 
	max_widgets INTEGER DEFAULT '8' NOT NULL, 
	status VARCHAR(20) DEFAULT 'queued' NOT NULL, 
	total_widgets INTEGER DEFAULT '0' NOT NULL, 
	completed_widgets INTEGER DEFAULT '0' NOT NULL, 
	dashboard_id UUID, 
	created_widget_ids JSON, 
	"plan" JSON, 
	error TEXT, 
	created_at DATETIME DEFAULT 'now()' NOT NULL, 
	updated_at DATETIME DEFAULT 'now()' NOT NULL, 
	started_at DATETIME, 
	finished_at DATETIME, 
	PRIMARY KEY (id), 
	FOREIGN KEY(user_id) REFERENCES users (id) ON DELETE CASCADE, 
	FOREIGN KEY(planet_id) REFERENCES planets (id) ON DELETE CASCADE, 
	FOREIGN KEY(space_id) REFERENCES spaces (id) ON DELETE SET NULL, 
	FOREIGN KEY(connection_id) REFERENCES data_connections (id) ON DELETE SET NULL, 
	FOREIGN KEY(dashboard_id) REFERENCES dashboards (id) ON DELETE SET NULL
)


INFO     sqlalchemy.engine.Engine:base.py:1904 [no key 0.00010s] ()
INFO     sqlalchemy.engine.Engine:base.py:1899 CREATE INDEX ix_dashboard_build_jobs_status ON dashboard_build_jobs (status)
INFO     sqlalchemy.engine.Engine:base.py:1904 [no key 0.00008s] ()
INFO     sqlalchemy.engine.Engine:base.py:1899 CREATE INDEX ix_dashboard_build_jobs_connection_id ON dashboard_build_jobs (connection_id)
INFO     sqlalchemy.engine.Engine:base.py:1904 [no key 0.00008s] ()
INFO     sqlalchemy.engine.Engine:base.py:1899 CREATE INDEX ix_dashboard_build_jobs_dashboard_id ON dashboard_build_jobs (dashboard_id)
INFO     sqlalchemy.engine.Engine:base.py:1904 [no key 0.00007s] ()
INFO     sqlalchemy.engine.Engine:base.py:1899 CREATE INDEX idx_dashboard_build_jobs_user_status ON dashboard_build_jobs (user_id, status)
INFO     sqlalchemy.engine.Engine:base.py:1904 [no key 0.00008s] ()
INFO     sqlalchemy.engine.Engine:base.py:1899 CREATE INDEX ix_dashboard_build_jobs_space_id ON dashboard_build_jobs (space_id)
INFO     sqlalchemy.engine.Engine:base.py:1904 [no key 0.00009s] ()
INFO     sqlalchemy.engine.Engine:base.py:1899 CREATE INDEX idx_dashboard_build_jobs_created_at ON dashboard_build_jobs (created_at)
INFO     sqlalchemy.engine.Engine:base.py:1904 [no key 0.00008s] ()
INFO     sqlalchemy.engine.Engine:base.py:1899 CREATE INDEX ix_dashboard_build_jobs_user_id ON dashboard_build_jobs (user_id)
INFO     sqlalchemy.engine.Engine:base.py:1904 [no key 0.00008s] ()
INFO     sqlalchemy.engine.Engine:base.py:1899 CREATE INDEX ix_dashboard_build_jobs_planet_id ON dashboard_build_jobs (planet_id)
INFO     sqlalchemy.engine.Engine:base.py:1904 [no key 0.00007s] ()
INFO     sqlalchemy.engine.Engine:base.py:1899 
CREATE TABLE connection_permissions (
	id UUID NOT NULL, 
	connection_id UUID NOT NULL, 
	space_id UUID, 
	crew_id UUID, 
	access_level VARCHAR(50) NOT NULL, 
	table_access JSON, 
	created_at DATETIME DEFAULT 'now()' NOT NULL, 
	updated_at DATETIME DEFAULT 'now()' NOT NULL, 
	PRIMARY KEY (id), 
	CONSTRAINT uq_connection_permissions UNIQUE (connection_id, space_id, crew_id), 
	FOREIGN KEY(connection_id) REFERENCES data_connections (id) ON DELETE CASCADE, 
	FOREIGN KEY(space_id) REFERENCES spaces (id) ON DELETE CASCADE, 
	FOREIGN KEY(crew_id) REFERENCES crews (id) ON DELETE CASCADE
)


INFO     sqlalchemy.engine.Engine:base.py:1904 [no key 0.00011s] ()
INFO     sqlalchemy.engine.Engine:base.py:1899 CREATE INDEX idx_connection_permissions_connection_id ON connection_permissions (connection_id)
INFO     sqlalchemy.engine.Engine:base.py:1904 [no key 0.00011s] ()
INFO     sqlalchemy.engine.Engine:base.py:1899 CREATE INDEX idx_connection_permissions_space_id ON connection_permissions (space_id)
INFO     sqlalchemy.engine.Engine:base.py:1904 [no key 0.00007s] ()
INFO     sqlalchemy.engine.Engine:base.py:1899 CREATE INDEX ix_connection_permissions_space_id ON connection_permissions (space_id)
INFO     sqlalchemy.engine.Engine:base.py:1904 [no key 0.00008s] ()
INFO     sqlalchemy.engine.Engine:base.py:1899 CREATE INDEX idx_connection_permissions_crew_id ON connection_permissions (crew_id)
INFO     sqlalchemy.engine.Engine:base.py:1904 [no key 0.00007s] ()
INFO     sqlalchemy.engine.Engine:base.py:1899 CREATE INDEX ix_connection_permissions_connection_id ON connection_permissions (connection_id)
INFO     sqlalchemy.engine.Engine:base.py:1904 [no key 0.00007s] ()
INFO     sqlalchemy.engine.Engine:base.py:1899 CREATE INDEX ix_connection_permissions_crew_id ON connection_permissions (crew_id)
INFO     sqlalchemy.engine.Engine:base.py:1904 [no key 0.00008s] ()
INFO     sqlalchemy.engine.Engine:base.py:1899 
CREATE TABLE comments (
	id UUID NOT NULL, 
	user_id UUID NOT NULL, 
	dashboard_id UUID NOT NULL, 
	widget_id UUID, 
	content TEXT NOT NULL, 
	mentions JSON NOT NULL, 
	created_at DATETIME DEFAULT CURRENT_TIMESTAMP NOT NULL, 
	updated_at DATETIME DEFAULT CURRENT_TIMESTAMP NOT NULL, 
	PRIMARY KEY (id), 
	FOREIGN KEY(user_id) REFERENCES users (id) ON DELETE CASCADE, 
	FOREIGN KEY(dashboard_id) REFERENCES dashboards (id) ON DELETE CASCADE, 
	FOREIGN KEY(widget_id) REFERENCES widgets (id) ON DELETE CASCADE
)


INFO     sqlalchemy.engine.Engine:base.py:1904 [no key 0.00009s] ()
INFO     sqlalchemy.engine.Engine:base.py:1899 CREATE INDEX ix_comments_user_id ON comments (user_id)
INFO     sqlalchemy.engine.Engine:base.py:1904 [no key 0.00008s] ()
INFO     sqlalchemy.engine.Engine:base.py:1899 CREATE INDEX ix_comments_widget_id ON comments (widget_id)
INFO     sqlalchemy.engine.Engine:base.py:1904 [no key 0.00010s] ()
INFO     sqlalchemy.engine.Engine:base.py:1899 CREATE INDEX ix_comments_dashboard_id ON comments (dashboard_id)
INFO     sqlalchemy.engine.Engine:base.py:1904 [no key 0.00008s] ()
INFO     sqlalchemy.engine.Engine:base.py:1899 
CREATE TABLE table_member_permissions (
	id UUID NOT NULL, 
	connection_id UUID NOT NULL, 
	table_name VARCHAR(255) NOT NULL, 
	crew_id UUID NOT NULL, 
	member_id UUID NOT NULL, 
	has_access VARCHAR(10) DEFAULT 'true' NOT NULL, 
	created_at DATETIME DEFAULT 'now()' NOT NULL, 
	updated_at DATETIME DEFAULT 'now()' NOT NULL, 
	PRIMARY KEY (id), 
	CONSTRAINT uq_table_member_permissions UNIQUE (connection_id, table_name, member_id), 
	FOREIGN KEY(connection_id) REFERENCES data_connections (id) ON DELETE CASCADE, 
	FOREIGN KEY(crew_id) REFERENCES crews (id) ON DELETE CASCADE, 
	FOREIGN KEY(member_id) REFERENCES crew_members (id) ON DELETE CASCADE
)


INFO     sqlalchemy.engine.Engine:base.py:1904 [no key 0.00009s] ()
INFO     sqlalchemy.engine.Engine:base.py:1899 CREATE INDEX idx_table_member_permissions_crew_id ON table_member_permissions (crew_id)
INFO     sqlalchemy.engine.Engine:base.py:1904 [no key 0.00009s] ()
INFO     sqlalchemy.engine.Engine:base.py:1899 CREATE INDEX ix_table_member_permissions_connection_id ON table_member_permissions (connection_id)
INFO     sqlalchemy.engine.Engine:base.py:1904 [no key 0.00007s] ()
INFO     sqlalchemy.engine.Engine:base.py:1899 CREATE INDEX idx_table_member_permissions_member_id ON table_member_permissions (member_id)
INFO     sqlalchemy.engine.Engine:base.py:1904 [no key 0.00007s] ()
INFO     sqlalchemy.engine.Engine:base.py:1899 CREATE INDEX ix_table_member_permissions_crew_id ON table_member_permissions (crew_id)
INFO     sqlalchemy.engine.Engine:base.py:1904 [no key 0.00008s] ()
INFO     sqlalchemy.engine.Engine:base.py:1899 CREATE INDEX ix_table_member_permissions_member_id ON table_member_permissions (member_id)
INFO     sqlalchemy.engine.Engine:base.py:1904 [no key 0.00009s] ()
INFO     sqlalchemy.engine.Engine:base.py:1899 CREATE INDEX idx_table_member_permissions_connection_id ON table_member_permissions (connection_id)
INFO     sqlalchemy.engine.Engine:base.py:1904 [no key 0.00008s] ()
INFO     sqlalchemy.engine.Engine:base.py:1899 CREATE INDEX idx_table_member_permissions_table_name ON table_member_permissions (table_name)
INFO     sqlalchemy.engine.Engine:base.py:1904 [no key 0.00008s] ()
INFO     sqlalchemy.engine.Engine:base.py:1142 COMMIT
ERROR    src.config.redis:redis.py:129 Failed to connect to Redis: Redis URL must specify one of the following schemes (redis://, rediss://, unix://). Continuing without Redis (OK for local development)
ERROR    src.config.database:database.py:216 Error logging connection stats: 'StaticPool' object has no attribute 'size'
INFO     src.main:main.py:45 Application started successfully
----------------------------- Captured stdout call -----------------------------
{"asctime": "2026-01-15 13:06:27,978", "levelname": "INFO", "name": "src.api.middleware.auth", "message": "\ud83d\ude80 AUTH MIDDLEWARE START - Path: /api/v1/comments/, Method: POST"}
{"asctime": "2026-01-15 13:06:27,978", "levelname": "INFO", "name": "src.api.middleware.auth", "message": "\ud83d\udd10 Auth middleware executing for path: /api/v1/comments/"}
{"asctime": "2026-01-15 13:06:27,978", "levelname": "INFO", "name": "src.api.middleware.auth", "message": "\ud83d\udd0d All headers: {'host': 'testserver', 'accept': '*/*', 'accept-encoding': 'gzip, deflate', 'connection': 'keep-alive', 'user-agent': 'testclient', 'authorization': 'Bearer eyJhbGciOiJIUzI1NiIsInR5cCI6IkpXVCJ9.eyJzdWIiOiJhOGIzNTFjYy1hNjJiLTQ3MjItYTdlOC0zNjM1NGExMzg5NmEiLCJlbWFpbCI6InV3aGl0ZUBleGFtcGxlLm5ldCIsInJvbGUiOiJhZG1pbiIsImV4cCI6MTc2ODQ4NDE4NywidHlwZSI6ImFjY2VzcyJ9.znmuu665jPNxf4MRHnyjLuNCPHuXTynfqZ7hLI5ZmoQ', 'content-length': '136', 'content-type': 'application/json'}"}
{"asctime": "2026-01-15 13:06:27,978", "levelname": "INFO", "name": "src.api.middleware.auth", "message": "\ud83d\udd0d Authorization header value: Bearer eyJhbGciOiJIUzI1NiIsInR5cCI6IkpXVCJ9.eyJzdWIiOiJhOGIzNTFjYy1hNjJiLTQ3MjItYTdlOC0zNjM1NGExMzg5NmEiLCJlbWFpbCI6InV3aGl0ZUBleGFtcGxlLm5ldCIsInJvbGUiOiJhZG1pbiIsImV4cCI6MTc2ODQ4NDE4NywidHlwZSI6ImFjY2VzcyJ9.znmuu665jPNxf4MRHnyjLuNCPHuXTynfqZ7hLI5ZmoQ"}
{"asctime": "2026-01-15 13:06:27,978", "levelname": "INFO", "name": "src.api.middleware.auth", "message": "\ud83d\udd11 Authorization header found for path: /api/v1/comments/, value: Bearer eyJhbGciOiJIUzI1NiIsInR5cCI6IkpXVCJ9.eyJzdW..."}
{"asctime": "2026-01-15 13:06:27,978", "levelname": "INFO", "name": "src.api.middleware.auth", "message": "\u2705 Auth successful (custom JWT) - user_id: a8b351cc-a62b-4722-a7e8-36354a13896a, path: /api/v1/comments/"}
{"asctime": "2026-01-15 13:06:27,979", "levelname": "ERROR", "name": "src.config.redis", "message": "Failed to connect to Redis: Redis URL must specify one of the following schemes (redis://, rediss://, unix://). Continuing without Redis (OK for local development)"}
{"asctime": "2026-01-15 13:06:27,979", "levelname": "INFO", "name": "src.api.middleware.logging", "message": "Request: POST /api/v1/comments/", "method": "POST", "path": "/api/v1/comments/", "client": null}
{"asctime": "2026-01-15 13:06:27,981", "levelname": "INFO", "name": "src.api.middleware.logging", "message": "Response: POST /api/v1/comments/ - 307 - 0.002s", "method": "POST", "path": "/api/v1/comments/", "status_code": 307, "duration": 0.0015480518341064453}
{"asctime": "2026-01-15 13:06:27,983", "levelname": "INFO", "name": "httpx", "message": "HTTP Request: POST http://testserver/api/v1/comments/ \"HTTP/1.1 307 Temporary Redirect\""}
{"asctime": "2026-01-15 13:06:27,983", "levelname": "INFO", "name": "src.api.middleware.auth", "message": "\ud83d\ude80 AUTH MIDDLEWARE START - Path: /api/v1/comments, Method: POST"}
{"asctime": "2026-01-15 13:06:27,984", "levelname": "INFO", "name": "src.api.middleware.auth", "message": "\ud83d\udd10 Auth middleware executing for path: /api/v1/comments"}
{"asctime": "2026-01-15 13:06:27,984", "levelname": "INFO", "name": "src.api.middleware.auth", "message": "\ud83d\udd0d All headers: {'host': 'testserver', 'accept': '*/*', 'accept-encoding': 'gzip, deflate', 'connection': 'keep-alive', 'user-agent': 'testclient', 'authorization': 'Bearer eyJhbGciOiJIUzI1NiIsInR5cCI6IkpXVCJ9.eyJzdWIiOiJhOGIzNTFjYy1hNjJiLTQ3MjItYTdlOC0zNjM1NGExMzg5NmEiLCJlbWFpbCI6InV3aGl0ZUBleGFtcGxlLm5ldCIsInJvbGUiOiJhZG1pbiIsImV4cCI6MTc2ODQ4NDE4NywidHlwZSI6ImFjY2VzcyJ9.znmuu665jPNxf4MRHnyjLuNCPHuXTynfqZ7hLI5ZmoQ', 'content-length': '136', 'content-type': 'application/json'}"}
{"asctime": "2026-01-15 13:06:27,984", "levelname": "INFO", "name": "src.api.middleware.auth", "message": "\ud83d\udd0d Authorization header value: Bearer eyJhbGciOiJIUzI1NiIsInR5cCI6IkpXVCJ9.eyJzdWIiOiJhOGIzNTFjYy1hNjJiLTQ3MjItYTdlOC0zNjM1NGExMzg5NmEiLCJlbWFpbCI6InV3aGl0ZUBleGFtcGxlLm5ldCIsInJvbGUiOiJhZG1pbiIsImV4cCI6MTc2ODQ4NDE4NywidHlwZSI6ImFjY2VzcyJ9.znmuu665jPNxf4MRHnyjLuNCPHuXTynfqZ7hLI5ZmoQ"}
{"asctime": "2026-01-15 13:06:27,984", "levelname": "INFO", "name": "src.api.middleware.auth", "message": "\ud83d\udd11 Authorization header found for path: /api/v1/comments, value: Bearer eyJhbGciOiJIUzI1NiIsInR5cCI6IkpXVCJ9.eyJzdW..."}
{"asctime": "2026-01-15 13:06:27,984", "levelname": "INFO", "name": "src.api.middleware.auth", "message": "\u2705 Auth successful (custom JWT) - user_id: a8b351cc-a62b-4722-a7e8-36354a13896a, path: /api/v1/comments"}
{"asctime": "2026-01-15 13:06:27,984", "levelname": "ERROR", "name": "src.config.redis", "message": "Failed to connect to Redis: Redis URL must specify one of the following schemes (redis://, rediss://, unix://). Continuing without Redis (OK for local development)"}
{"asctime": "2026-01-15 13:06:27,984", "levelname": "INFO", "name": "src.api.middleware.logging", "message": "Request: POST /api/v1/comments", "method": "POST", "path": "/api/v1/comments", "client": null}
{"asctime": "2026-01-15 13:06:27,990", "levelname": "INFO", "name": "src.api.middleware.logging", "message": "Response: POST /api/v1/comments - 201 - 0.006s", "method": "POST", "path": "/api/v1/comments", "status_code": 201, "duration": 0.006224870681762695}
{"asctime": "2026-01-15 13:06:27,992", "levelname": "INFO", "name": "httpx", "message": "HTTP Request: POST http://testserver/api/v1/comments \"HTTP/1.1 201 Created\""}
------------------------------ Captured log call -------------------------------
INFO     src.api.middleware.auth:auth.py:29 🚀 AUTH MIDDLEWARE START - Path: /api/v1/comments/, Method: POST
INFO     src.api.middleware.auth:auth.py:66 🔐 Auth middleware executing for path: /api/v1/comments/
INFO     src.api.middleware.auth:auth.py:81 🔍 All headers: {'host': 'testserver', 'accept': '*/*', 'accept-encoding': 'gzip, deflate', 'connection': 'keep-alive', 'user-agent': 'testclient', 'authorization': 'Bearer eyJhbGciOiJIUzI1NiIsInR5cCI6IkpXVCJ9.eyJzdWIiOiJhOGIzNTFjYy1hNjJiLTQ3MjItYTdlOC0zNjM1NGExMzg5NmEiLCJlbWFpbCI6InV3aGl0ZUBleGFtcGxlLm5ldCIsInJvbGUiOiJhZG1pbiIsImV4cCI6MTc2ODQ4NDE4NywidHlwZSI6ImFjY2VzcyJ9.znmuu665jPNxf4MRHnyjLuNCPHuXTynfqZ7hLI5ZmoQ', 'content-length': '136', 'content-type': 'application/json'}
INFO     src.api.middleware.auth:auth.py:82 🔍 Authorization header value: Bearer eyJhbGciOiJIUzI1NiIsInR5cCI6IkpXVCJ9.eyJzdWIiOiJhOGIzNTFjYy1hNjJiLTQ3MjItYTdlOC0zNjM1NGExMzg5NmEiLCJlbWFpbCI6InV3aGl0ZUBleGFtcGxlLm5ldCIsInJvbGUiOiJhZG1pbiIsImV4cCI6MTc2ODQ4NDE4NywidHlwZSI6ImFjY2VzcyJ9.znmuu665jPNxf4MRHnyjLuNCPHuXTynfqZ7hLI5ZmoQ
INFO     src.api.middleware.auth:auth.py:98 🔑 Authorization header found for path: /api/v1/comments/, value: Bearer eyJhbGciOiJIUzI1NiIsInR5cCI6IkpXVCJ9.eyJzdW...
INFO     src.api.middleware.auth:auth.py:144 ✅ Auth successful (custom JWT) - user_id: a8b351cc-a62b-4722-a7e8-36354a13896a, path: /api/v1/comments/
ERROR    src.config.redis:redis.py:129 Failed to connect to Redis: Redis URL must specify one of the following schemes (redis://, rediss://, unix://). Continuing without Redis (OK for local development)
INFO     src.api.middleware.logging:logging.py:26 Request: POST /api/v1/comments/
INFO     src.api.middleware.logging:logging.py:43 Response: POST /api/v1/comments/ - 307 - 0.002s
INFO     httpx:_client.py:1027 HTTP Request: POST http://testserver/api/v1/comments/ "HTTP/1.1 307 Temporary Redirect"
INFO     src.api.middleware.auth:auth.py:29 🚀 AUTH MIDDLEWARE START - Path: /api/v1/comments, Method: POST
INFO     src.api.middleware.auth:auth.py:66 🔐 Auth middleware executing for path: /api/v1/comments
INFO     src.api.middleware.auth:auth.py:81 🔍 All headers: {'host': 'testserver', 'accept': '*/*', 'accept-encoding': 'gzip, deflate', 'connection': 'keep-alive', 'user-agent': 'testclient', 'authorization': 'Bearer eyJhbGciOiJIUzI1NiIsInR5cCI6IkpXVCJ9.eyJzdWIiOiJhOGIzNTFjYy1hNjJiLTQ3MjItYTdlOC0zNjM1NGExMzg5NmEiLCJlbWFpbCI6InV3aGl0ZUBleGFtcGxlLm5ldCIsInJvbGUiOiJhZG1pbiIsImV4cCI6MTc2ODQ4NDE4NywidHlwZSI6ImFjY2VzcyJ9.znmuu665jPNxf4MRHnyjLuNCPHuXTynfqZ7hLI5ZmoQ', 'content-length': '136', 'content-type': 'application/json'}
INFO     src.api.middleware.auth:auth.py:82 🔍 Authorization header value: Bearer eyJhbGciOiJIUzI1NiIsInR5cCI6IkpXVCJ9.eyJzdWIiOiJhOGIzNTFjYy1hNjJiLTQ3MjItYTdlOC0zNjM1NGExMzg5NmEiLCJlbWFpbCI6InV3aGl0ZUBleGFtcGxlLm5ldCIsInJvbGUiOiJhZG1pbiIsImV4cCI6MTc2ODQ4NDE4NywidHlwZSI6ImFjY2VzcyJ9.znmuu665jPNxf4MRHnyjLuNCPHuXTynfqZ7hLI5ZmoQ
INFO     src.api.middleware.auth:auth.py:98 🔑 Authorization header found for path: /api/v1/comments, value: Bearer eyJhbGciOiJIUzI1NiIsInR5cCI6IkpXVCJ9.eyJzdW...
INFO     src.api.middleware.auth:auth.py:144 ✅ Auth successful (custom JWT) - user_id: a8b351cc-a62b-4722-a7e8-36354a13896a, path: /api/v1/comments
ERROR    src.config.redis:redis.py:129 Failed to connect to Redis: Redis URL must specify one of the following schemes (redis://, rediss://, unix://). Continuing without Redis (OK for local development)
INFO     src.api.middleware.logging:logging.py:26 Request: POST /api/v1/comments
INFO     src.api.middleware.logging:logging.py:43 Response: POST /api/v1/comments - 201 - 0.006s
INFO     httpx:_client.py:1027 HTTP Request: POST http://testserver/api/v1/comments "HTTP/1.1 201 Created"
--------------------------- Captured stdout teardown ---------------------------
{"asctime": "2026-01-15 13:06:28,031", "levelname": "INFO", "name": "src.main", "message": "Shutting down application..."}
{"asctime": "2026-01-15 13:06:28,032", "levelname": "INFO", "name": "src.main", "message": "Application shut down successfully"}
---------------------------- Captured log teardown -----------------------------
INFO     src.main:main.py:50 Shutting down application...
INFO     src.main:main.py:53 Application shut down successfully
=============================== warnings summary ===============================
venv/lib/python3.9/site-packages/pythonjsonlogger/jsonlogger.py:11
  /Users/thedatafirst/Desktop/Repositorios/sky-poc-backend/venv/lib/python3.9/site-packages/pythonjsonlogger/jsonlogger.py:11: DeprecationWarning: pythonjsonlogger.jsonlogger has been moved to pythonjsonlogger.json
    warnings.warn(

src/schemas/workspace.py:35
  /Users/thedatafirst/Desktop/Repositorios/sky-poc-backend/src/schemas/workspace.py:35: PydanticDeprecatedSince20: Support for class-based `config` is deprecated, use ConfigDict instead. Deprecated in Pydantic V2.0 to be removed in V3.0. See Pydantic V2 Migration Guide at https://errors.pydantic.dev/2.12/migration/
    class WorkspaceResponse(WorkspaceBase):

src/schemas/workspace.py:61
  /Users/thedatafirst/Desktop/Repositorios/sky-poc-backend/src/schemas/workspace.py:61: PydanticDeprecatedSince20: Support for class-based `config` is deprecated, use ConfigDict instead. Deprecated in Pydantic V2.0 to be removed in V3.0. See Pydantic V2 Migration Guide at https://errors.pydantic.dev/2.12/migration/
    class WorkspaceMemberResponse(WorkspaceMemberBase):

src/tests/test_notification_api_comprehensive.py::TestCommentAPI::test_create_comment_and_trigger_notification
  sys:1: SAWarning: Can't sort tables for DROP; an unresolvable foreign key dependency exists between tables: ai_queries, pipelines, widgets; and backend does not support ALTER.  To restore at least a partial sort, apply use_alter=True to ForeignKey and ForeignKeyConstraint objects involved in the cycle to mark these as known cycles that will be ignored.

-- Docs: https://docs.pytest.org/en/stable/how-to/capture-warnings.html

---------- coverage: platform darwin, python 3.9.6-final-0 -----------
Name                                               Stmts   Miss  Cover   Missing
--------------------------------------------------------------------------------
src/__init__.py                                        1      0   100%
src/ai/__init__.py                                     0      0   100%
src/ai/http_client.py                                136    121    11%   23-24, 52-78, 99-112, 128-146, 160-174, 192-214, 239-274, 307-331, 356-395
src/ai/mock.py                                        16     10    38%   21-26, 42-43, 58-59
src/ai/real_service.py                                51     40    22%   22, 56-155, 173-177, 201-208, 226-275
src/api/__init__.py                                    0      0   100%
src/api/deps.py                                      102     78    24%   63-121, 126-164, 167-170, 176-179, 189-190
src/api/middleware/__init__.py                         0      0   100%
src/api/middleware/auth.py                            95     53    44%   34, 59-60, 63-64, 78, 85-96, 105-116, 122-126, 135-136, 149-187
src/api/middleware/cors.py                             5      0   100%
src/api/middleware/error_handler.py                   88     76    14%   39-50, 67-177
src/api/middleware/logging.py                         17      4    76%   54-68
src/api/middleware/rate_limit.py                      60     42    30%   27, 31, 35, 41, 49-118
src/api/v1/__init__.py                                 0      0   100%
src/api/v1/ai.py                                     184    129    30%   78-134, 162-275, 327-328, 363-364, 398-399, 426-427, 454-456, 483-484, 511-512, 536-539, 570-571, 598-612, 639-641, 668-669, 696-700, 727-729, 756-758, 785-786, 808-870
src/api/v1/auth.py                                   136     88    35%   69-70, 95-106, 130-132, 157-158, 181, 199-214, 244, 274, 304, 327, 358-370, 402-404, 435-454, 493-543, 581-603
src/api/v1/comments.py                                17      2    88%   35-36
src/api/v1/connections.py                            107     61    43%   39-41, 74-75, 104-105, 132-136, 163-184, 213-217, 244-245, 272-273, 300-301, 328-330, 357-358, 385-386, 413-414, 435-442, 475-483, 522-537
src/api/v1/connectors.py                              21      6    71%   39-40, 67-68, 93-94
src/api/v1/crews.py                                   55     26    53%   54-55, 82-83, 114-115, 144-145, 172-182, 209-210, 243-244, 273-275, 306-310
src/api/v1/dashboards.py                             273    220    19%   74-77, 106-109, 136-139, 168-171, 198-202, 229-232, 261-264, 295-299, 328-333, 360-361, 377-468, 494-719, 743-809, 831-843, 882-883, 910-911, 938-939
src/api/v1/datasets.py                                26     12    54%   50-59, 86-87
src/api/v1/files.py                                   39     15    62%   49-50, 77-78, 105-106, 135-136, 165-166, 193-194, 221-223
src/api/v1/notifications.py                           28     11    61%   26-27, 38-40, 49-51, 61-64
src/api/v1/permissions.py                             78     42    46%   53-54, 87-97, 126-127, 154-156, 183-184, 211-212, 239-240, 269-281, 312-313, 342-343, 372-374, 399-400, 429-430
src/api/v1/planets.py                                 79     40    49%   54-64, 91-92, 119-120, 149-150, 177-179, 206-207, 236-237, 266-268, 299-300, 332-337, 366-367, 395-402, 430-433
src/api/v1/router.py                                  22      0   100%
src/api/v1/settings.py                                68     30    56%   53-54, 81-82, 107-108, 133-134, 159-160, 185-186, 211-212, 237-238, 265-266, 293-295, 320-321, 348-349, 378-379, 406-408
src/api/v1/spaces.py                                  69     34    51%   53-54, 81-82, 109-123, 152-166, 193-205, 232-234, 261-263, 292-293, 326-327, 356-358, 385-386
src/api/v1/starred.py                                 18      5    72%   41-42, 71-73
src/api/v1/templates.py                               39     15    62%   56-57, 91-92, 119-120, 149-150, 177-179, 204-205, 234-235
src/api/v1/users.py                                   48     22    54%   51-52, 79-80, 107-108, 137-138, 165-167, 194-200, 229-237, 266-268
src/api/v1/widgets.py                                 37     16    57%   48-49, 76-78, 105-106, 133-135, 162-164, 191-193
src/api/v1/workspaces.py                              66     32    52%   53-63, 90-91, 118-119, 148-149, 176-178, 205-206, 235-236, 265-267, 298-299, 333-338, 367-368
src/config/__init__.py                                 4      0   100%
src/config/auth0.py                                   70     21    70%   108, 118, 123, 133, 143-145, 150, 155, 160-162, 167-169, 174-176, 181-183
src/config/database.py                                56     26    54%   23, 64-73, 88, 98, 123, 136-201, 208
src/config/redis.py                                   58     37    36%   41-113, 139-140
src/config/settings.py                               146     32    78%   41, 75-81, 84-118, 290, 295, 300-321
src/connectors/__init__.py                             0      0   100%
src/connectors/base.py                                11      0   100%
src/connectors/bigquery.py                            76     64    16%   16-25, 30-53, 64-72, 84-92, 114-171, 177-184, 192-193
src/connectors/mysql.py                               11     11     0%   3-31
src/connectors/postgresql.py                          21     21     0%   3-53
src/connectors/registry.py                            18      8    56%   15, 19, 23, 27, 62-65
src/core/__init__.py                                   4      0   100%
src/core/exceptions.py                                26     10    62%   8-10, 17, 24, 31, 38, 45, 52, 59
src/core/permissions.py                               19     14    26%   58-66, 85-97
src/core/security.py                                  51     20    61%   39, 55, 109, 112-117, 135-151
src/main.py                                          140     69    51%   52-53, 105-111, 117-123, 129-135, 141-147, 153-159, 165-171, 177-183, 189-195, 209-241, 251-253, 264, 270, 279-282, 291-348, 354, 365-367
src/models/__init__.py                                17      0   100%
src/models/ai.py                                     108     14    87%   76, 118, 160, 177-184, 213, 243, 287
src/models/comment.py                                 21      1    95%   56
src/models/connection.py                              57     11    81%   76, 111, 126-130, 143-146
src/models/crew.py                                    44      3    93%   52, 88, 119
src/models/dashboard.py                               61      3    95%   61, 117, 159
src/models/dashboard_build_job.py                     27      0   100%
src/models/dataset.py                                 16      1    94%   38
src/models/file.py                                    40      2    95%   58, 91
src/models/notification.py                            34      1    97%   71
src/models/permission.py                              79      5    94%   60, 115, 155, 191, 215
src/models/planet.py                                  38      2    95%   52, 95
src/models/space.py                                   43      3    93%   47, 78, 115
src/models/starred.py                                 18      1    94%   46
src/models/template.py                                24      1    96%   46
src/models/user.py                                    50      2    96%   87, 121
src/models/workspace.py                               38      2    95%   53, 92
src/rate_limit/__init__.py                             0      0   100%
src/rate_limit/core.py                                79     42    47%   42-51, 77, 80, 94-95, 98, 118-119, 131-138, 143-187, 202-205, 222-223
src/repositories/__init__.py                           2      0   100%
src/repositories/base.py                              77     44    43%   38-39, 60-76, 88-98, 120, 122, 124, 126, 130-132, 152-159, 171-186, 198-199
src/repositories/connection.py                        28     15    46%   17, 34-47, 59-62, 69, 81-84
src/repositories/crew.py                              46     28    39%   17, 31-38, 50-53, 66-67, 88-107, 114, 126-133, 146-149, 162-172, 181-190
src/repositories/dashboard.py                         28     11    61%   18, 34-42, 54-62, 69, 85-92, 99, 111-119
src/repositories/dataset.py                           15      5    67%   17, 32-37, 49-52
src/repositories/file.py                               6      1    83%   13
src/repositories/permission.py                        55     34    38%   17, 29-32, 44-47, 59-62, 78-93, 100, 115-130, 142-145, 161-168, 175, 187-188, 197-198
src/repositories/planet.py                            36     20    44%   18, 32-39, 52-74, 87-105, 112, 127-133, 145-150
src/repositories/settings.py                          21      8    62%   17, 31-38, 45, 61-68, 81-86
src/repositories/space.py                             33     14    58%   20, 34-41, 53-56, 68-71, 83-92, 99, 112-118, 130-135
src/repositories/starred.py                           28     17    39%   17, 33-41, 56-67, 87-101
src/repositories/template.py                          29     18    38%   16, 32-40, 56-63, 76-81, 90-93
src/repositories/user.py                              28     11    61%   30-33, 45-50, 63, 75-78, 91-98, 111-118
src/repositories/workspace.py                         36     20    44%   18, 34-41, 54-76, 89-107, 114, 129-135, 147-152
src/schemas/__init__.py                                3      0   100%
src/schemas/ai.py                                    154      0   100%
src/schemas/comment.py                                17      0   100%
src/schemas/common.py                                 25      2    92%   40-41
src/schemas/connection.py                             63      0   100%
src/schemas/connector.py                              26      0   100%
src/schemas/crew.py                                   34      0   100%
src/schemas/dashboard.py                              88      0   100%
src/schemas/dashboard_ai.py                           98     18    82%   42-52, 86-98, 138-147
src/schemas/file.py                                   45      0   100%
src/schemas/notification.py                           25      0   100%
src/schemas/permission.py                             59      0   100%
src/schemas/planet.py                                 42      0   100%
src/schemas/settings.py                               62      0   100%
src/schemas/space.py                                  43      9    79%   24-34
src/schemas/template.py                               39      0   100%
src/schemas/user.py                                   87      0   100%
src/schemas/workspace.py                              43      0   100%
src/services/__init__.py                               0      0   100%
src/services/ai_service.py                           480    438     9%   52-61, 73-90, 99-134, 149-191, 210-241, 254-278, 292-662, 677-835, 860-901, 913-917, 933-964, 979-983, 999-1003, 1016-1021, 1037-1045, 1061-1069, 1081-1102, 1118-1137, 1149-1190, 1212-1221, 1237-1238, 1253, 1274-1316
src/services/auth0_service.py                        248    222    10%   30-33, 45-60, 76-92, 108-138, 152-166, 196-248, 271-294, 303, 320-348, 364-435, 451-520, 536-610, 622-647
src/services/auth_service.py                         111     91    18%   38, 69-70, 86-105, 121-159, 181-228, 246-255, 271-318, 331-338, 347-354, 369-373
src/services/cache_warming_service.py                 78     78     0%   6-167
src/services/comment_service.py                       27      8    70%   35-56, 60-66
src/services/connection_service.py                   159    134    16%   38-40, 63-72, 89-97, 116-145, 165-178, 192-226, 243-283, 300-349, 366-386, 407-408, 425-426, 443-450, 475-498
src/services/connector_service.py                     32     21    34%   21, 34-765, 774-780, 795-801, 810-816, 828
src/services/crew_service.py                         134    114    15%   33-36, 53-59, 76-85, 103-120, 138-161, 175-214, 233-261, 282-317, 332-346, 367-397
src/services/dashboard_service.py                    165    133    19%   38-42, 62-97, 113-119, 136-137, 156-186, 199-206, 223-242, 258-262, 275-276, 296-308, 321-326, 343-351, 367-387, 403-407, 434-438, 457-467, 486-498, 526-588, 604-614, 630-640
src/services/dataset_service.py                       44     31    30%   27-29, 43-84, 96
src/services/file_upload_service.py                  147    117    20%   44-47, 59-60, 75-76, 92-113, 130-155, 177-214, 236-289, 316-343, 368-395, 420-429, 443-460
src/services/invite_service.py                        98     79    19%   30-31, 45-54, 79-108, 124-153, 181-214, 232-286
src/services/notification_service.py                  48     31    35%   23-36, 42-49, 53-61, 65-79, 83-90, 94-99
src/services/onboarding_service.py                    17     12    29%   16-54
src/services/permission_service.py                   175    149    15%   43-50, 69-78, 99-159, 179-193, 207-217, 235-236, 254-255, 273-297, 319-359, 379-415, 435-449, 463-473, 489-493, 514-537
src/services/planet_service.py                       127    106    17%   32-34, 47-67, 84-94, 106-107, 127-142, 156-165, 182-207, 227-250, 265-284, 301-312, 333-359
src/services/rbac_service.py                         101     75    26%   116-120, 131-148, 162-170, 181-194, 197-212, 215-228, 234-258
src/services/settings_service.py                      90     60    33%   44-50, 64, 84-85, 98, 115, 132, 151-155, 174-178, 197-198, 212-230, 252-260, 272-273, 288-299, 319-334, 348-356
src/services/space_service.py                        165    142    14%   33-37, 51-108, 125-133, 146-157, 177-189, 203-229, 246-254, 271-279, 296-307, 328-349, 364-381, 408-455
src/services/starred_service.py                       32     20    38%   23-24, 39-50, 65-76, 89-90, 111-112
src/services/template_service.py                      74     55    26%   33-36, 61-70, 86-90, 107-114, 134-147, 161-170, 182-183, 203-239
src/services/user_service.py                          92     71    23%   28-29, 48-52, 70-77, 94-117, 138-162, 177-188, 206-213, 233-249, 269-278
src/services/workspace_service.py                    127    106    17%   32-34, 49-69, 86-96, 108-109, 129-144, 158-167, 184-209, 229-254, 269-288, 307-318, 339-365
src/tests/__init__.py                                  0      0   100%
src/tests/conftest.py                                 81      9    89%   71, 142-143, 153, 159, 165, 172-173, 179
src/tests/test_ai_feedback.py                         59     59     0%   3-112
src/tests/test_ai_worker_unit.py                     120    120     0%   1-260
src/tests/test_all_endpoints.py                     1376   1376     0%   29-2445
src/tests/test_auth_endpoints.py                     128    128     0%   3-327
src/tests/test_auth_middleware.py                     79     79     0%   3-173
src/tests/test_auth_service.py                       138    138     0%   3-280
src/tests/test_cache_and_workers.py                   41     41     0%   1-70
src/tests/test_cache_warming_candidates.py            36     36     0%   1-110
src/tests/test_coverage_boost.py                     244    244     0%   1-396
src/tests/test_error_handler_and_connectors.py       114    114     0%   1-197
src/tests/test_notification_api_comprehensive.py      90     51    43%   23-40, 43-58, 61-79, 82-97, 137, 140-170
src/tests/test_notifications.py                       75     75     0%   1-152
src/tests/test_rate_limit_tenant_key.py               14     14     0%   1-67
src/tests/test_security.py                           157    157     0%   3-301
src/utils/__init__.py                                  0      0   100%
src/utils/cache.py                                    54     29    46%   27-28, 40-44, 54-55, 68-72, 85-88, 100, 106, 111, 116, 121, 126-128, 137-140
src/workers/__init__.py                                0      0   100%
src/workers/ai_worker.py                             276    276     0%   3-575
src/workers/cache_warming_worker.py                   69     69     0%   6-159
src/workers/celery_app.py                             54     54     0%   3-132
src/workers/sync_worker.py                            19     19     0%   3-47
--------------------------------------------------------------------------------
TOTAL                                              10902   7313    33%
Coverage HTML written to dir htmlcov

FAIL Required test coverage of 65% not reached. Total coverage: 32.92%
=========================== short test summary info ============================
FAILED src/tests/test_notification_api_comprehensive.py::TestCommentAPI::test_create_comment_and_trigger_notification
======================== 1 failed, 4 warnings in 4.55s =========================
